Archive member included to satisfy reference by file (symbol)

../RansacSoftware_bsp//newlib/nios2-elf/lib\libm.a(lib_a-s_atan.o)
                              obj/default/ransac.o (atan)
../RansacSoftware_bsp//newlib/nios2-elf/lib\libm.a(lib_a-s_fabs.o)
                              ../RansacSoftware_bsp//newlib/nios2-elf/lib\libm.a(lib_a-s_atan.o) (fabs)
c:/intelfpga_lite/18.1/nios2eds/bin/gnu/h-x86_64-mingw32/bin/../lib/gcc/nios2-elf/5.3.0/mno-hw-mul\libgcc.a(lib2-divmod.o)
                              obj/default/ransac.o (__divsi3)
c:/intelfpga_lite/18.1/nios2eds/bin/gnu/h-x86_64-mingw32/bin/../lib/gcc/nios2-elf/5.3.0/mno-hw-mul\libgcc.a(lib2-mul.o)
                              obj/default/ransac.o (__mulsi3)
c:/intelfpga_lite/18.1/nios2eds/bin/gnu/h-x86_64-mingw32/bin/../lib/gcc/nios2-elf/5.3.0/mno-hw-mul\libgcc.a(adddf3.o)
                              obj/default/ransac.o (__adddf3)
c:/intelfpga_lite/18.1/nios2eds/bin/gnu/h-x86_64-mingw32/bin/../lib/gcc/nios2-elf/5.3.0/mno-hw-mul\libgcc.a(divdf3.o)
                              ../RansacSoftware_bsp//newlib/nios2-elf/lib\libm.a(lib_a-s_atan.o) (__divdf3)
c:/intelfpga_lite/18.1/nios2eds/bin/gnu/h-x86_64-mingw32/bin/../lib/gcc/nios2-elf/5.3.0/mno-hw-mul\libgcc.a(gedf2.o)
                              obj/default/main.o (__gtdf2)
c:/intelfpga_lite/18.1/nios2eds/bin/gnu/h-x86_64-mingw32/bin/../lib/gcc/nios2-elf/5.3.0/mno-hw-mul\libgcc.a(ledf2.o)
                              obj/default/main.o (__ltdf2)
c:/intelfpga_lite/18.1/nios2eds/bin/gnu/h-x86_64-mingw32/bin/../lib/gcc/nios2-elf/5.3.0/mno-hw-mul\libgcc.a(muldf3.o)
                              obj/default/ransac.o (__muldf3)
c:/intelfpga_lite/18.1/nios2eds/bin/gnu/h-x86_64-mingw32/bin/../lib/gcc/nios2-elf/5.3.0/mno-hw-mul\libgcc.a(subdf3.o)
                              ../RansacSoftware_bsp//newlib/nios2-elf/lib\libm.a(lib_a-s_atan.o) (__subdf3)
c:/intelfpga_lite/18.1/nios2eds/bin/gnu/h-x86_64-mingw32/bin/../lib/gcc/nios2-elf/5.3.0/mno-hw-mul\libgcc.a(fixdfsi.o)
                              obj/default/ransac.o (__fixdfsi)
c:/intelfpga_lite/18.1/nios2eds/bin/gnu/h-x86_64-mingw32/bin/../lib/gcc/nios2-elf/5.3.0/mno-hw-mul\libgcc.a(floatsidf.o)
                              obj/default/ransac.o (__floatsidf)
c:/intelfpga_lite/18.1/nios2eds/bin/gnu/h-x86_64-mingw32/bin/../lib/gcc/nios2-elf/5.3.0/mno-hw-mul\libgcc.a(extendsfdf2.o)
                              obj/default/main.o (__extendsfdf2)
c:/intelfpga_lite/18.1/nios2eds/bin/gnu/h-x86_64-mingw32/bin/../lib/gcc/nios2-elf/5.3.0/mno-hw-mul\libgcc.a(truncdfsf2.o)
                              obj/default/ransac.o (__truncdfsf2)
c:/intelfpga_lite/18.1/nios2eds/bin/gnu/h-x86_64-mingw32/bin/../lib/gcc/nios2-elf/5.3.0/mno-hw-mul\libgcc.a(_clzsi2.o)
                              c:/intelfpga_lite/18.1/nios2eds/bin/gnu/h-x86_64-mingw32/bin/../lib/gcc/nios2-elf/5.3.0/mno-hw-mul\libgcc.a(adddf3.o) (__clzsi2)
c:/intelfpga_lite/18.1/nios2eds/bin/gnu/h-x86_64-mingw32/bin/../lib/gcc/nios2-elf/5.3.0/mno-hw-mul\libgcc.a(_clz.o)
                              c:/intelfpga_lite/18.1/nios2eds/bin/gnu/h-x86_64-mingw32/bin/../lib/gcc/nios2-elf/5.3.0/mno-hw-mul\libgcc.a(_clzsi2.o) (__clz_tab)
../RansacSoftware_bsp//newlib/nios2-elf/lib\libc.a(lib_a-exit.o)
                              obj/default/main.o (exit)
../RansacSoftware_bsp//newlib/nios2-elf/lib\libc.a(lib_a-fclose.o)
                              obj/default/main.o (fclose)
../RansacSoftware_bsp//newlib/nios2-elf/lib\libc.a(lib_a-fflush.o)
                              ../RansacSoftware_bsp//newlib/nios2-elf/lib\libc.a(lib_a-fclose.o) (__sflush_r)
../RansacSoftware_bsp//newlib/nios2-elf/lib\libc.a(lib_a-findfp.o)
                              ../RansacSoftware_bsp//newlib/nios2-elf/lib\libc.a(lib_a-fclose.o) (__sfp_lock_acquire)
../RansacSoftware_bsp//newlib/nios2-elf/lib\libc.a(lib_a-fopen.o)
                              obj/default/main.o (fopen)
../RansacSoftware_bsp//newlib/nios2-elf/lib\libc.a(lib_a-fprintf.o)
                              obj/default/main.o (fprintf)
../RansacSoftware_bsp//newlib/nios2-elf/lib\libc.a(lib_a-fputc.o)
                              obj/default/main.o (fputc)
../RansacSoftware_bsp//newlib/nios2-elf/lib\libc.a(lib_a-freer.o)
                              ../RansacSoftware_bsp//newlib/nios2-elf/lib\libc.a(lib_a-fclose.o) (_free_r)
../RansacSoftware_bsp//newlib/nios2-elf/lib\libc.a(lib_a-fscanf.o)
                              obj/default/main.o (fscanf)
../RansacSoftware_bsp//newlib/nios2-elf/lib\libc.a(lib_a-fseek.o)
                              ../RansacSoftware_bsp//newlib/nios2-elf/lib\libc.a(lib_a-fopen.o) (_fseek_r)
../RansacSoftware_bsp//newlib/nios2-elf/lib\libc.a(lib_a-fseeko.o)
                              ../RansacSoftware_bsp//newlib/nios2-elf/lib\libc.a(lib_a-fseek.o) (_fseeko_r)
../RansacSoftware_bsp//newlib/nios2-elf/lib\libc.a(lib_a-fstatr.o)
                              ../RansacSoftware_bsp//newlib/nios2-elf/lib\libc.a(lib_a-fseeko.o) (_fstat_r)
[...]
Memory Configuration

Name             Origin             Length             Attributes
MemoriaDados     0x0000000000000000 0x0000000000010000
reset            0x0000000000080000 0x0000000000000020
MemoriaPrograma  0x0000000000080020 0x0000000000031fe0
*default*        0x0000000000000000 0xffffffffffffffff

Linker script and memory map

LOAD ../RansacSoftware_bsp//obj/HAL/src/crt0.o
LOAD obj/default/main.o
LOAD obj/default/ransac.o
LOAD c:/intelfpga_lite/18.1/nios2eds/bin/gnu/h-x86_64-mingw32/bin/../lib/gcc/nios2-elf/5.3.0/../../../../../H-x86_64-mingw32/nios2-elf/lib/mno-hw-mul\libstdc++.a
LOAD ../RansacSoftware_bsp//newlib/nios2-elf/lib\libm.a
LOAD c:/intelfpga_lite/18.1/nios2eds/bin/gnu/h-x86_64-mingw32/bin/../lib/gcc/nios2-elf/5.3.0/mno-hw-mul\libgcc.a
START GROUP
LOAD ../RansacSoftware_bsp//newlib/nios2-elf/lib\libc.a
LOAD c:/intelfpga_lite/18.1/nios2eds/bin/gnu/h-x86_64-mingw32/bin/../lib/gcc/nios2-elf/5.3.0/mno-hw-mul\libgcc.a
LOAD ../RansacSoftware_bsp/\libhal_bsp.a
LOAD ../RansacSoftware_bsp//newlib/nios2-elf/lib\libm.a
END GROUP
LOAD c:/intelfpga_lite/18.1/nios2eds/bin/gnu/h-x86_64-mingw32/bin/../lib/gcc/nios2-elf/5.3.0/mno-hw-mul\libgcc.a
                0x0000000000000000                __alt_mem_MemoriaDados = 0x0
                0x0000000000080000                __alt_mem_MemoriaPrograma = 0x80000

.entry          0x0000000000080000       0x20
 *(.entry)
 .entry         0x0000000000080000       0x20 ../RansacSoftware_bsp//obj/HAL/src/crt0.o
                0x0000000000080000                __reset

.exceptions     0x0000000000080020      0x210
                0x0000000000080020                PROVIDE (__ram_exceptions_start, ABSOLUTE (.))
                0x0000000000080020                . = ALIGN (0x20)
 *(.irq)
 *(.exceptions.entry.label)
 .exceptions.entry.label
                0x0000000000080020        0x0 ../RansacSoftware_bsp/\libhal_bsp.a(alt_irq_entry.o)
                0x0000000000080020                alt_irq_entry
 .exceptions.entry.label
                0x0000000000080020        0x0 ../RansacSoftware_bsp/\libhal_bsp.a(alt_exception_entry.o)
                0x0000000000080020                alt_exception
 *(.exceptions.entry.user)
 *(.exceptions.entry.ecc_fatal)
 *(.exceptions.entry)
 .exceptions.entry
                0x0000000000080020       0x54 ../RansacSoftware_bsp/\libhal_bsp.a(alt_exception_entry.o)
 *(.exceptions.irqtest.user)
 *(.exceptions.irqtest)
 .exceptions.irqtest
                0x0000000000080074       0x10 ../RansacSoftware_bsp/\libhal_bsp.a(alt_irq_entry.o)
 *(.exceptions.irqhandler.user)
 *(.exceptions.irqhandler)
 .exceptions.irqhandler
                0x0000000000080084        0x4 ../RansacSoftware_bsp/\libhal_bsp.a(alt_irq_entry.o)
 *(.exceptions.irqreturn.user)
 *(.exceptions.irqreturn)
 .exceptions.irqreturn
                0x0000000000080088        0x4 ../RansacSoftware_bsp/\libhal_bsp.a(alt_irq_entry.o)
 *(.exceptions.notirq.label)
 .exceptions.notirq.label
                0x000000000008008c        0x0 ../RansacSoftware_bsp/\libhal_bsp.a(alt_irq_entry.o)
 *(.exceptions.notirq.user)
 *(.exceptions.notirq)
 .exceptions.notirq
                0x000000000008008c        0x8 ../RansacSoftware_bsp/\libhal_bsp.a(alt_exception_entry.o)
 *(.exceptions.soft.user)
 *(.exceptions.soft)
 *(.exceptions.unknown.user)
 *(.exceptions.unknown)
 .exceptions.unknown
                0x0000000000080094       0x14 ../RansacSoftware_bsp/\libhal_bsp.a(alt_exception_entry.o)
 *(.exceptions.exit.label)
 .exceptions.exit.label
                0x00000000000800a8        0x0 ../RansacSoftware_bsp/\libhal_bsp.a(alt_irq_entry.o)
 .exceptions.exit.label
                0x00000000000800a8        0x0 ../RansacSoftware_bsp/\libhal_bsp.a(alt_exception_entry.o)
 *(.exceptions.exit.user)
 *(.exceptions.exit)
 .exceptions.exit
                0x00000000000800a8       0x54 ../RansacSoftware_bsp/\libhal_bsp.a(alt_exception_entry.o)
 *(.exceptions)
 .exceptions    0x00000000000800fc       0xd4 ../RansacSoftware_bsp/\libhal_bsp.a(alt_irq_handler.o)
                0x00000000000800fc                alt_irq_handler
 .exceptions    0x00000000000801d0       0x60 ../RansacSoftware_bsp/\libhal_bsp.a(alt_instruction_exception_entry.o)
                0x00000000000801d0                alt_instruction_exception_entry
                0x0000000000080230                PROVIDE (__ram_exceptions_end, ABSOLUTE (.))
                0x0000000000080020                PROVIDE (__flash_exceptions_start, LOADADDR (.exceptions))

.text           0x0000000000080230    0x2080c
                [!provide]                        PROVIDE (stext, ABSOLUTE (.))
 *(.interp)
 *(.hash)
 *(.dynsym)
 *(.dynstr)
 *(.gnu.version)
 *(.gnu.version_d)
 *(.gnu.version_r)
 *(.rel.init)
 *(.rela.init)
 *(.rel.text .rel.text.* .rel.gnu.linkonce.t.*)
 *(.rela.text .rela.text.* .rela.gnu.linkonce.t.*)
 *(.rel.fini)
 *(.rela.fini)
 *(.rel.rodata .rel.rodata.* .rel.gnu.linkonce.r.*)
 *(.rela.rodata .rela.rodata.* .rela.gnu.linkonce.r.*)
 *(.rel.data .rel.data.* .rel.gnu.linkonce.d.*)
 *(.rela.data .rela.data.* .rela.gnu.linkonce.d.*)
 *(.rel.tdata .rel.tdata.* .rel.gnu.linkonce.td.*)
 *(.rela.tdata .rela.tdata.* .rela.gnu.linkonce.td.*)
 *(.rel.tbss .rel.tbss.* .rel.gnu.linkonce.tb.*)
 *(.rela.tbss .rela.tbss.* .rela.gnu.linkonce.tb.*)
 *(.rel.ctors)
 *(.rela.ctors)
 *(.rel.dtors)
 *(.rela.dtors)
 *(.rel.got)
 *(.rela.got)
 *(.rel.sdata .rel.sdata.* .rel.gnu.linkonce.s.*)
 *(.rela.sdata .rela.sdata.* .rela.gnu.linkonce.s.*)
 *(.rel.sbss .rel.sbss.* .rel.gnu.linkonce.sb.*)
 *(.rela.sbss .rela.sbss.* .rela.gnu.linkonce.sb.*)
 *(.rel.sdata2 .rel.sdata2.* .rel.gnu.linkonce.s2.*)
 *(.rela.sdata2 .rela.sdata2.* .rela.gnu.linkonce.s2.*)
 *(.rel.sbss2 .rel.sbss2.* .rel.gnu.linkonce.sb2.*)
 *(.rela.sbss2 .rela.sbss2.* .rela.gnu.linkonce.sb2.*)
 *(.rel.bss .rel.bss.* .rel.gnu.linkonce.b.*)
 *(.rela.bss .rela.bss.* .rela.gnu.linkonce.b.*)
 *(.rel.plt)
 *(.rela.plt)
 *(.rel.dyn)
 *(.init)
 *(.plt)
 *(.text .stub .text.* .gnu.linkonce.t.*)
 .text          0x0000000000080230       0x3c ../RansacSoftware_bsp//obj/HAL/src/crt0.o
                0x0000000000080230                _start
 .text          0x000000000008026c      0x55c obj/default/main.o
                0x000000000008026c                main
 .text          0x00000000000807c8      0xf88 obj/default/ransac.o
                0x00000000000807c8                square_root
                0x0000000000080898                calculateIntersection
                0x000000000008097c                getAngleFromModel
                0x0000000000080a30                leastSquare
                0x0000000000080c60                coefficientOfDetermination
                0x0000000000080dc0                inliersOutliersMemory
                0x0000000000080fc0                inliersOutliers
                0x00000000000811c8                checkModel
                0x00000000000813a8                squareDistanceBetweenPoints
                0x0000000000081478                RANSAC
 .text          0x0000000000081750        0x0 ../RansacSoftware_bsp//newlib/nios2-elf/lib\libm.a(lib_a-s_atan.o)
 .text.atan     0x0000000000081750      0xa14 ../RansacSoftware_bsp//newlib/nios2-elf/lib\libm.a(lib_a-s_atan.o)
                0x0000000000081750                atan
 .text          0x0000000000082164        0x0 ../RansacSoftware_bsp//newlib/nios2-elf/lib\libm.a(lib_a-s_fabs.o)
 .text.fabs     0x0000000000082164       0x88 ../RansacSoftware_bsp//newlib/nios2-elf/lib\libm.a(lib_a-s_fabs.o)
                0x0000000000082164                fabs
 .text          0x00000000000821ec      0x1b4 c:/intelfpga_lite/18.1/nios2eds/bin/gnu/h-x86_64-mingw32/bin/../lib/gcc/nios2-elf/5.3.0/mno-hw-mul\libgcc.a(lib2-divmod.o)
                0x00000000000821ec                __divsi3
                0x0000000000082270                __modsi3
                0x00000000000822e4                __udivsi3
                0x0000000000082348                __umodsi3
 .text          0x00000000000823a0       0x28 c:/intelfpga_lite/18.1/nios2eds/bin/gnu/h-x86_64-mingw32/bin/../lib/gcc/nios2-elf/5.3.0/mno-hw-mul\libgcc.a(lib2-mul.o)
                0x00000000000823a0                __mulsi3
 .text          0x00000000000823c8      0x8ac c:/intelfpga_lite/18.1/nios2eds/bin/gnu/h-x86_64-mingw32/bin/../lib/gcc/nios2-elf/5.3.0/mno-hw-mul\libgcc.a(adddf3.o)
                0x00000000000823c8                __adddf3
 .text          0x0000000000082c74      0x9d0 c:/intelfpga_lite/18.1/nios2eds/bin/gnu/h-x86_64-mingw32/bin/../lib/gcc/nios2-elf/5.3.0/mno-hw-mul\libgcc.a(divdf3.o)
                0x0000000000082c74                __divdf3
 .text          0x0000000000083644       0xdc c:/intelfpga_lite/18.1/nios2eds/bin/gnu/h-x86_64-mingw32/bin/../lib/gcc/nios2-elf/5.3.0/mno-hw-mul\libgcc.a(gedf2.o)
                0x0000000000083644                __gedf2
                0x0000000000083644                __gtdf2
 .text          0x0000000000083720       0xf4 c:/intelfpga_lite/18.1/nios2eds/bin/gnu/h-x86_64-mingw32/bin/../lib/gcc/nios2-elf/5.3.0/mno-hw-mul\libgcc.a(ledf2.o)
                0x0000000000083720                __ledf2
                0x0000000000083720                __ltdf2
 .text          0x0000000000083814      0x86c c:/intelfpga_lite/18.1/nios2eds/bin/gnu/h-x86_64-mingw32/bin/../lib/gcc/nios2-elf/5.3.0/mno-hw-mul\libgcc.a(muldf3.o)
                0x0000000000083814                __muldf3
 .text          0x0000000000084080      0x8fc c:/intelfpga_lite/18.1/nios2eds/bin/gnu/h-x86_64-mingw32/bin/../lib/gcc/nios2-elf/5.3.0/mno-hw-mul\libgcc.a(subdf3.o)
                0x0000000000084080                __subdf3
 .text          0x000000000008497c       0x80 c:/intelfpga_lite/18.1/nios2eds/bin/gnu/h-x86_64-mingw32/bin/../lib/gcc/nios2-elf/5.3.0/mno-hw-mul\libgcc.a(fixdfsi.o)
                0x000000000008497c                __fixdfsi
 .text          0x00000000000849fc       0xdc c:/intelfpga_lite/18.1/nios2eds/bin/gnu/h-x86_64-mingw32/bin/../lib/gcc/nios2-elf/5.3.0/mno-hw-mul\libgcc.a(floatsidf.o)
                0x00000000000849fc                __floatsidf
 .text          0x0000000000084ad8      0x110 c:/intelfpga_lite/18.1/nios2eds/bin/gnu/h-x86_64-mingw32/bin/../lib/gcc/nios2-elf/5.3.0/mno-hw-mul\libgcc.a(extendsfdf2.o)
                0x0000000000084ad8                __extendsfdf2
 .text          0x0000000000084be8      0x1a8 c:/intelfpga_lite/18.1/nios2eds/bin/gnu/h-x86_64-mingw32/bin/../lib/gcc/nios2-elf/5.3.0/mno-hw-mul\libgcc.a(truncdfsf2.o)
                0x0000000000084be8                __truncdfsf2
 .text          0x0000000000084d90       0x64 c:/intelfpga_lite/18.1/nios2eds/bin/gnu/h-x86_64-mingw32/bin/../lib/gcc/nios2-elf/5.3.0/mno-hw-mul\libgcc.a(_clzsi2.o)
                0x0000000000084d90                __clzsi2
 .text          0x0000000000084df4        0x0 c:/intelfpga_lite/18.1/nios2eds/bin/gnu/h-x86_64-mingw32/bin/../lib/gcc/nios2-elf/5.3.0/mno-hw-mul\libgcc.a(_clz.o)
 .text          0x0000000000084df4        0x0 ../RansacSoftware_bsp//newlib/nios2-elf/lib\libc.a(lib_a-exit.o)
 .text.exit     0x0000000000084df4       0x48 ../RansacSoftware_bsp//newlib/nios2-elf/lib\libc.a(lib_a-exit.o)
                0x0000000000084df4                exit
 .text          0x0000000000084e3c        0x0 ../RansacSoftware_bsp//newlib/nios2-elf/lib\libc.a(lib_a-fclose.o)
 .text._fclose_r
                0x0000000000084e3c      0x12c ../RansacSoftware_bsp//newlib/nios2-elf/lib\libc.a(lib_a-fclose.o)
                0x0000000000084e3c                _fclose_r
 .text.fclose   0x0000000000084f68       0x38 ../RansacSoftware_bsp//newlib/nios2-elf/lib\libc.a(lib_a-fclose.o)
                0x0000000000084f68                fclose
 .text          0x0000000000084fa0        0x0 ../RansacSoftware_bsp//newlib/nios2-elf/lib\libc.a(lib_a-fflush.o)
 .text.__sflush_r
                0x0000000000084fa0      0x304 ../RansacSoftware_bsp//newlib/nios2-elf/lib\libc.a(lib_a-fflush.o)
                0x0000000000084fa0                __sflush_r
 .text._fflush_r
                0x00000000000852a4       0x88 ../RansacSoftware_bsp//newlib/nios2-elf/lib\libc.a(lib_a-fflush.o)
                0x00000000000852a4                _fflush_r
 .text.fflush   0x000000000008532c       0x54 ../RansacSoftware_bsp//newlib/nios2-elf/lib\libc.a(lib_a-fflush.o)
                0x000000000008532c                fflush
 .text          0x0000000000085380        0x0 ../RansacSoftware_bsp//newlib/nios2-elf/lib\libc.a(lib_a-findfp.o)
 .text.std      0x0000000000085380       0xf4 ../RansacSoftware_bsp//newlib/nios2-elf/lib\libc.a(lib_a-findfp.o)
 .text.__sfmoreglue
                0x0000000000085474       0xbc ../RansacSoftware_bsp//newlib/nios2-elf/lib\libc.a(lib_a-findfp.o)
                0x0000000000085474                __sfmoreglue
 .text.__sfp    0x0000000000085530      0x194 ../RansacSoftware_bsp//newlib/nios2-elf/lib\libc.a(lib_a-findfp.o)
                0x0000000000085530                __sfp
 .text._cleanup_r
                0x00000000000856c4       0x44 ../RansacSoftware_bsp//newlib/nios2-elf/lib\libc.a(lib_a-findfp.o)
                0x00000000000856c4                _cleanup_r
 .text._cleanup
                0x0000000000085708       0x34 ../RansacSoftware_bsp//newlib/nios2-elf/lib\libc.a(lib_a-findfp.o)
                0x0000000000085708                _cleanup
 .text.__sinit  0x000000000008573c       0xd8 ../RansacSoftware_bsp//newlib/nios2-elf/lib\libc.a(lib_a-findfp.o)
                0x000000000008573c                __sinit
 .text.__sfp_lock_acquire
                0x0000000000085814       0x20 ../RansacSoftware_bsp//newlib/nios2-elf/lib\libc.a(lib_a-findfp.o)
                0x0000000000085814                __sfp_lock_acquire
 .text.__sfp_lock_release
                0x0000000000085834       0x20 ../RansacSoftware_bsp//newlib/nios2-elf/lib\libc.a(lib_a-findfp.o)
                0x0000000000085834                __sfp_lock_release
 .text.__sinit_lock_acquire
                0x0000000000085854       0x20 ../RansacSoftware_bsp//newlib/nios2-elf/lib\libc.a(lib_a-findfp.o)
                0x0000000000085854                __sinit_lock_acquire
 .text.__sinit_lock_release
                0x0000000000085874       0x20 ../RansacSoftware_bsp//newlib/nios2-elf/lib\libc.a(lib_a-findfp.o)
                0x0000000000085874                __sinit_lock_release
 .text.__fp_lock
                0x0000000000085894       0x24 ../RansacSoftware_bsp//newlib/nios2-elf/lib\libc.a(lib_a-findfp.o)
 .text.__fp_unlock
                0x00000000000858b8       0x24 ../RansacSoftware_bsp//newlib/nios2-elf/lib\libc.a(lib_a-findfp.o)
 .text.__fp_lock_all
                0x00000000000858dc       0x40 ../RansacSoftware_bsp//newlib/nios2-elf/lib\libc.a(lib_a-findfp.o)
                0x00000000000858dc                __fp_lock_all
 .text.__fp_unlock_all
                0x000000000008591c       0x40 ../RansacSoftware_bsp//newlib/nios2-elf/lib\libc.a(lib_a-findfp.o)
                0x000000000008591c                __fp_unlock_all
 .text          0x000000000008595c        0x0 ../RansacSoftware_bsp//newlib/nios2-elf/lib\libc.a(lib_a-fopen.o)
 .text._fopen_r
                0x000000000008595c      0x120 ../RansacSoftware_bsp//newlib/nios2-elf/lib\libc.a(lib_a-fopen.o)
                0x000000000008595c                _fopen_r
 .text.fopen    0x0000000000085a7c       0x40 ../RansacSoftware_bsp//newlib/nios2-elf/lib\libc.a(lib_a-fopen.o)
                0x0000000000085a7c                fopen
 .text          0x0000000000085abc        0x0 ../RansacSoftware_bsp//newlib/nios2-elf/lib\libc.a(lib_a-fprintf.o)
 .text._fprintf_r
                0x0000000000085abc       0x58 ../RansacSoftware_bsp//newlib/nios2-elf/lib\libc.a(lib_a-fprintf.o)
                0x0000000000085abc                _fprintf_r
 .text.fprintf  0x0000000000085b14       0x58 ../RansacSoftware_bsp//newlib/nios2-elf/lib\libc.a(lib_a-fprintf.o)
                0x0000000000085b14                fprintf
 .text          0x0000000000085b6c        0x0 ../RansacSoftware_bsp//newlib/nios2-elf/lib\libc.a(lib_a-fputc.o)
 .text._fputc_r
                0x0000000000085b6c       0x6c ../RansacSoftware_bsp//newlib/nios2-elf/lib\libc.a(lib_a-fputc.o)
                0x0000000000085b6c                _fputc_r
 .text.fputc    0x0000000000085bd8       0x70 ../RansacSoftware_bsp//newlib/nios2-elf/lib\libc.a(lib_a-fputc.o)
                0x0000000000085bd8                fputc
 .text          0x0000000000085c48        0x0 ../RansacSoftware_bsp//newlib/nios2-elf/lib\libc.a(lib_a-freer.o)
 .text._free_r  0x0000000000085c48      0x560 ../RansacSoftware_bsp//newlib/nios2-elf/lib\libc.a(lib_a-freer.o)
                0x0000000000085c48                _free_r
 .text._malloc_trim_r
                0x00000000000861a8      0x1d0 ../RansacSoftware_bsp//newlib/nios2-elf/lib\libc.a(lib_a-freer.o)
                0x00000000000861a8                _malloc_trim_r
 .text          0x0000000000086378        0x0 ../RansacSoftware_bsp//newlib/nios2-elf/lib\libc.a(lib_a-fscanf.o)
 .text.fscanf   0x0000000000086378       0x60 ../RansacSoftware_bsp//newlib/nios2-elf/lib\libc.a(lib_a-fscanf.o)
                0x0000000000086378                fscanf
 .text._fscanf_r
                0x00000000000863d8       0x5c ../RansacSoftware_bsp//newlib/nios2-elf/lib\libc.a(lib_a-fscanf.o)
                0x00000000000863d8                _fscanf_r
 .text          0x0000000000086434        0x0 ../RansacSoftware_bsp//newlib/nios2-elf/lib\libc.a(lib_a-fseek.o)
 .text._fseek_r
                0x0000000000086434       0x48 ../RansacSoftware_bsp//newlib/nios2-elf/lib\libc.a(lib_a-fseek.o)
                0x0000000000086434                _fseek_r
 .text.fseek    0x000000000008647c       0x48 ../RansacSoftware_bsp//newlib/nios2-elf/lib\libc.a(lib_a-fseek.o)
                0x000000000008647c                fseek
 .text          0x00000000000864c4        0x0 ../RansacSoftware_bsp//newlib/nios2-elf/lib\libc.a(lib_a-fseeko.o)
 .text._fseeko_r
                0x00000000000864c4      0x63c ../RansacSoftware_bsp//newlib/nios2-elf/lib\libc.a(lib_a-fseeko.o)
                0x00000000000864c4                _fseeko_r
 .text.fseeko   0x0000000000086b00       0x48 ../RansacSoftware_bsp//newlib/nios2-elf/lib\libc.a(lib_a-fseeko.o)
                0x0000000000086b00                fseeko
 .text          0x0000000000086b48        0x0 ../RansacSoftware_bsp//newlib/nios2-elf/lib\libc.a(lib_a-fstatr.o)
 .text._fstat_r
                0x0000000000086b48       0x68 ../RansacSoftware_bsp//newlib/nios2-elf/lib\libc.a(lib_a-fstatr.o)
                0x0000000000086b48                _fstat_r
 .text          0x0000000000086bb0        0x0 ../RansacSoftware_bsp//newlib/nios2-elf/lib\libc.a(lib_a-fwalk.o)
 .text._fwalk   0x0000000000086bb0       0xd8 ../RansacSoftware_bsp//newlib/nios2-elf/lib\libc.a(lib_a-fwalk.o)
                0x0000000000086bb0                _fwalk
 .text._fwalk_reent
                0x0000000000086c88       0xdc ../RansacSoftware_bsp//newlib/nios2-elf/lib\libc.a(lib_a-fwalk.o)
                0x0000000000086c88                _fwalk_reent
 .text          0x0000000000086d64        0x0 ../RansacSoftware_bsp//newlib/nios2-elf/lib\libc.a(lib_a-fwrite.o)
 .text._fwrite_r
                0x0000000000086d64      0x10c ../RansacSoftware_bsp//newlib/nios2-elf/lib\libc.a(lib_a-fwrite.o)
                0x0000000000086d64                _fwrite_r
 .text.fwrite   0x0000000000086e70       0x54 ../RansacSoftware_bsp//newlib/nios2-elf/lib\libc.a(lib_a-fwrite.o)
                0x0000000000086e70                fwrite
 .text          0x0000000000086ec4        0x0 ../RansacSoftware_bsp//newlib/nios2-elf/lib\libc.a(lib_a-impure.o)
 .text          0x0000000000086ec4        0x0 ../RansacSoftware_bsp//newlib/nios2-elf/lib\libc.a(lib_a-int_errno.o)
 .text          0x0000000000086ec4        0x0 ../RansacSoftware_bsp//newlib/nios2-elf/lib\libc.a(lib_a-makebuf.o)
 .text.__smakebuf_r
                0x0000000000086ec4      0x22c ../RansacSoftware_bsp//newlib/nios2-elf/lib\libc.a(lib_a-makebuf.o)
                0x0000000000086ec4                __smakebuf_r
 .text          0x00000000000870f0        0x0 ../RansacSoftware_bsp//newlib/nios2-elf/lib\libc.a(lib_a-mallocr.o)
 .text.malloc_extend_top
                0x00000000000870f0      0x3b4 ../RansacSoftware_bsp//newlib/nios2-elf/lib\libc.a(lib_a-mallocr.o)
 .text._malloc_r
                0x00000000000874a4      0xb7c ../RansacSoftware_bsp//newlib/nios2-elf/lib\libc.a(lib_a-mallocr.o)
                0x00000000000874a4                _malloc_r
 .text          0x0000000000088020        0x0 ../RansacSoftware_bsp//newlib/nios2-elf/lib\libc.a(lib_a-memset.o)
 .text.memset   0x0000000000088020      0x1c4 ../RansacSoftware_bsp//newlib/nios2-elf/lib\libc.a(lib_a-memset.o)
                0x0000000000088020                memset
 .text          0x00000000000881e4        0x0 ../RansacSoftware_bsp//newlib/nios2-elf/lib\libc.a(lib_a-openr.o)
 .text._open_r  0x00000000000881e4       0x70 ../RansacSoftware_bsp//newlib/nios2-elf/lib\libc.a(lib_a-openr.o)
                0x00000000000881e4                _open_r
 .text          0x0000000000088254        0x0 ../RansacSoftware_bsp//newlib/nios2-elf/lib\libc.a(lib_a-putc.o)
 .text._putc_r  0x0000000000088254      0x104 ../RansacSoftware_bsp//newlib/nios2-elf/lib\libc.a(lib_a-putc.o)
                0x0000000000088254                _putc_r
 .text.putc     0x0000000000088358      0x108 ../RansacSoftware_bsp//newlib/nios2-elf/lib\libc.a(lib_a-putc.o)
                0x0000000000088358                putc
 .text          0x0000000000088460        0x0 ../RansacSoftware_bsp//newlib/nios2-elf/lib\libc.a(lib_a-puts.o)
 .text._puts_r  0x0000000000088460      0x118 ../RansacSoftware_bsp//newlib/nios2-elf/lib\libc.a(lib_a-puts.o)
                0x0000000000088460                _puts_r
 .text.puts     0x0000000000088578       0x38 ../RansacSoftware_bsp//newlib/nios2-elf/lib\libc.a(lib_a-puts.o)
                0x0000000000088578                puts
 .text          0x00000000000885b0        0x0 ../RansacSoftware_bsp//newlib/nios2-elf/lib\libc.a(lib_a-rand.o)
 .text.srand    0x00000000000885b0       0x44 ../RansacSoftware_bsp//newlib/nios2-elf/lib\libc.a(lib_a-rand.o)
                0x00000000000885b0                srand
 .text.rand     0x00000000000885f4       0xc8 ../RansacSoftware_bsp//newlib/nios2-elf/lib\libc.a(lib_a-rand.o)
                0x00000000000885f4                rand
 .text          0x00000000000886bc        0x0 ../RansacSoftware_bsp//newlib/nios2-elf/lib\libc.a(lib_a-refill.o)
 .text.lflush   0x00000000000886bc       0x50 ../RansacSoftware_bsp//newlib/nios2-elf/lib\libc.a(lib_a-refill.o)
 .text.__srefill_r
                0x000000000008870c      0x254 ../RansacSoftware_bsp//newlib/nios2-elf/lib\libc.a(lib_a-refill.o)
                0x000000000008870c                __srefill_r
 .text          0x0000000000088960        0x0 ../RansacSoftware_bsp//newlib/nios2-elf/lib\libc.a(lib_a-sbrkr.o)
 .text._sbrk_r  0x0000000000088960       0x60 ../RansacSoftware_bsp//newlib/nios2-elf/lib\libc.a(lib_a-sbrkr.o)
                0x0000000000088960                _sbrk_r
 .text          0x00000000000889c0        0x0 ../RansacSoftware_bsp//newlib/nios2-elf/lib\libc.a(lib_a-stdio.o)
 .text.__sread  0x00000000000889c0       0x9c ../RansacSoftware_bsp//newlib/nios2-elf/lib\libc.a(lib_a-stdio.o)
                0x00000000000889c0                __sread
 .text.__seofread
                0x0000000000088a5c       0x30 ../RansacSoftware_bsp//newlib/nios2-elf/lib\libc.a(lib_a-stdio.o)
                0x0000000000088a5c                __seofread
 .text.__swrite
                0x0000000000088a8c       0xb4 ../RansacSoftware_bsp//newlib/nios2-elf/lib\libc.a(lib_a-stdio.o)
                0x0000000000088a8c                __swrite
 .text.__sseek  0x0000000000088b40       0xa0 ../RansacSoftware_bsp//newlib/nios2-elf/lib\libc.a(lib_a-stdio.o)
                0x0000000000088b40                __sseek
 .text.__sclose
                0x0000000000088be0       0x54 ../RansacSoftware_bsp//newlib/nios2-elf/lib\libc.a(lib_a-stdio.o)
                0x0000000000088be0                __sclose
 .text          0x0000000000088c34        0x0 ../RansacSoftware_bsp//newlib/nios2-elf/lib\libc.a(lib_a-strlen.o)
 .text.strlen   0x0000000000088c34       0xf4 ../RansacSoftware_bsp//newlib/nios2-elf/lib\libc.a(lib_a-strlen.o)
                0x0000000000088c34                strlen
 .text          0x0000000000088d28        0x0 ../RansacSoftware_bsp//newlib/nios2-elf/lib\libc.a(lib_a-vfprintf.o)
 .text.__sbprintf
                0x0000000000088d28       0xf0 ../RansacSoftware_bsp//newlib/nios2-elf/lib\libc.a(lib_a-vfprintf.o)
 .text.__vfprintf_internal
                0x0000000000088e18       0x50 ../RansacSoftware_bsp//newlib/nios2-elf/lib\libc.a(lib_a-vfprintf.o)
                0x0000000000088e18                __vfprintf_internal
 .text.___vfprintf_internal_r
                0x0000000000088e68     0x20e8 ../RansacSoftware_bsp//newlib/nios2-elf/lib\libc.a(lib_a-vfprintf.o)
                0x0000000000088e68                ___vfprintf_internal_r
 .text.cvt      0x000000000008af50      0x20c ../RansacSoftware_bsp//newlib/nios2-elf/lib\libc.a(lib_a-vfprintf.o)
 .text.exponent
                0x000000000008b15c      0x140 ../RansacSoftware_bsp//newlib/nios2-elf/lib\libc.a(lib_a-vfprintf.o)
 .text          0x000000000008b29c        0x0 ../RansacSoftware_bsp//newlib/nios2-elf/lib\libc.a(lib_a-vfscanf.o)
 .text.vfscanf  0x000000000008b29c       0x78 ../RansacSoftware_bsp//newlib/nios2-elf/lib\libc.a(lib_a-vfscanf.o)
                0x000000000008b29c                vfscanf
 .text.__svfscanf
                0x000000000008b314       0x48 ../RansacSoftware_bsp//newlib/nios2-elf/lib\libc.a(lib_a-vfscanf.o)
                0x000000000008b314                __svfscanf
 .text._vfscanf_r
                0x000000000008b35c       0x74 ../RansacSoftware_bsp//newlib/nios2-elf/lib\libc.a(lib_a-vfscanf.o)
                0x000000000008b35c                _vfscanf_r
 .text.__svfscanf_r
                0x000000000008b3d0     0x1bb0 ../RansacSoftware_bsp//newlib/nios2-elf/lib\libc.a(lib_a-vfscanf.o)
                0x000000000008b3d0                __svfscanf_r
 .text          0x000000000008cf80        0x0 ../RansacSoftware_bsp//newlib/nios2-elf/lib\libc.a(lib_a-wbuf.o)
 .text.__swbuf_r
                0x000000000008cf80      0x168 ../RansacSoftware_bsp//newlib/nios2-elf/lib\libc.a(lib_a-wbuf.o)
                0x000000000008cf80                __swbuf_r
 .text.__swbuf  0x000000000008d0e8       0x40 ../RansacSoftware_bsp//newlib/nios2-elf/lib\libc.a(lib_a-wbuf.o)
                0x000000000008d0e8                __swbuf
 .text          0x000000000008d128        0x0 ../RansacSoftware_bsp//newlib/nios2-elf/lib\libc.a(lib_a-writer.o)
 .text._write_r
                0x000000000008d128       0x70 ../RansacSoftware_bsp//newlib/nios2-elf/lib\libc.a(lib_a-writer.o)
                0x000000000008d128                _write_r
 .text          0x000000000008d198        0x0 ../RansacSoftware_bsp//newlib/nios2-elf/lib\libc.a(lib_a-wsetup.o)
 .text.__swsetup_r
                0x000000000008d198      0x1a0 ../RansacSoftware_bsp//newlib/nios2-elf/lib\libc.a(lib_a-wsetup.o)
                0x000000000008d198                __swsetup_r
 .text          0x000000000008d338        0x0 ../RansacSoftware_bsp//newlib/nios2-elf/lib\libc.a(closer.o)
 .text._close_r
                0x000000000008d338       0x60 ../RansacSoftware_bsp//newlib/nios2-elf/lib\libc.a(closer.o)
                0x000000000008d338                _close_r
 .text          0x000000000008d398        0x0 ../RansacSoftware_bsp//newlib/nios2-elf/lib\libc.a(lib_a-__call_atexit.o)
 .text.__call_exitprocs
                0x000000000008d398      0x1ec ../RansacSoftware_bsp//newlib/nios2-elf/lib\libc.a(lib_a-__call_atexit.o)
                0x000000000008d398                __call_exitprocs
 .text          0x000000000008d584        0x0 ../RansacSoftware_bsp//newlib/nios2-elf/lib\libc.a(lib_a-ctype_.o)
 .text          0x000000000008d584        0x0 ../RansacSoftware_bsp//newlib/nios2-elf/lib\libc.a(lib_a-dtoa.o)
 .text.quorem   0x000000000008d584      0x3c4 ../RansacSoftware_bsp//newlib/nios2-elf/lib\libc.a(lib_a-dtoa.o)
 .text._dtoa_r  0x000000000008d948     0x1b78 ../RansacSoftware_bsp//newlib/nios2-elf/lib\libc.a(lib_a-dtoa.o)
                0x000000000008d948                _dtoa_r
 .text          0x000000000008f4c0        0x0 ../RansacSoftware_bsp//newlib/nios2-elf/lib\libc.a(lib_a-flags.o)
 .text.__sflags
                0x000000000008f4c0      0x12c ../RansacSoftware_bsp//newlib/nios2-elf/lib\libc.a(lib_a-flags.o)
                0x000000000008f4c0                __sflags
 .text          0x000000000008f5ec        0x0 ../RansacSoftware_bsp//newlib/nios2-elf/lib\libc.a(lib_a-fread.o)
 .text._fread_r
                0x000000000008f5ec      0x338 ../RansacSoftware_bsp//newlib/nios2-elf/lib\libc.a(lib_a-fread.o)
                0x000000000008f5ec                _fread_r
 .text.fread    0x000000000008f924       0x54 ../RansacSoftware_bsp//newlib/nios2-elf/lib\libc.a(lib_a-fread.o)
                0x000000000008f924                fread
 .text          0x000000000008f978        0x0 ../RansacSoftware_bsp//newlib/nios2-elf/lib\libc.a(lib_a-fvwrite.o)
 .text.__sfvwrite_r
                0x000000000008f978      0x5e8 ../RansacSoftware_bsp//newlib/nios2-elf/lib\libc.a(lib_a-fvwrite.o)
                0x000000000008f978                __sfvwrite_r
 .text          0x000000000008ff60        0x0 ../RansacSoftware_bsp//newlib/nios2-elf/lib\libc.a(lib_a-isattyr.o)
 .text._isatty_r
                0x000000000008ff60       0x60 ../RansacSoftware_bsp//newlib/nios2-elf/lib\libc.a(lib_a-isattyr.o)
                0x000000000008ff60                _isatty_r
 .text          0x000000000008ffc0        0x0 ../RansacSoftware_bsp//newlib/nios2-elf/lib\libc.a(lib_a-iswspace.o)
 .text.iswspace
                0x000000000008ffc0       0x50 ../RansacSoftware_bsp//newlib/nios2-elf/lib\libc.a(lib_a-iswspace.o)
                0x000000000008ffc0                iswspace
 .text          0x0000000000090010        0x0 ../RansacSoftware_bsp//newlib/nios2-elf/lib\libc.a(lib_a-locale.o)
 .text._setlocale_r
                0x0000000000090010       0x84 ../RansacSoftware_bsp//newlib/nios2-elf/lib\libc.a(lib_a-locale.o)
                0x0000000000090010                _setlocale_r
 .text.__locale_charset
                0x0000000000090094       0x24 ../RansacSoftware_bsp//newlib/nios2-elf/lib\libc.a(lib_a-locale.o)
                0x0000000000090094                __locale_charset
 .text.__locale_mb_cur_max
                0x00000000000900b8       0x20 ../RansacSoftware_bsp//newlib/nios2-elf/lib\libc.a(lib_a-locale.o)
                0x00000000000900b8                __locale_mb_cur_max
 .text.__locale_msgcharset
                0x00000000000900d8       0x24 ../RansacSoftware_bsp//newlib/nios2-elf/lib\libc.a(lib_a-locale.o)
                0x00000000000900d8                __locale_msgcharset
 .text.__locale_cjk_lang
                0x00000000000900fc       0x20 ../RansacSoftware_bsp//newlib/nios2-elf/lib\libc.a(lib_a-locale.o)
                0x00000000000900fc                __locale_cjk_lang
 .text._localeconv_r
                0x000000000009011c       0x28 ../RansacSoftware_bsp//newlib/nios2-elf/lib\libc.a(lib_a-locale.o)
                0x000000000009011c                _localeconv_r
 .text.setlocale
                0x0000000000090144       0x40 ../RansacSoftware_bsp//newlib/nios2-elf/lib\libc.a(lib_a-locale.o)
                0x0000000000090144                setlocale
 .text.localeconv
                0x0000000000090184       0x30 ../RansacSoftware_bsp//newlib/nios2-elf/lib\libc.a(lib_a-locale.o)
                0x0000000000090184                localeconv
 .text          0x00000000000901b4        0x0 ../RansacSoftware_bsp//newlib/nios2-elf/lib\libc.a(lib_a-lseekr.o)
 .text._lseek_r
                0x00000000000901b4       0x70 ../RansacSoftware_bsp//newlib/nios2-elf/lib\libc.a(lib_a-lseekr.o)
                0x00000000000901b4                _lseek_r
 .text          0x0000000000090224        0x0 ../RansacSoftware_bsp//newlib/nios2-elf/lib\libc.a(lib_a-mbrtowc.o)
 .text._mbrtowc_r
                0x0000000000090224       0xdc ../RansacSoftware_bsp//newlib/nios2-elf/lib\libc.a(lib_a-mbrtowc.o)
                0x0000000000090224                _mbrtowc_r
 .text.mbrtowc  0x0000000000090300       0xe4 ../RansacSoftware_bsp//newlib/nios2-elf/lib\libc.a(lib_a-mbrtowc.o)
                0x0000000000090300                mbrtowc
 .text          0x00000000000903e4        0x0 ../RansacSoftware_bsp//newlib/nios2-elf/lib\libc.a(lib_a-mbtowc_r.o)
 .text._mbtowc_r
                0x00000000000903e4       0x68 ../RansacSoftware_bsp//newlib/nios2-elf/lib\libc.a(lib_a-mbtowc_r.o)
                0x00000000000903e4                _mbtowc_r
 .text.__ascii_mbtowc
                0x000000000009044c       0x94 ../RansacSoftware_bsp//newlib/nios2-elf/lib\libc.a(lib_a-mbtowc_r.o)
                0x000000000009044c                __ascii_mbtowc
 .text          0x00000000000904e0        0x0 ../RansacSoftware_bsp//newlib/nios2-elf/lib\libc.a(lib_a-memchr.o)
 .text.memchr   0x00000000000904e0      0x1bc ../RansacSoftware_bsp//newlib/nios2-elf/lib\libc.a(lib_a-memchr.o)
                0x00000000000904e0                memchr
 .text          0x000000000009069c        0x0 ../RansacSoftware_bsp//newlib/nios2-elf/lib\libc.a(lib_a-memcpy.o)
 .text.memcpy   0x000000000009069c      0x188 ../RansacSoftware_bsp//newlib/nios2-elf/lib\libc.a(lib_a-memcpy.o)
                0x000000000009069c                memcpy
 .text          0x0000000000090824        0x0 ../RansacSoftware_bsp//newlib/nios2-elf/lib\libc.a(lib_a-memmove.o)
 .text.memmove  0x0000000000090824      0x208 ../RansacSoftware_bsp//newlib/nios2-elf/lib\libc.a(lib_a-memmove.o)
                0x0000000000090824                memmove
 .text          0x0000000000090a2c        0x0 ../RansacSoftware_bsp//newlib/nios2-elf/lib\libc.a(lib_a-mprec.o)
 .text._Balloc  0x0000000000090a2c      0x130 ../RansacSoftware_bsp//newlib/nios2-elf/lib\libc.a(lib_a-mprec.o)
                0x0000000000090a2c                _Balloc
 .text._Bfree   0x0000000000090b5c       0x7c ../RansacSoftware_bsp//newlib/nios2-elf/lib\libc.a(lib_a-mprec.o)
                0x0000000000090b5c                _Bfree
 .text.__multadd
                0x0000000000090bd8      0x1ac ../RansacSoftware_bsp//newlib/nios2-elf/lib\libc.a(lib_a-mprec.o)
                0x0000000000090bd8                __multadd
 .text.__s2b    0x0000000000090d84      0x18c ../RansacSoftware_bsp//newlib/nios2-elf/lib\libc.a(lib_a-mprec.o)
                0x0000000000090d84                __s2b
 .text.__hi0bits
                0x0000000000090f10       0x90 ../RansacSoftware_bsp//newlib/nios2-elf/lib\libc.a(lib_a-mprec.o)
                0x0000000000090f10                __hi0bits
 .text.__lo0bits
                0x0000000000090fa0       0xec ../RansacSoftware_bsp//newlib/nios2-elf/lib\libc.a(lib_a-mprec.o)
                0x0000000000090fa0                __lo0bits
 .text.__i2b    0x000000000009108c       0x58 ../RansacSoftware_bsp//newlib/nios2-elf/lib\libc.a(lib_a-mprec.o)
                0x000000000009108c                __i2b
 .text.__multiply
                0x00000000000910e4      0x3f0 ../RansacSoftware_bsp//newlib/nios2-elf/lib\libc.a(lib_a-mprec.o)
                0x00000000000910e4                __multiply
 .text.__pow5mult
                0x00000000000914d4      0x178 ../RansacSoftware_bsp//newlib/nios2-elf/lib\libc.a(lib_a-mprec.o)
                0x00000000000914d4                __pow5mult
 .text.__lshift
                0x000000000009164c      0x1f8 ../RansacSoftware_bsp//newlib/nios2-elf/lib\libc.a(lib_a-mprec.o)
                0x000000000009164c                __lshift
 .text.__mcmp   0x0000000000091844      0x114 ../RansacSoftware_bsp//newlib/nios2-elf/lib\libc.a(lib_a-mprec.o)
                0x0000000000091844                __mcmp
 .text.__mdiff  0x0000000000091958      0x2a4 ../RansacSoftware_bsp//newlib/nios2-elf/lib\libc.a(lib_a-mprec.o)
                0x0000000000091958                __mdiff
 .text.__ulp    0x0000000000091bfc       0xcc ../RansacSoftware_bsp//newlib/nios2-elf/lib\libc.a(lib_a-mprec.o)
                0x0000000000091bfc                __ulp
 .text.__b2d    0x0000000000091cc8      0x204 ../RansacSoftware_bsp//newlib/nios2-elf/lib\libc.a(lib_a-mprec.o)
                0x0000000000091cc8                __b2d
 .text.__d2b    0x0000000000091ecc      0x240 ../RansacSoftware_bsp//newlib/nios2-elf/lib\libc.a(lib_a-mprec.o)
                0x0000000000091ecc                __d2b
 .text.__ratio  0x000000000009210c      0x11c ../RansacSoftware_bsp//newlib/nios2-elf/lib\libc.a(lib_a-mprec.o)
                0x000000000009210c                __ratio
 .text._mprec_log10
                0x0000000000092228       0xb0 ../RansacSoftware_bsp//newlib/nios2-elf/lib\libc.a(lib_a-mprec.o)
                0x0000000000092228                _mprec_log10
 .text.__copybits
                0x00000000000922d8       0xd0 ../RansacSoftware_bsp//newlib/nios2-elf/lib\libc.a(lib_a-mprec.o)
                0x00000000000922d8                __copybits
 .text.__any_on
                0x00000000000923a8      0x134 ../RansacSoftware_bsp//newlib/nios2-elf/lib\libc.a(lib_a-mprec.o)
                0x00000000000923a8                __any_on
 .text          0x00000000000924dc        0x0 ../RansacSoftware_bsp//newlib/nios2-elf/lib\libc.a(lib_a-readr.o)
 .text._read_r  0x00000000000924dc       0x70 ../RansacSoftware_bsp//newlib/nios2-elf/lib\libc.a(lib_a-readr.o)
                0x00000000000924dc                _read_r
 .text          0x000000000009254c        0x0 ../RansacSoftware_bsp//newlib/nios2-elf/lib\libc.a(lib_a-reallocr.o)
 .text._realloc_r
                0x000000000009254c      0xbf0 ../RansacSoftware_bsp//newlib/nios2-elf/lib\libc.a(lib_a-reallocr.o)
                0x000000000009254c                _realloc_r
 .text          0x000000000009313c        0x0 ../RansacSoftware_bsp//newlib/nios2-elf/lib\libc.a(lib_a-s_fpclassify.o)
 .text.__fpclassifyd
                0x000000000009313c      0x104 ../RansacSoftware_bsp//newlib/nios2-elf/lib\libc.a(lib_a-s_fpclassify.o)
                0x000000000009313c                __fpclassifyd
 .text          0x0000000000093240        0x0 ../RansacSoftware_bsp//newlib/nios2-elf/lib\libc.a(lib_a-sccl.o)
 .text.__sccl   0x0000000000093240      0x12c ../RansacSoftware_bsp//newlib/nios2-elf/lib\libc.a(lib_a-sccl.o)
                0x0000000000093240                __sccl
 .text          0x000000000009336c        0x0 ../RansacSoftware_bsp//newlib/nios2-elf/lib\libc.a(lib_a-sf_nan.o)
 .text.nanf     0x000000000009336c       0x34 ../RansacSoftware_bsp//newlib/nios2-elf/lib\libc.a(lib_a-sf_nan.o)
                0x000000000009336c                nanf
 .text          0x00000000000933a0        0x0 ../RansacSoftware_bsp//newlib/nios2-elf/lib\libc.a(lib_a-sprintf.o)
 .text._sprintf_r
                0x00000000000933a0       0x9c ../RansacSoftware_bsp//newlib/nios2-elf/lib\libc.a(lib_a-sprintf.o)
                0x00000000000933a0                _sprintf_r
 .text.sprintf  0x000000000009343c       0xa0 ../RansacSoftware_bsp//newlib/nios2-elf/lib\libc.a(lib_a-sprintf.o)
                0x000000000009343c                sprintf
 .text          0x00000000000934dc        0x0 ../RansacSoftware_bsp//newlib/nios2-elf/lib\libc.a(lib_a-strcmp.o)
 .text.strcmp   0x00000000000934dc      0x140 ../RansacSoftware_bsp//newlib/nios2-elf/lib\libc.a(lib_a-strcmp.o)
                0x00000000000934dc                strcmp
 .text          0x000000000009361c        0x0 ../RansacSoftware_bsp//newlib/nios2-elf/lib\libc.a(lib_a-strtod.o)
 .text.sulp     0x000000000009361c       0xd8 ../RansacSoftware_bsp//newlib/nios2-elf/lib\libc.a(lib_a-strtod.o)
 .text.ULtod    0x00000000000936f4      0x164 ../RansacSoftware_bsp//newlib/nios2-elf/lib\libc.a(lib_a-strtod.o)
 .text.match    0x0000000000093858       0xcc ../RansacSoftware_bsp//newlib/nios2-elf/lib\libc.a(lib_a-strtod.o)
 .text._strtod_r
                0x0000000000093924     0x1d08 ../RansacSoftware_bsp//newlib/nios2-elf/lib\libc.a(lib_a-strtod.o)
                0x0000000000093924                _strtod_r
 .text.strtod   0x000000000009562c       0x58 ../RansacSoftware_bsp//newlib/nios2-elf/lib\libc.a(lib_a-strtod.o)
                0x000000000009562c                strtod
 .text.strtof   0x0000000000095684      0x12c ../RansacSoftware_bsp//newlib/nios2-elf/lib\libc.a(lib_a-strtod.o)
                0x0000000000095684                strtof
 .text          0x00000000000957b0        0x0 ../RansacSoftware_bsp//newlib/nios2-elf/lib\libc.a(lib_a-strtol.o)
 .text._strtol_r
                0x00000000000957b0      0x2cc ../RansacSoftware_bsp//newlib/nios2-elf/lib\libc.a(lib_a-strtol.o)
                0x00000000000957b0                _strtol_r
 .text.strtol   0x0000000000095a7c       0x48 ../RansacSoftware_bsp//newlib/nios2-elf/lib\libc.a(lib_a-strtol.o)
                0x0000000000095a7c                strtol
 .text          0x0000000000095ac4        0x0 ../RansacSoftware_bsp//newlib/nios2-elf/lib\libc.a(lib_a-strtoll_r.o)
 .text._strtoll_r
                0x0000000000095ac4      0x3c0 ../RansacSoftware_bsp//newlib/nios2-elf/lib\libc.a(lib_a-strtoll_r.o)
                0x0000000000095ac4                _strtoll_r
 .text          0x0000000000095e84        0x0 ../RansacSoftware_bsp//newlib/nios2-elf/lib\libc.a(lib_a-strtoul.o)
 .text._strtoul_r
                0x0000000000095e84      0x2a4 ../RansacSoftware_bsp//newlib/nios2-elf/lib\libc.a(lib_a-strtoul.o)
                0x0000000000095e84                _strtoul_r
 .text.strtoul  0x0000000000096128       0x48 ../RansacSoftware_bsp//newlib/nios2-elf/lib\libc.a(lib_a-strtoul.o)
                0x0000000000096128                strtoul
 .text          0x0000000000096170        0x0 ../RansacSoftware_bsp//newlib/nios2-elf/lib\libc.a(lib_a-strtoull_r.o)
 .text._strtoull_r
                0x0000000000096170      0x388 ../RansacSoftware_bsp//newlib/nios2-elf/lib\libc.a(lib_a-strtoull_r.o)
                0x0000000000096170                _strtoull_r
 .text          0x00000000000964f8        0x0 ../RansacSoftware_bsp//newlib/nios2-elf/lib\libc.a(lib_a-svfprintf.o)
 .text.___svfprintf_internal_r
                0x00000000000964f8     0x2074 ../RansacSoftware_bsp//newlib/nios2-elf/lib\libc.a(lib_a-svfprintf.o)
                0x00000000000964f8                ___svfprintf_internal_r
 .text.cvt      0x000000000009856c      0x20c ../RansacSoftware_bsp//newlib/nios2-elf/lib\libc.a(lib_a-svfprintf.o)
 .text.exponent
                0x0000000000098778      0x140 ../RansacSoftware_bsp//newlib/nios2-elf/lib\libc.a(lib_a-svfprintf.o)
 .text          0x00000000000988b8        0x0 ../RansacSoftware_bsp//newlib/nios2-elf/lib\libc.a(lib_a-ungetc.o)
 .text.__submore
                0x00000000000988b8      0x114 ../RansacSoftware_bsp//newlib/nios2-elf/lib\libc.a(lib_a-ungetc.o)
                0x00000000000988b8                __submore
 .text._ungetc_r
                0x00000000000989cc      0x20c ../RansacSoftware_bsp//newlib/nios2-elf/lib\libc.a(lib_a-ungetc.o)
                0x00000000000989cc                _ungetc_r
 .text.ungetc   0x0000000000098bd8       0x40 ../RansacSoftware_bsp//newlib/nios2-elf/lib\libc.a(lib_a-ungetc.o)
                0x0000000000098bd8                ungetc
 .text          0x0000000000098c18        0x0 ../RansacSoftware_bsp//newlib/nios2-elf/lib\libc.a(lib_a-vfiprintf.o)
 .text.__sprint_r
                0x0000000000098c18      0x13c ../RansacSoftware_bsp//newlib/nios2-elf/lib\libc.a(lib_a-vfiprintf.o)
                0x0000000000098c18                __sprint_r
 .text.__sbprintf
                0x0000000000098d54       0xf0 ../RansacSoftware_bsp//newlib/nios2-elf/lib\libc.a(lib_a-vfiprintf.o)
 .text.__vfiprintf_internal
                0x0000000000098e44       0x50 ../RansacSoftware_bsp//newlib/nios2-elf/lib\libc.a(lib_a-vfiprintf.o)
                0x0000000000098e44                __vfiprintf_internal
 .text.___vfiprintf_internal_r
                0x0000000000098e94     0x12dc ../RansacSoftware_bsp//newlib/nios2-elf/lib\libc.a(lib_a-vfiprintf.o)
                0x0000000000098e94                ___vfiprintf_internal_r
 .text          0x000000000009a170        0x0 ../RansacSoftware_bsp//newlib/nios2-elf/lib\libc.a(lib_a-callocr.o)
 .text._calloc_r
                0x000000000009a170      0x164 ../RansacSoftware_bsp//newlib/nios2-elf/lib\libc.a(lib_a-callocr.o)
                0x000000000009a170                _calloc_r
 .text          0x000000000009a2d4        0x0 ../RansacSoftware_bsp//newlib/nios2-elf/lib\libc.a(lib_a-fputwc.o)
 .text.__fputwc
                0x000000000009a2d4      0x1f4 ../RansacSoftware_bsp//newlib/nios2-elf/lib\libc.a(lib_a-fputwc.o)
                0x000000000009a2d4                __fputwc
 .text._fputwc_r
                0x000000000009a4c8       0x88 ../RansacSoftware_bsp//newlib/nios2-elf/lib\libc.a(lib_a-fputwc.o)
                0x000000000009a4c8                _fputwc_r
 .text.fputwc   0x000000000009a550       0x68 ../RansacSoftware_bsp//newlib/nios2-elf/lib\libc.a(lib_a-fputwc.o)
                0x000000000009a550                fputwc
 .text          0x000000000009a5b8        0x0 ../RansacSoftware_bsp//newlib/nios2-elf/lib\libc.a(lib_a-gdtoa-gethex.o)
 .text.rshift   0x000000000009a5b8      0x1b0 ../RansacSoftware_bsp//newlib/nios2-elf/lib\libc.a(lib_a-gdtoa-gethex.o)
 .text.increment
                0x000000000009a768      0x14c ../RansacSoftware_bsp//newlib/nios2-elf/lib\libc.a(lib_a-gdtoa-gethex.o)
 .text.__gethex
                0x000000000009a8b4      0xaa4 ../RansacSoftware_bsp//newlib/nios2-elf/lib\libc.a(lib_a-gdtoa-gethex.o)
                0x000000000009a8b4                __gethex
 .text          0x000000000009b358        0x0 ../RansacSoftware_bsp//newlib/nios2-elf/lib\libc.a(lib_a-gdtoa-hexnan.o)
 .text.L_shift  0x000000000009b358       0xbc ../RansacSoftware_bsp//newlib/nios2-elf/lib\libc.a(lib_a-gdtoa-hexnan.o)
 .text.__hexnan
                0x000000000009b414      0x33c ../RansacSoftware_bsp//newlib/nios2-elf/lib\libc.a(lib_a-gdtoa-hexnan.o)
                0x000000000009b414                __hexnan
 .text          0x000000000009b750        0x0 ../RansacSoftware_bsp//newlib/nios2-elf/lib\libc.a(lib_a-strncmp.o)
 .text.strncmp  0x000000000009b750      0x194 ../RansacSoftware_bsp//newlib/nios2-elf/lib\libc.a(lib_a-strncmp.o)
                0x000000000009b750                strncmp
 .text          0x000000000009b8e4        0x0 ../RansacSoftware_bsp//newlib/nios2-elf/lib\libc.a(lib_a-svfiprintf.o)
 .text.__ssprint_r
                0x000000000009b8e4      0x2d4 ../RansacSoftware_bsp//newlib/nios2-elf/lib\libc.a(lib_a-svfiprintf.o)
                0x000000000009b8e4                __ssprint_r
 .text.___svfiprintf_internal_r
                0x000000000009bbb8     0x1268 ../RansacSoftware_bsp//newlib/nios2-elf/lib\libc.a(lib_a-svfiprintf.o)
                0x000000000009bbb8                ___svfiprintf_internal_r
 .text          0x000000000009ce20        0x0 ../RansacSoftware_bsp//newlib/nios2-elf/lib\libc.a(lib_a-wcrtomb.o)
 .text._wcrtomb_r
                0x000000000009ce20       0xd4 ../RansacSoftware_bsp//newlib/nios2-elf/lib\libc.a(lib_a-wcrtomb.o)
                0x000000000009ce20                _wcrtomb_r
 .text.wcrtomb  0x000000000009cef4       0xd8 ../RansacSoftware_bsp//newlib/nios2-elf/lib\libc.a(lib_a-wcrtomb.o)
                0x000000000009cef4                wcrtomb
 .text          0x000000000009cfcc        0x0 ../RansacSoftware_bsp//newlib/nios2-elf/lib\libc.a(lib_a-wctomb_r.o)
 .text._wctomb_r
                0x000000000009cfcc       0x64 ../RansacSoftware_bsp//newlib/nios2-elf/lib\libc.a(lib_a-wctomb_r.o)
                0x000000000009cfcc                _wctomb_r
 .text.__ascii_wctomb
                0x000000000009d030       0x78 ../RansacSoftware_bsp//newlib/nios2-elf/lib\libc.a(lib_a-wctomb_r.o)
                0x000000000009d030                __ascii_wctomb
 .text          0x000000000009d0a8      0x10c c:/intelfpga_lite/18.1/nios2eds/bin/gnu/h-x86_64-mingw32/bin/../lib/gcc/nios2-elf/5.3.0/mno-hw-mul\libgcc.a(_muldi3.o)
                0x000000000009d0a8                __muldi3
 .text          0x000000000009d1b4       0x74 c:/intelfpga_lite/18.1/nios2eds/bin/gnu/h-x86_64-mingw32/bin/../lib/gcc/nios2-elf/5.3.0/mno-hw-mul\libgcc.a(_fixunsdfsi.o)
                0x000000000009d1b4                __fixunsdfsi
 .text          0x000000000009d228      0x5fc c:/intelfpga_lite/18.1/nios2eds/bin/gnu/h-x86_64-mingw32/bin/../lib/gcc/nios2-elf/5.3.0/mno-hw-mul\libgcc.a(_udivdi3.o)
                0x000000000009d228                __udivdi3
 .text          0x000000000009d824      0x5c4 c:/intelfpga_lite/18.1/nios2eds/bin/gnu/h-x86_64-mingw32/bin/../lib/gcc/nios2-elf/5.3.0/mno-hw-mul\libgcc.a(_umoddi3.o)
                0x000000000009d824                __umoddi3
 .text          0x000000000009dde8       0x88 c:/intelfpga_lite/18.1/nios2eds/bin/gnu/h-x86_64-mingw32/bin/../lib/gcc/nios2-elf/5.3.0/mno-hw-mul\libgcc.a(eqdf2.o)
                0x000000000009dde8                __nedf2
                0x000000000009dde8                __eqdf2
 .text          0x000000000009de70       0xa8 c:/intelfpga_lite/18.1/nios2eds/bin/gnu/h-x86_64-mingw32/bin/../lib/gcc/nios2-elf/5.3.0/mno-hw-mul\libgcc.a(floatunsidf.o)
                0x000000000009de70                __floatunsidf
 .text          0x000000000009df18      0x114 ../RansacSoftware_bsp/\libhal_bsp.a(alt_close.o)
                0x000000000009df54                close
 .text          0x000000000009e02c       0x2c ../RansacSoftware_bsp/\libhal_bsp.a(alt_dev.o)
 .text          0x000000000009e058        0x0 ../RansacSoftware_bsp/\libhal_bsp.a(alt_errno.o)
 .text          0x000000000009e058       0x34 ../RansacSoftware_bsp/\libhal_bsp.a(alt_exit.o)
                0x000000000009e058                _exit
 .text          0x000000000009e08c       0xf4 ../RansacSoftware_bsp/\libhal_bsp.a(alt_fstat.o)
                0x000000000009e0c8                fstat
 .text          0x000000000009e180       0xe8 ../RansacSoftware_bsp/\libhal_bsp.a(alt_isatty.o)
                0x000000000009e1bc                isatty
 .text          0x000000000009e268       0xec ../RansacSoftware_bsp/\libhal_bsp.a(alt_load.o)
                0x000000000009e2d0                alt_load
 .text          0x000000000009e354      0x118 ../RansacSoftware_bsp/\libhal_bsp.a(alt_lseek.o)
                0x000000000009e390                lseek
 .text          0x000000000009e46c       0x7c ../RansacSoftware_bsp/\libhal_bsp.a(alt_main.o)
                0x000000000009e46c                alt_main
 .text          0x000000000009e4e8       0x48 ../RansacSoftware_bsp/\libhal_bsp.a(alt_malloc_lock.o)
                0x000000000009e4e8                __malloc_lock
                0x000000000009e50c                __malloc_unlock
 .text          0x000000000009e530      0x284 ../RansacSoftware_bsp/\libhal_bsp.a(alt_open.o)
                0x000000000009e658                open
 .text          0x000000000009e7b4      0x140 ../RansacSoftware_bsp/\libhal_bsp.a(alt_read.o)
                0x000000000009e7f0                read
 .text          0x000000000009e8f4       0x84 ../RansacSoftware_bsp/\libhal_bsp.a(alt_release_fd.o)
                0x000000000009e8f4                alt_release_fd
 .text          0x000000000009e978       0xb0 ../RansacSoftware_bsp/\libhal_bsp.a(alt_sbrk.o)
                0x000000000009e978                sbrk
 .text          0x000000000009ea28      0x13c ../RansacSoftware_bsp/\libhal_bsp.a(alt_write.o)
                0x000000000009ea64                write
 .text          0x000000000009eb64       0xc0 ../RansacSoftware_bsp/\libhal_bsp.a(alt_sys_init.o)
                0x000000000009eb98                alt_irq_init
                0x000000000009ebd0                alt_sys_init
 .text          0x000000000009ec24      0x164 ../RansacSoftware_bsp/\libhal_bsp.a(altera_avalon_jtag_uart_fd.o)
                0x000000000009ec24                altera_avalon_jtag_uart_read_fd
                0x000000000009ec84                altera_avalon_jtag_uart_write_fd
                0x000000000009ece4                altera_avalon_jtag_uart_close_fd
                0x000000000009ed34                altera_avalon_jtag_uart_ioctl_fd
 .text          0x000000000009ed88      0x3d4 ../RansacSoftware_bsp/\libhal_bsp.a(altera_avalon_jtag_uart_init.o)
                0x000000000009ed88                altera_avalon_jtag_uart_init
                0x000000000009f0f4                altera_avalon_jtag_uart_close
 .text          0x000000000009f15c       0xf0 ../RansacSoftware_bsp/\libhal_bsp.a(altera_avalon_jtag_uart_ioctl.o)
                0x000000000009f15c                altera_avalon_jtag_uart_ioctl
 .text          0x000000000009f24c      0x21c ../RansacSoftware_bsp/\libhal_bsp.a(altera_avalon_jtag_uart_read.o)
                0x000000000009f24c                altera_avalon_jtag_uart_read
 .text          0x000000000009f468      0x224 ../RansacSoftware_bsp/\libhal_bsp.a(altera_avalon_jtag_uart_write.o)
                0x000000000009f468                altera_avalon_jtag_uart_write
 .text          0x000000000009f68c      0x484 ../RansacSoftware_bsp/\libhal_bsp.a(altera_hostfs.o)
                0x000000000009f68c                alt_hostfs_open
                0x000000000009f7a8                alt_hostfs_close
                0x000000000009f7ec                alt_hostfs_read
                0x000000000009f858                alt_hostfs_write
                0x000000000009f8c4                alt_hostfs_seek
                0x000000000009f92c                alt_hostfs_fstat
 .text          0x000000000009fb10      0x12c ../RansacSoftware_bsp/\libhal_bsp.a(alt_alarm_start.o)
                0x000000000009fb10                alt_alarm_start
 .text          0x000000000009fc3c       0x20 ../RansacSoftware_bsp/\libhal_bsp.a(alt_dcache_flush_all.o)
                0x000000000009fc3c                alt_dcache_flush_all
 .text          0x000000000009fc5c       0xe0 ../RansacSoftware_bsp/\libhal_bsp.a(alt_dev_llist_insert.o)
                0x000000000009fc98                alt_dev_llist_insert
 .text          0x000000000009fd3c       0x60 ../RansacSoftware_bsp/\libhal_bsp.a(alt_do_ctors.o)
                0x000000000009fd3c                _do_ctors
 .text          0x000000000009fd9c       0x60 ../RansacSoftware_bsp/\libhal_bsp.a(alt_do_dtors.o)
                0x000000000009fd9c                _do_dtors
 .text          0x000000000009fdfc       0x90 ../RansacSoftware_bsp/\libhal_bsp.a(alt_find_dev.o)
                0x000000000009fdfc                alt_find_dev
 .text          0x000000000009fe8c      0x108 ../RansacSoftware_bsp/\libhal_bsp.a(alt_find_file.o)
                0x000000000009fe8c                alt_find_file
 .text          0x000000000009ff94       0x80 ../RansacSoftware_bsp/\libhal_bsp.a(alt_fs_reg.o)
                0x000000000009ff94                alt_fs_reg
 .text          0x00000000000a0014       0xc4 ../RansacSoftware_bsp/\libhal_bsp.a(alt_get_fd.o)
                0x00000000000a0014                alt_get_fd
 .text          0x00000000000a00d8       0x20 ../RansacSoftware_bsp/\libhal_bsp.a(alt_icache_flush_all.o)
                0x00000000000a00d8                alt_icache_flush_all
 .text          0x00000000000a00f8      0x1b0 ../RansacSoftware_bsp/\libhal_bsp.a(alt_iic.o)
                0x00000000000a00f8                alt_ic_isr_register
                0x00000000000a0148                alt_ic_irq_enable
                0x00000000000a01d0                alt_ic_irq_disable
                0x00000000000a025c                alt_ic_irq_enabled
 .text          0x00000000000a02a8       0xf0 ../RansacSoftware_bsp/\libhal_bsp.a(alt_iic_isr_register.o)
                0x00000000000a02a8                alt_iic_isr_register
 .text          0x00000000000a0398      0x160 ../RansacSoftware_bsp/\libhal_bsp.a(alt_io_redirect.o)
                0x00000000000a047c                alt_io_redirect
 .text          0x00000000000a04f8        0x0 ../RansacSoftware_bsp/\libhal_bsp.a(alt_irq_entry.o)
 .text          0x00000000000a04f8        0x0 ../RansacSoftware_bsp/\libhal_bsp.a(alt_irq_handler.o)
 .text          0x00000000000a04f8        0x0 ../RansacSoftware_bsp/\libhal_bsp.a(alt_irq_vars.o)
 .text          0x00000000000a04f8      0x1a4 ../RansacSoftware_bsp/\libhal_bsp.a(alt_tick.o)
                0x00000000000a04f8                alt_alarm_stop
                0x00000000000a0594                alt_tick
 .text          0x00000000000a069c       0x24 ../RansacSoftware_bsp/\libhal_bsp.a(altera_nios2_gen2_irq.o)
                0x00000000000a069c                altera_nios2_gen2_irq_init
 .text          0x00000000000a06c0        0x0 ../RansacSoftware_bsp/\libhal_bsp.a(alt_exception_entry.o)
 .text          0x00000000000a06c0       0x9c ../RansacSoftware_bsp/\libhal_bsp.a(alt_instruction_exception_entry.o)
                0x00000000000a06c0                alt_exception_cause_generated_bad_addr
 .text          0x00000000000a075c        0x0 ../RansacSoftware_bsp//newlib/nios2-elf/lib\libc.a(lib_a-atexit.o)
 .text.atexit   0x00000000000a075c       0x3c ../RansacSoftware_bsp//newlib/nios2-elf/lib\libc.a(lib_a-atexit.o)
                0x00000000000a075c                atexit
 .text          0x00000000000a0798        0x0 ../RansacSoftware_bsp//newlib/nios2-elf/lib\libc.a(lib_a-memcmp.o)
 .text.memcmp   0x00000000000a0798      0x134 ../RansacSoftware_bsp//newlib/nios2-elf/lib\libc.a(lib_a-memcmp.o)
                0x00000000000a0798                memcmp
 .text          0x00000000000a08cc        0x0 ../RansacSoftware_bsp//newlib/nios2-elf/lib\libc.a(lib_a-__atexit.o)
 .text.__register_exitproc
                0x00000000000a08cc      0x170 ../RansacSoftware_bsp//newlib/nios2-elf/lib\libc.a(lib_a-__atexit.o)
                0x00000000000a08cc                __register_exitproc
 *(.gnu.warning.*)
 *(.fini)
                [!provide]                        PROVIDE (__etext, ABSOLUTE (.))
                [!provide]                        PROVIDE (_etext, ABSOLUTE (.))
                [!provide]                        PROVIDE (etext, ABSOLUTE (.))
 *(.eh_frame_hdr)
                0x00000000000a0a3c                . = ALIGN (0x4)
                [!provide]                        PROVIDE (__preinit_array_start, ABSOLUTE (.))
 *(.preinit_array)
                [!provide]                        PROVIDE (__preinit_array_end, ABSOLUTE (.))
                [!provide]                        PROVIDE (__init_array_start, ABSOLUTE (.))
 *(.init_array)
                [!provide]                        PROVIDE (__init_array_end, ABSOLUTE (.))
                [!provide]                        PROVIDE (__fini_array_start, ABSOLUTE (.))
 *(.fini_array)
                [!provide]                        PROVIDE (__fini_array_end, ABSOLUTE (.))
 *(.eh_frame)
 *(.gcc_except_table .gcc_except_table.*)
 *(.dynamic)
                0x00000000000a0a3c                PROVIDE (__CTOR_LIST__, ABSOLUTE (.))
 *(.ctors)
 *(SORT(.ctors.*))
                0x00000000000a0a3c                PROVIDE (__CTOR_END__, ABSOLUTE (.))
                0x00000000000a0a3c                PROVIDE (__DTOR_LIST__, ABSOLUTE (.))
 *(.dtors)
 *(SORT(.dtors.*))
                0x00000000000a0a3c                PROVIDE (__DTOR_END__, ABSOLUTE (.))
 *(.jcr)
                0x00000000000a0a3c                . = ALIGN (0x4)

.rodata         0x00000000000a0a3c      0xbb8
                0x00000000000a0a3c                PROVIDE (__ram_rodata_start, ABSOLUTE (.))
                0x00000000000a0a3c                . = ALIGN (0x4)
 *(.rodata .rodata.* .gnu.linkonce.r.*)
 .rodata        0x00000000000a0a3c      0x2ac obj/default/main.o
 .rodata.atanhi
                0x00000000000a0ce8       0x20 ../RansacSoftware_bsp//newlib/nios2-elf/lib\libm.a(lib_a-s_atan.o)
 .rodata.atanlo
                0x00000000000a0d08       0x20 ../RansacSoftware_bsp//newlib/nios2-elf/lib\libm.a(lib_a-s_atan.o)
 .rodata.aT     0x00000000000a0d28       0x58 ../RansacSoftware_bsp//newlib/nios2-elf/lib\libm.a(lib_a-s_atan.o)
 .rodata        0x00000000000a0d80      0x100 c:/intelfpga_lite/18.1/nios2eds/bin/gnu/h-x86_64-mingw32/bin/../lib/gcc/nios2-elf/5.3.0/mno-hw-mul\libgcc.a(_clz.o)
                0x00000000000a0d80                __clz_tab
 .rodata        0x00000000000a0e80        0x2 ../RansacSoftware_bsp//newlib/nios2-elf/lib\libc.a(lib_a-impure.o)
 *fill*         0x00000000000a0e82        0x2 
 .rodata        0x00000000000a0e84        0x2 ../RansacSoftware_bsp//newlib/nios2-elf/lib\libc.a(lib_a-puts.o)
 *fill*         0x00000000000a0e86        0x2 
 .rodata        0x00000000000a0e88       0x5e ../RansacSoftware_bsp//newlib/nios2-elf/lib\libc.a(lib_a-vfprintf.o)
 .rodata.blanks.4403
                0x00000000000a0ee6       0x10 ../RansacSoftware_bsp//newlib/nios2-elf/lib\libc.a(lib_a-vfprintf.o)
 .rodata.zeroes.4404
                0x00000000000a0ef6       0x10 ../RansacSoftware_bsp//newlib/nios2-elf/lib\libc.a(lib_a-vfprintf.o)
 *fill*         0x00000000000a0f06        0x2 
 .rodata        0x00000000000a0f08        0x5 ../RansacSoftware_bsp//newlib/nios2-elf/lib\libc.a(lib_a-vfscanf.o)
 *fill*         0x00000000000a0f0d        0x1 
 .rodata.basefix.4359
                0x00000000000a0f0e       0x22 ../RansacSoftware_bsp//newlib/nios2-elf/lib\libc.a(lib_a-vfscanf.o)
 .rodata._ctype_b
                0x00000000000a0f30      0x180 ../RansacSoftware_bsp//newlib/nios2-elf/lib\libc.a(lib_a-ctype_.o)
 .rodata._ctype_
                0x00000000000a10b0      0x101 ../RansacSoftware_bsp//newlib/nios2-elf/lib\libc.a(lib_a-ctype_.o)
                0x00000000000a10b0                _ctype_
 *fill*         0x00000000000a11b1        0x3 
 .rodata        0x00000000000a11b4       0x12 ../RansacSoftware_bsp//newlib/nios2-elf/lib\libc.a(lib_a-dtoa.o)
 *fill*         0x00000000000a11c6        0x2 
 .rodata        0x00000000000a11c8       0x12 ../RansacSoftware_bsp//newlib/nios2-elf/lib\libc.a(lib_a-locale.o)
 *fill*         0x00000000000a11da        0x2 
 .rodata        0x00000000000a11dc        0x1 ../RansacSoftware_bsp//newlib/nios2-elf/lib\libc.a(lib_a-mbrtowc.o)
 *fill*         0x00000000000a11dd        0x3 
 .rodata.__mprec_tens
                0x00000000000a11e0       0xc8 ../RansacSoftware_bsp//newlib/nios2-elf/lib\libc.a(lib_a-mprec.o)
                0x00000000000a11e0                __mprec_tens
 .rodata.__mprec_bigtens
                0x00000000000a12a8       0x28 ../RansacSoftware_bsp//newlib/nios2-elf/lib\libc.a(lib_a-mprec.o)
                0x00000000000a12a8                __mprec_bigtens
 .rodata.__mprec_tinytens
                0x00000000000a12d0       0x28 ../RansacSoftware_bsp//newlib/nios2-elf/lib\libc.a(lib_a-mprec.o)
                0x00000000000a12d0                __mprec_tinytens
 .rodata.p05.2768
                0x00000000000a12f8        0xc ../RansacSoftware_bsp//newlib/nios2-elf/lib\libc.a(lib_a-mprec.o)
 .rodata.tinytens
                0x00000000000a1304       0x28 ../RansacSoftware_bsp//newlib/nios2-elf/lib\libc.a(lib_a-strtod.o)
 .rodata        0x00000000000a132c        0xf ../RansacSoftware_bsp//newlib/nios2-elf/lib\libc.a(lib_a-strtod.o)
 *fill*         0x00000000000a133b        0x1 
 .rodata.fpi.2737
                0x00000000000a133c       0x14 ../RansacSoftware_bsp//newlib/nios2-elf/lib\libc.a(lib_a-strtod.o)
 .rodata.fpinan.2773
                0x00000000000a1350       0x14 ../RansacSoftware_bsp//newlib/nios2-elf/lib\libc.a(lib_a-strtod.o)
 .rodata        0x00000000000a1364       0x5e ../RansacSoftware_bsp//newlib/nios2-elf/lib\libc.a(lib_a-svfprintf.o)
 .rodata.blanks.4388
                0x00000000000a13c2       0x10 ../RansacSoftware_bsp//newlib/nios2-elf/lib\libc.a(lib_a-svfprintf.o)
 .rodata.zeroes.4389
                0x00000000000a13d2       0x10 ../RansacSoftware_bsp//newlib/nios2-elf/lib\libc.a(lib_a-svfprintf.o)
 *fill*         0x00000000000a13e2        0x2 
 .rodata        0x00000000000a13e4       0x4a ../RansacSoftware_bsp//newlib/nios2-elf/lib\libc.a(lib_a-vfiprintf.o)
 .rodata.blanks.4348
                0x00000000000a142e       0x10 ../RansacSoftware_bsp//newlib/nios2-elf/lib\libc.a(lib_a-vfiprintf.o)
 .rodata.zeroes.4349
                0x00000000000a143e       0x10 ../RansacSoftware_bsp//newlib/nios2-elf/lib\libc.a(lib_a-vfiprintf.o)
 .rodata.__hexdig
                0x00000000000a144e      0x100 ../RansacSoftware_bsp//newlib/nios2-elf/lib\libc.a(lib_a-gdtoa-gethex.o)
                0x00000000000a144e                __hexdig
 *fill*         0x00000000000a154e        0x2 
 .rodata        0x00000000000a1550       0x4a ../RansacSoftware_bsp//newlib/nios2-elf/lib\libc.a(lib_a-svfiprintf.o)
 .rodata.blanks.4332
                0x00000000000a159a       0x10 ../RansacSoftware_bsp//newlib/nios2-elf/lib\libc.a(lib_a-svfiprintf.o)
 .rodata.zeroes.4333
                0x00000000000a15aa       0x10 ../RansacSoftware_bsp//newlib/nios2-elf/lib\libc.a(lib_a-svfiprintf.o)
 *fill*         0x00000000000a15ba        0x2 
 .rodata        0x00000000000a15bc        0xa ../RansacSoftware_bsp/\libhal_bsp.a(alt_dev.o)
 *fill*         0x00000000000a15c6        0x2 
 .rodata        0x00000000000a15c8        0xf ../RansacSoftware_bsp/\libhal_bsp.a(alt_main.o)
 *fill*         0x00000000000a15d7        0x1 
 .rodata        0x00000000000a15d8       0x1a ../RansacSoftware_bsp/\libhal_bsp.a(alt_sys_init.o)
 *(.rodata1)
                0x00000000000a15f4                . = ALIGN (0x4)
 *fill*         0x00000000000a15f2        0x2 
                0x00000000000a15f4                PROVIDE (__ram_rodata_end, ABSOLUTE (.))
                0x00000000000a0a3c                PROVIDE (__flash_rodata_start, LOADADDR (.rodata))

.rwdata         0x00000000000a15f4     0x1b74 load address 0x00000000000a3168
                0x00000000000a15f4                PROVIDE (__ram_rwdata_start, ABSOLUTE (.))
                0x00000000000a15f4                . = ALIGN (0x4)
 *(.got.plt)
 *(.got)
 *(.data1)
 *(.data .data.* .gnu.linkonce.d.*)
 .data          0x00000000000a15f4        0x0 ../RansacSoftware_bsp//obj/HAL/src/crt0.o
 .data          0x00000000000a15f4        0x0 obj/default/main.o
 .data          0x00000000000a15f4        0x0 obj/default/ransac.o
 .data          0x00000000000a15f4        0x0 ../RansacSoftware_bsp//newlib/nios2-elf/lib\libm.a(lib_a-s_atan.o)
 .data          0x00000000000a15f4        0x0 ../RansacSoftware_bsp//newlib/nios2-elf/lib\libm.a(lib_a-s_fabs.o)
 .data          0x00000000000a15f4        0x0 c:/intelfpga_lite/18.1/nios2eds/bin/gnu/h-x86_64-mingw32/bin/../lib/gcc/nios2-elf/5.3.0/mno-hw-mul\libgcc.a(lib2-divmod.o)
 .data          0x00000000000a15f4        0x0 c:/intelfpga_lite/18.1/nios2eds/bin/gnu/h-x86_64-mingw32/bin/../lib/gcc/nios2-elf/5.3.0/mno-hw-mul\libgcc.a(lib2-mul.o)
 .data          0x00000000000a15f4        0x0 c:/intelfpga_lite/18.1/nios2eds/bin/gnu/h-x86_64-mingw32/bin/../lib/gcc/nios2-elf/5.3.0/mno-hw-mul\libgcc.a(adddf3.o)
 .data          0x00000000000a15f4        0x0 c:/intelfpga_lite/18.1/nios2eds/bin/gnu/h-x86_64-mingw32/bin/../lib/gcc/nios2-elf/5.3.0/mno-hw-mul\libgcc.a(divdf3.o)
 .data          0x00000000000a15f4        0x0 c:/intelfpga_lite/18.1/nios2eds/bin/gnu/h-x86_64-mingw32/bin/../lib/gcc/nios2-elf/5.3.0/mno-hw-mul\libgcc.a(gedf2.o)
 .data          0x00000000000a15f4        0x0 c:/intelfpga_lite/18.1/nios2eds/bin/gnu/h-x86_64-mingw32/bin/../lib/gcc/nios2-elf/5.3.0/mno-hw-mul\libgcc.a(ledf2.o)
 .data          0x00000000000a15f4        0x0 c:/intelfpga_lite/18.1/nios2eds/bin/gnu/h-x86_64-mingw32/bin/../lib/gcc/nios2-elf/5.3.0/mno-hw-mul\libgcc.a(muldf3.o)
 .data          0x00000000000a15f4        0x0 c:/intelfpga_lite/18.1/nios2eds/bin/gnu/h-x86_64-mingw32/bin/../lib/gcc/nios2-elf/5.3.0/mno-hw-mul\libgcc.a(subdf3.o)
 .data          0x00000000000a15f4        0x0 c:/intelfpga_lite/18.1/nios2eds/bin/gnu/h-x86_64-mingw32/bin/../lib/gcc/nios2-elf/5.3.0/mno-hw-mul\libgcc.a(fixdfsi.o)
 .data          0x00000000000a15f4        0x0 c:/intelfpga_lite/18.1/nios2eds/bin/gnu/h-x86_64-mingw32/bin/../lib/gcc/nios2-elf/5.3.0/mno-hw-mul\libgcc.a(floatsidf.o)
 .data          0x00000000000a15f4        0x0 c:/intelfpga_lite/18.1/nios2eds/bin/gnu/h-x86_64-mingw32/bin/../lib/gcc/nios2-elf/5.3.0/mno-hw-mul\libgcc.a(extendsfdf2.o)
 .data          0x00000000000a15f4        0x0 c:/intelfpga_lite/18.1/nios2eds/bin/gnu/h-x86_64-mingw32/bin/../lib/gcc/nios2-elf/5.3.0/mno-hw-mul\libgcc.a(truncdfsf2.o)
 .data          0x00000000000a15f4        0x0 c:/intelfpga_lite/18.1/nios2eds/bin/gnu/h-x86_64-mingw32/bin/../lib/gcc/nios2-elf/5.3.0/mno-hw-mul\libgcc.a(_clzsi2.o)
 .data          0x00000000000a15f4        0x0 c:/intelfpga_lite/18.1/nios2eds/bin/gnu/h-x86_64-mingw32/bin/../lib/gcc/nios2-elf/5.3.0/mno-hw-mul\libgcc.a(_clz.o)
 .data          0x00000000000a15f4        0x0 ../RansacSoftware_bsp//newlib/nios2-elf/lib\libc.a(lib_a-exit.o)
 .data          0x00000000000a15f4        0x0 ../RansacSoftware_bsp//newlib/nios2-elf/lib\libc.a(lib_a-fclose.o)
 .data          0x00000000000a15f4        0x0 ../RansacSoftware_bsp//newlib/nios2-elf/lib\libc.a(lib_a-fflush.o)
 .data          0x00000000000a15f4        0x0 ../RansacSoftware_bsp//newlib/nios2-elf/lib\libc.a(lib_a-findfp.o)
 .data          0x00000000000a15f4        0x0 ../RansacSoftware_bsp//newlib/nios2-elf/lib\libc.a(lib_a-fopen.o)
 .data          0x00000000000a15f4        0x0 ../RansacSoftware_bsp//newlib/nios2-elf/lib\libc.a(lib_a-fprintf.o)
 .data          0x00000000000a15f4        0x0 ../RansacSoftware_bsp//newlib/nios2-elf/lib\libc.a(lib_a-fputc.o)
 .data          0x00000000000a15f4        0x0 ../RansacSoftware_bsp//newlib/nios2-elf/lib\libc.a(lib_a-freer.o)
 .data          0x00000000000a15f4        0x0 ../RansacSoftware_bsp//newlib/nios2-elf/lib\libc.a(lib_a-fscanf.o)
 .data          0x00000000000a15f4        0x0 ../RansacSoftware_bsp//newlib/nios2-elf/lib\libc.a(lib_a-fseek.o)
 .data          0x00000000000a15f4        0x0 ../RansacSoftware_bsp//newlib/nios2-elf/lib\libc.a(lib_a-fseeko.o)
 .data          0x00000000000a15f4        0x0 ../RansacSoftware_bsp//newlib/nios2-elf/lib\libc.a(lib_a-fstatr.o)
 .data          0x00000000000a15f4        0x0 ../RansacSoftware_bsp//newlib/nios2-elf/lib\libc.a(lib_a-fwalk.o)
 .data          0x00000000000a15f4        0x0 ../RansacSoftware_bsp//newlib/nios2-elf/lib\libc.a(lib_a-fwrite.o)
 .data          0x00000000000a15f4        0x0 ../RansacSoftware_bsp//newlib/nios2-elf/lib\libc.a(lib_a-impure.o)
 .data.impure_data
                0x00000000000a15f4      0x424 ../RansacSoftware_bsp//newlib/nios2-elf/lib\libc.a(lib_a-impure.o)
 .data          0x00000000000a1a18        0x0 ../RansacSoftware_bsp//newlib/nios2-elf/lib\libc.a(lib_a-int_errno.o)
 .data          0x00000000000a1a18        0x0 ../RansacSoftware_bsp//newlib/nios2-elf/lib\libc.a(lib_a-makebuf.o)
 .data          0x00000000000a1a18        0x0 ../RansacSoftware_bsp//newlib/nios2-elf/lib\libc.a(lib_a-mallocr.o)
 .data.__malloc_av_
                0x00000000000a1a18      0x408 ../RansacSoftware_bsp//newlib/nios2-elf/lib\libc.a(lib_a-mallocr.o)
                0x00000000000a1a18                __malloc_av_
 .data          0x00000000000a1e20        0x0 ../RansacSoftware_bsp//newlib/nios2-elf/lib\libc.a(lib_a-memset.o)
 .data          0x00000000000a1e20        0x0 ../RansacSoftware_bsp//newlib/nios2-elf/lib\libc.a(lib_a-openr.o)
 .data          0x00000000000a1e20        0x0 ../RansacSoftware_bsp//newlib/nios2-elf/lib\libc.a(lib_a-putc.o)
 .data          0x00000000000a1e20        0x0 ../RansacSoftware_bsp//newlib/nios2-elf/lib\libc.a(lib_a-puts.o)
 .data          0x00000000000a1e20        0x0 ../RansacSoftware_bsp//newlib/nios2-elf/lib\libc.a(lib_a-rand.o)
 .data          0x00000000000a1e20        0x0 ../RansacSoftware_bsp//newlib/nios2-elf/lib\libc.a(lib_a-refill.o)
 .data          0x00000000000a1e20        0x0 ../RansacSoftware_bsp//newlib/nios2-elf/lib\libc.a(lib_a-sbrkr.o)
 .data          0x00000000000a1e20        0x0 ../RansacSoftware_bsp//newlib/nios2-elf/lib\libc.a(lib_a-stdio.o)
 .data          0x00000000000a1e20        0x0 ../RansacSoftware_bsp//newlib/nios2-elf/lib\libc.a(lib_a-strlen.o)
 .data          0x00000000000a1e20        0x0 ../RansacSoftware_bsp//newlib/nios2-elf/lib\libc.a(lib_a-vfprintf.o)
 .data          0x00000000000a1e20        0x0 ../RansacSoftware_bsp//newlib/nios2-elf/lib\libc.a(lib_a-vfscanf.o)
 .data          0x00000000000a1e20        0x0 ../RansacSoftware_bsp//newlib/nios2-elf/lib\libc.a(lib_a-wbuf.o)
 .data          0x00000000000a1e20        0x0 ../RansacSoftware_bsp//newlib/nios2-elf/lib\libc.a(lib_a-writer.o)
 .data          0x00000000000a1e20        0x0 ../RansacSoftware_bsp//newlib/nios2-elf/lib\libc.a(lib_a-wsetup.o)
 .data          0x00000000000a1e20        0x0 ../RansacSoftware_bsp//newlib/nios2-elf/lib\libc.a(closer.o)
 .data          0x00000000000a1e20        0x0 ../RansacSoftware_bsp//newlib/nios2-elf/lib\libc.a(lib_a-__call_atexit.o)
 .data          0x00000000000a1e20        0x0 ../RansacSoftware_bsp//newlib/nios2-elf/lib\libc.a(lib_a-ctype_.o)
 .data          0x00000000000a1e20        0x0 ../RansacSoftware_bsp//newlib/nios2-elf/lib\libc.a(lib_a-dtoa.o)
 .data          0x00000000000a1e20        0x0 ../RansacSoftware_bsp//newlib/nios2-elf/lib\libc.a(lib_a-flags.o)
 .data          0x00000000000a1e20        0x0 ../RansacSoftware_bsp//newlib/nios2-elf/lib\libc.a(lib_a-fread.o)
 .data          0x00000000000a1e20        0x0 ../RansacSoftware_bsp//newlib/nios2-elf/lib\libc.a(lib_a-fvwrite.o)
 .data          0x00000000000a1e20        0x0 ../RansacSoftware_bsp//newlib/nios2-elf/lib\libc.a(lib_a-isattyr.o)
 .data          0x00000000000a1e20        0x0 ../RansacSoftware_bsp//newlib/nios2-elf/lib\libc.a(lib_a-iswspace.o)
 .data          0x00000000000a1e20        0x0 ../RansacSoftware_bsp//newlib/nios2-elf/lib\libc.a(lib_a-locale.o)
 .data.lconv    0x00000000000a1e20       0x38 ../RansacSoftware_bsp//newlib/nios2-elf/lib\libc.a(lib_a-locale.o)
 .data.lc_ctype_charset
                0x00000000000a1e58       0x20 ../RansacSoftware_bsp//newlib/nios2-elf/lib\libc.a(lib_a-locale.o)
 .data.lc_message_charset
                0x00000000000a1e78       0x20 ../RansacSoftware_bsp//newlib/nios2-elf/lib\libc.a(lib_a-locale.o)
 .data          0x00000000000a1e98        0x0 ../RansacSoftware_bsp//newlib/nios2-elf/lib\libc.a(lib_a-lseekr.o)
 .data          0x00000000000a1e98        0x0 ../RansacSoftware_bsp//newlib/nios2-elf/lib\libc.a(lib_a-mbrtowc.o)
 .data          0x00000000000a1e98        0x0 ../RansacSoftware_bsp//newlib/nios2-elf/lib\libc.a(lib_a-mbtowc_r.o)
 .data          0x00000000000a1e98        0x0 ../RansacSoftware_bsp//newlib/nios2-elf/lib\libc.a(lib_a-memchr.o)
 .data          0x00000000000a1e98        0x0 ../RansacSoftware_bsp//newlib/nios2-elf/lib\libc.a(lib_a-memcpy.o)
 .data          0x00000000000a1e98        0x0 ../RansacSoftware_bsp//newlib/nios2-elf/lib\libc.a(lib_a-memmove.o)
 .data          0x00000000000a1e98        0x0 ../RansacSoftware_bsp//newlib/nios2-elf/lib\libc.a(lib_a-mprec.o)
 .data          0x00000000000a1e98        0x0 ../RansacSoftware_bsp//newlib/nios2-elf/lib\libc.a(lib_a-readr.o)
 .data          0x00000000000a1e98        0x0 ../RansacSoftware_bsp//newlib/nios2-elf/lib\libc.a(lib_a-reallocr.o)
 .data          0x00000000000a1e98        0x0 ../RansacSoftware_bsp//newlib/nios2-elf/lib\libc.a(lib_a-s_fpclassify.o)
 .data          0x00000000000a1e98        0x0 ../RansacSoftware_bsp//newlib/nios2-elf/lib\libc.a(lib_a-sccl.o)
 .data          0x00000000000a1e98        0x0 ../RansacSoftware_bsp//newlib/nios2-elf/lib\libc.a(lib_a-sf_nan.o)
 .data          0x00000000000a1e98        0x0 ../RansacSoftware_bsp//newlib/nios2-elf/lib\libc.a(lib_a-sprintf.o)
 .data          0x00000000000a1e98        0x0 ../RansacSoftware_bsp//newlib/nios2-elf/lib\libc.a(lib_a-strcmp.o)
 .data          0x00000000000a1e98        0x0 ../RansacSoftware_bsp//newlib/nios2-elf/lib\libc.a(lib_a-strtod.o)
 .data          0x00000000000a1e98        0x0 ../RansacSoftware_bsp//newlib/nios2-elf/lib\libc.a(lib_a-strtol.o)
 .data          0x00000000000a1e98        0x0 ../RansacSoftware_bsp//newlib/nios2-elf/lib\libc.a(lib_a-strtoll_r.o)
 .data          0x00000000000a1e98        0x0 ../RansacSoftware_bsp//newlib/nios2-elf/lib\libc.a(lib_a-strtoul.o)
 .data          0x00000000000a1e98        0x0 ../RansacSoftware_bsp//newlib/nios2-elf/lib\libc.a(lib_a-strtoull_r.o)
 .data          0x00000000000a1e98        0x0 ../RansacSoftware_bsp//newlib/nios2-elf/lib\libc.a(lib_a-svfprintf.o)
 .data          0x00000000000a1e98        0x0 ../RansacSoftware_bsp//newlib/nios2-elf/lib\libc.a(lib_a-ungetc.o)
 .data          0x00000000000a1e98        0x0 ../RansacSoftware_bsp//newlib/nios2-elf/lib\libc.a(lib_a-vfiprintf.o)
 .data          0x00000000000a1e98        0x0 ../RansacSoftware_bsp//newlib/nios2-elf/lib\libc.a(lib_a-callocr.o)
 .data          0x00000000000a1e98        0x0 ../RansacSoftware_bsp//newlib/nios2-elf/lib\libc.a(lib_a-fputwc.o)
 .data          0x00000000000a1e98        0x0 ../RansacSoftware_bsp//newlib/nios2-elf/lib\libc.a(lib_a-gdtoa-gethex.o)
 .data          0x00000000000a1e98        0x0 ../RansacSoftware_bsp//newlib/nios2-elf/lib\libc.a(lib_a-gdtoa-hexnan.o)
 .data          0x00000000000a1e98        0x0 ../RansacSoftware_bsp//newlib/nios2-elf/lib\libc.a(lib_a-strncmp.o)
 .data          0x00000000000a1e98        0x0 ../RansacSoftware_bsp//newlib/nios2-elf/lib\libc.a(lib_a-svfiprintf.o)
 .data          0x00000000000a1e98        0x0 ../RansacSoftware_bsp//newlib/nios2-elf/lib\libc.a(lib_a-wcrtomb.o)
 .data          0x00000000000a1e98        0x0 ../RansacSoftware_bsp//newlib/nios2-elf/lib\libc.a(lib_a-wctomb_r.o)
 .data          0x00000000000a1e98        0x0 c:/intelfpga_lite/18.1/nios2eds/bin/gnu/h-x86_64-mingw32/bin/../lib/gcc/nios2-elf/5.3.0/mno-hw-mul\libgcc.a(_muldi3.o)
 .data          0x00000000000a1e98        0x0 c:/intelfpga_lite/18.1/nios2eds/bin/gnu/h-x86_64-mingw32/bin/../lib/gcc/nios2-elf/5.3.0/mno-hw-mul\libgcc.a(_fixunsdfsi.o)
 .data          0x00000000000a1e98        0x0 c:/intelfpga_lite/18.1/nios2eds/bin/gnu/h-x86_64-mingw32/bin/../lib/gcc/nios2-elf/5.3.0/mno-hw-mul\libgcc.a(_udivdi3.o)
 .data          0x00000000000a1e98        0x0 c:/intelfpga_lite/18.1/nios2eds/bin/gnu/h-x86_64-mingw32/bin/../lib/gcc/nios2-elf/5.3.0/mno-hw-mul\libgcc.a(_umoddi3.o)
 .data          0x00000000000a1e98        0x0 c:/intelfpga_lite/18.1/nios2eds/bin/gnu/h-x86_64-mingw32/bin/../lib/gcc/nios2-elf/5.3.0/mno-hw-mul\libgcc.a(eqdf2.o)
 .data          0x00000000000a1e98        0x0 c:/intelfpga_lite/18.1/nios2eds/bin/gnu/h-x86_64-mingw32/bin/../lib/gcc/nios2-elf/5.3.0/mno-hw-mul\libgcc.a(floatunsidf.o)
 .data          0x00000000000a1e98        0x0 ../RansacSoftware_bsp/\libhal_bsp.a(alt_close.o)
 .data          0x00000000000a1e98      0x1a8 ../RansacSoftware_bsp/\libhal_bsp.a(alt_dev.o)
                0x00000000000a1e98                alt_dev_null
                0x00000000000a1ec0                alt_fd_list
 .data          0x00000000000a2040        0x0 ../RansacSoftware_bsp/\libhal_bsp.a(alt_errno.o)
 .data          0x00000000000a2040        0x0 ../RansacSoftware_bsp/\libhal_bsp.a(alt_exit.o)
 .data          0x00000000000a2040        0x0 ../RansacSoftware_bsp/\libhal_bsp.a(alt_fstat.o)
 .data          0x00000000000a2040        0x0 ../RansacSoftware_bsp/\libhal_bsp.a(alt_isatty.o)
 .data          0x00000000000a2040        0x0 ../RansacSoftware_bsp/\libhal_bsp.a(alt_load.o)
 .data          0x00000000000a2040        0x0 ../RansacSoftware_bsp/\libhal_bsp.a(alt_lseek.o)
 .data          0x00000000000a2040        0x0 ../RansacSoftware_bsp/\libhal_bsp.a(alt_main.o)
 .data          0x00000000000a2040        0x0 ../RansacSoftware_bsp/\libhal_bsp.a(alt_malloc_lock.o)
 .data          0x00000000000a2040        0x0 ../RansacSoftware_bsp/\libhal_bsp.a(alt_open.o)
 .data          0x00000000000a2040        0x0 ../RansacSoftware_bsp/\libhal_bsp.a(alt_read.o)
 .data          0x00000000000a2040        0x0 ../RansacSoftware_bsp/\libhal_bsp.a(alt_release_fd.o)
 .data          0x00000000000a2040        0x0 ../RansacSoftware_bsp/\libhal_bsp.a(alt_sbrk.o)
 .data          0x00000000000a2040        0x0 ../RansacSoftware_bsp/\libhal_bsp.a(alt_write.o)
 .data          0x00000000000a2040     0x1088 ../RansacSoftware_bsp/\libhal_bsp.a(alt_sys_init.o)
 .data          0x00000000000a30c8        0x0 ../RansacSoftware_bsp/\libhal_bsp.a(altera_avalon_jtag_uart_fd.o)
 .data          0x00000000000a30c8        0x0 ../RansacSoftware_bsp/\libhal_bsp.a(altera_avalon_jtag_uart_init.o)
 .data          0x00000000000a30c8        0x0 ../RansacSoftware_bsp/\libhal_bsp.a(altera_avalon_jtag_uart_ioctl.o)
 .data          0x00000000000a30c8        0x0 ../RansacSoftware_bsp/\libhal_bsp.a(altera_avalon_jtag_uart_read.o)
 .data          0x00000000000a30c8        0x0 ../RansacSoftware_bsp/\libhal_bsp.a(altera_avalon_jtag_uart_write.o)
 .data          0x00000000000a30c8        0x0 ../RansacSoftware_bsp/\libhal_bsp.a(altera_hostfs.o)
 .data          0x00000000000a30c8        0x0 ../RansacSoftware_bsp/\libhal_bsp.a(alt_alarm_start.o)
 .data          0x00000000000a30c8        0x0 ../RansacSoftware_bsp/\libhal_bsp.a(alt_dcache_flush_all.o)
 .data          0x00000000000a30c8        0x0 ../RansacSoftware_bsp/\libhal_bsp.a(alt_dev_llist_insert.o)
 .data          0x00000000000a30c8        0x0 ../RansacSoftware_bsp/\libhal_bsp.a(alt_do_ctors.o)
 .data          0x00000000000a30c8        0x0 ../RansacSoftware_bsp/\libhal_bsp.a(alt_do_dtors.o)
 .data          0x00000000000a30c8        0x0 ../RansacSoftware_bsp/\libhal_bsp.a(alt_find_dev.o)
 .data          0x00000000000a30c8        0x0 ../RansacSoftware_bsp/\libhal_bsp.a(alt_find_file.o)
 .data          0x00000000000a30c8        0x0 ../RansacSoftware_bsp/\libhal_bsp.a(alt_fs_reg.o)
 .data          0x00000000000a30c8        0x0 ../RansacSoftware_bsp/\libhal_bsp.a(alt_get_fd.o)
 .data          0x00000000000a30c8        0x0 ../RansacSoftware_bsp/\libhal_bsp.a(alt_icache_flush_all.o)
 .data          0x00000000000a30c8        0x0 ../RansacSoftware_bsp/\libhal_bsp.a(alt_iic.o)
 .data          0x00000000000a30c8        0x0 ../RansacSoftware_bsp/\libhal_bsp.a(alt_iic_isr_register.o)
 .data          0x00000000000a30c8        0x0 ../RansacSoftware_bsp/\libhal_bsp.a(alt_io_redirect.o)
 .data          0x00000000000a30c8        0x0 ../RansacSoftware_bsp/\libhal_bsp.a(alt_irq_entry.o)
 .data          0x00000000000a30c8        0x0 ../RansacSoftware_bsp/\libhal_bsp.a(alt_irq_handler.o)
 .data          0x00000000000a30c8        0x0 ../RansacSoftware_bsp/\libhal_bsp.a(alt_irq_vars.o)
 .data          0x00000000000a30c8        0x0 ../RansacSoftware_bsp/\libhal_bsp.a(alt_tick.o)
 .data          0x00000000000a30c8        0x0 ../RansacSoftware_bsp/\libhal_bsp.a(altera_nios2_gen2_irq.o)
 .data          0x00000000000a30c8        0x0 ../RansacSoftware_bsp/\libhal_bsp.a(alt_exception_entry.o)
 .data          0x00000000000a30c8        0x0 ../RansacSoftware_bsp/\libhal_bsp.a(alt_instruction_exception_entry.o)
 .data          0x00000000000a30c8        0x0 ../RansacSoftware_bsp//newlib/nios2-elf/lib\libc.a(lib_a-atexit.o)
 .data          0x00000000000a30c8        0x0 ../RansacSoftware_bsp//newlib/nios2-elf/lib\libc.a(lib_a-memcmp.o)
 .data          0x00000000000a30c8        0x0 ../RansacSoftware_bsp//newlib/nios2-elf/lib\libc.a(lib_a-__atexit.o)
                0x00000000000ab0c8                _gp = ABSOLUTE ((. + 0x8000))
                [!provide]                        PROVIDE (gp, _gp)
 *(.rwdata .rwdata.*)
 *(.sdata .sdata.* .gnu.linkonce.s.*)
 .sdata.one     0x00000000000a30c8        0x8 ../RansacSoftware_bsp//newlib/nios2-elf/lib\libm.a(lib_a-s_atan.o)
 .sdata.huge    0x00000000000a30d0        0x8 ../RansacSoftware_bsp//newlib/nios2-elf/lib\libm.a(lib_a-s_atan.o)
 .sdata._impure_ptr
                0x00000000000a30d8        0x4 ../RansacSoftware_bsp//newlib/nios2-elf/lib\libc.a(lib_a-impure.o)
                0x00000000000a30d8                _impure_ptr
 .sdata._global_impure_ptr
                0x00000000000a30dc        0x4 ../RansacSoftware_bsp//newlib/nios2-elf/lib\libc.a(lib_a-impure.o)
                0x00000000000a30dc                _global_impure_ptr
 .sdata.__malloc_trim_threshold
                0x00000000000a30e0        0x4 ../RansacSoftware_bsp//newlib/nios2-elf/lib\libc.a(lib_a-mallocr.o)
                0x00000000000a30e0                __malloc_trim_threshold
 .sdata.__malloc_sbrk_base
                0x00000000000a30e4        0x4 ../RansacSoftware_bsp//newlib/nios2-elf/lib\libc.a(lib_a-mallocr.o)
                0x00000000000a30e4                __malloc_sbrk_base
 .sdata.__ctype_ptr__
                0x00000000000a30e8        0x4 ../RansacSoftware_bsp//newlib/nios2-elf/lib\libc.a(lib_a-ctype_.o)
                0x00000000000a30e8                __ctype_ptr__
 .sdata.__mb_cur_max
                0x00000000000a30ec        0x4 ../RansacSoftware_bsp//newlib/nios2-elf/lib\libc.a(lib_a-locale.o)
                0x00000000000a30ec                __mb_cur_max
 .sdata.__mbtowc
                0x00000000000a30f0        0x4 ../RansacSoftware_bsp//newlib/nios2-elf/lib\libc.a(lib_a-mbtowc_r.o)
                0x00000000000a30f0                __mbtowc
 .sdata.__wctomb
                0x00000000000a30f4        0x4 ../RansacSoftware_bsp//newlib/nios2-elf/lib\libc.a(lib_a-wctomb_r.o)
                0x00000000000a30f4                __wctomb
 .sdata         0x00000000000a30f8       0x14 ../RansacSoftware_bsp/\libhal_bsp.a(alt_dev.o)
                0x00000000000a30f8                alt_fs_list
                0x00000000000a3100                alt_dev_list
                0x00000000000a3108                alt_max_fd
 .sdata         0x00000000000a310c        0x4 ../RansacSoftware_bsp/\libhal_bsp.a(alt_errno.o)
                0x00000000000a310c                alt_errno
 .sdata         0x00000000000a3110        0x4 ../RansacSoftware_bsp/\libhal_bsp.a(alt_sbrk.o)
 .sdata         0x00000000000a3114       0x46 ../RansacSoftware_bsp/\libhal_bsp.a(altera_hostfs.o)
 *fill*         0x00000000000a315a        0x2 
 .sdata         0x00000000000a315c        0x4 ../RansacSoftware_bsp/\libhal_bsp.a(alt_irq_vars.o)
                0x00000000000a315c                alt_priority_mask
 .sdata         0x00000000000a3160        0x8 ../RansacSoftware_bsp/\libhal_bsp.a(alt_tick.o)
                0x00000000000a3160                alt_alarm_list
 *(.sdata2 .sdata2.* .gnu.linkonce.s2.*)
                0x00000000000a3168                . = ALIGN (0x4)
                0x00000000000a3168                _edata = ABSOLUTE (.)
                [!provide]                        PROVIDE (edata, ABSOLUTE (.))
                0x00000000000a3168                PROVIDE (__ram_rwdata_end, ABSOLUTE (.))
                0x00000000000a3168                PROVIDE (__flash_rwdata_start, LOADADDR (.rwdata))

.bss            0x00000000000a4cdc      0x190
                0x00000000000a4cdc                __bss_start = ABSOLUTE (.)
                [!provide]                        PROVIDE (__sbss_start, ABSOLUTE (.))
                [!provide]                        PROVIDE (___sbss_start, ABSOLUTE (.))
 *(.dynsbss)
 *(.sbss .sbss.* .gnu.linkonce.sb.*)
 .sbss          0x00000000000a4cdc       0x20 obj/default/main.o
                0x00000000000a4cdc                getAngleFromModel_counter
                0x00000000000a4ce0                inliersOutliers_counter
                0x00000000000a4ce4                calculateIntersection_counter
                0x00000000000a4ce8                square_root_counter
                0x00000000000a4cec                coefficientOfDetermination_counter
                0x00000000000a4cf0                inliersOutliersMemory_counter
                0x00000000000a4cf4                leastSquare_counter
                0x00000000000a4cf8                squareDistanceBetweenPoints_counter
 .sbss.__sfp_lock
                0x00000000000a4cfc        0x4 ../RansacSoftware_bsp//newlib/nios2-elf/lib\libc.a(lib_a-findfp.o)
 .sbss.__sinit_lock
                0x00000000000a4d00        0x4 ../RansacSoftware_bsp//newlib/nios2-elf/lib\libc.a(lib_a-findfp.o)
 .sbss          0x00000000000a4d04        0x4 ../RansacSoftware_bsp//newlib/nios2-elf/lib\libc.a(lib_a-int_errno.o)
                0x00000000000a4d04                errno
 .sbss.__malloc_top_pad
                0x00000000000a4d08        0x4 ../RansacSoftware_bsp//newlib/nios2-elf/lib\libc.a(lib_a-mallocr.o)
                0x00000000000a4d08                __malloc_top_pad
 .sbss.__malloc_max_sbrked_mem
                0x00000000000a4d0c        0x4 ../RansacSoftware_bsp//newlib/nios2-elf/lib\libc.a(lib_a-mallocr.o)
                0x00000000000a4d0c                __malloc_max_sbrked_mem
 .sbss.__malloc_max_total_mem
                0x00000000000a4d10        0x4 ../RansacSoftware_bsp//newlib/nios2-elf/lib\libc.a(lib_a-mallocr.o)
                0x00000000000a4d10                __malloc_max_total_mem
 .sbss.__atexit_lock
                0x00000000000a4d14        0x4 ../RansacSoftware_bsp//newlib/nios2-elf/lib\libc.a(lib_a-__call_atexit.o)
 .sbss.__nlocale_changed
                0x00000000000a4d18        0x4 ../RansacSoftware_bsp//newlib/nios2-elf/lib\libc.a(lib_a-locale.o)
                0x00000000000a4d18                __nlocale_changed
 .sbss.__mlocale_changed
                0x00000000000a4d1c        0x4 ../RansacSoftware_bsp//newlib/nios2-elf/lib\libc.a(lib_a-locale.o)
                0x00000000000a4d1c                __mlocale_changed
 .sbss._PathLocale
                0x00000000000a4d20        0x4 ../RansacSoftware_bsp//newlib/nios2-elf/lib\libc.a(lib_a-locale.o)
                0x00000000000a4d20                _PathLocale
 .sbss.lc_ctype_cjk_lang
                0x00000000000a4d24        0x4 ../RansacSoftware_bsp//newlib/nios2-elf/lib\libc.a(lib_a-locale.o)
 .sbss          0x00000000000a4d28        0xc ../RansacSoftware_bsp/\libhal_bsp.a(alt_main.o)
                0x00000000000a4d28                alt_argc
                0x00000000000a4d2c                alt_argv
                0x00000000000a4d30                alt_envp
 .sbss          0x00000000000a4d34        0x4 ../RansacSoftware_bsp/\libhal_bsp.a(alt_irq_vars.o)
                0x00000000000a4d34                alt_irq_active
 .sbss          0x00000000000a4d38        0x8 ../RansacSoftware_bsp/\libhal_bsp.a(alt_tick.o)
                0x00000000000a4d38                _alt_tick_rate
                0x00000000000a4d3c                _alt_nticks
 .sbss          0x00000000000a4d40        0x4 ../RansacSoftware_bsp/\libhal_bsp.a(alt_instruction_exception_entry.o)
                0x00000000000a4d40                alt_instruction_exception_handler
 *(.sbss2 .sbss2.* .gnu.linkonce.sb2.*)
 *(.scommon)
                [!provide]                        PROVIDE (__sbss_end, ABSOLUTE (.))
                [!provide]                        PROVIDE (___sbss_end, ABSOLUTE (.))
 *(.dynbss)
 *(.bss .bss.* .gnu.linkonce.b.*)
 .bss           0x00000000000a4d44        0x0 ../RansacSoftware_bsp//obj/HAL/src/crt0.o
 .bss           0x00000000000a4d44        0x0 obj/default/main.o
 .bss           0x00000000000a4d44        0x0 obj/default/ransac.o
 .bss           0x00000000000a4d44        0x0 ../RansacSoftware_bsp//newlib/nios2-elf/lib\libm.a(lib_a-s_atan.o)
 .bss           0x00000000000a4d44        0x0 ../RansacSoftware_bsp//newlib/nios2-elf/lib\libm.a(lib_a-s_fabs.o)
 .bss           0x00000000000a4d44        0x0 c:/intelfpga_lite/18.1/nios2eds/bin/gnu/h-x86_64-mingw32/bin/../lib/gcc/nios2-elf/5.3.0/mno-hw-mul\libgcc.a(lib2-divmod.o)
 .bss           0x00000000000a4d44        0x0 c:/intelfpga_lite/18.1/nios2eds/bin/gnu/h-x86_64-mingw32/bin/../lib/gcc/nios2-elf/5.3.0/mno-hw-mul\libgcc.a(lib2-mul.o)
 .bss           0x00000000000a4d44        0x0 c:/intelfpga_lite/18.1/nios2eds/bin/gnu/h-x86_64-mingw32/bin/../lib/gcc/nios2-elf/5.3.0/mno-hw-mul\libgcc.a(adddf3.o)
 .bss           0x00000000000a4d44        0x0 c:/intelfpga_lite/18.1/nios2eds/bin/gnu/h-x86_64-mingw32/bin/../lib/gcc/nios2-elf/5.3.0/mno-hw-mul\libgcc.a(divdf3.o)
 .bss           0x00000000000a4d44        0x0 c:/intelfpga_lite/18.1/nios2eds/bin/gnu/h-x86_64-mingw32/bin/../lib/gcc/nios2-elf/5.3.0/mno-hw-mul\libgcc.a(gedf2.o)
 .bss           0x00000000000a4d44        0x0 c:/intelfpga_lite/18.1/nios2eds/bin/gnu/h-x86_64-mingw32/bin/../lib/gcc/nios2-elf/5.3.0/mno-hw-mul\libgcc.a(ledf2.o)
 .bss           0x00000000000a4d44        0x0 c:/intelfpga_lite/18.1/nios2eds/bin/gnu/h-x86_64-mingw32/bin/../lib/gcc/nios2-elf/5.3.0/mno-hw-mul\libgcc.a(muldf3.o)
 .bss           0x00000000000a4d44        0x0 c:/intelfpga_lite/18.1/nios2eds/bin/gnu/h-x86_64-mingw32/bin/../lib/gcc/nios2-elf/5.3.0/mno-hw-mul\libgcc.a(subdf3.o)
 .bss           0x00000000000a4d44        0x0 c:/intelfpga_lite/18.1/nios2eds/bin/gnu/h-x86_64-mingw32/bin/../lib/gcc/nios2-elf/5.3.0/mno-hw-mul\libgcc.a(fixdfsi.o)
 .bss           0x00000000000a4d44        0x0 c:/intelfpga_lite/18.1/nios2eds/bin/gnu/h-x86_64-mingw32/bin/../lib/gcc/nios2-elf/5.3.0/mno-hw-mul\libgcc.a(floatsidf.o)
 .bss           0x00000000000a4d44        0x0 c:/intelfpga_lite/18.1/nios2eds/bin/gnu/h-x86_64-mingw32/bin/../lib/gcc/nios2-elf/5.3.0/mno-hw-mul\libgcc.a(extendsfdf2.o)
 .bss           0x00000000000a4d44        0x0 c:/intelfpga_lite/18.1/nios2eds/bin/gnu/h-x86_64-mingw32/bin/../lib/gcc/nios2-elf/5.3.0/mno-hw-mul\libgcc.a(truncdfsf2.o)
 .bss           0x00000000000a4d44        0x0 c:/intelfpga_lite/18.1/nios2eds/bin/gnu/h-x86_64-mingw32/bin/../lib/gcc/nios2-elf/5.3.0/mno-hw-mul\libgcc.a(_clzsi2.o)
 .bss           0x00000000000a4d44        0x0 c:/intelfpga_lite/18.1/nios2eds/bin/gnu/h-x86_64-mingw32/bin/../lib/gcc/nios2-elf/5.3.0/mno-hw-mul\libgcc.a(_clz.o)
 .bss           0x00000000000a4d44        0x0 ../RansacSoftware_bsp//newlib/nios2-elf/lib\libc.a(lib_a-exit.o)
 .bss           0x00000000000a4d44        0x0 ../RansacSoftware_bsp//newlib/nios2-elf/lib\libc.a(lib_a-fclose.o)
 .bss           0x00000000000a4d44        0x0 ../RansacSoftware_bsp//newlib/nios2-elf/lib\libc.a(lib_a-fflush.o)
 .bss           0x00000000000a4d44        0x0 ../RansacSoftware_bsp//newlib/nios2-elf/lib\libc.a(lib_a-findfp.o)
 .bss           0x00000000000a4d44        0x0 ../RansacSoftware_bsp//newlib/nios2-elf/lib\libc.a(lib_a-fopen.o)
 .bss           0x00000000000a4d44        0x0 ../RansacSoftware_bsp//newlib/nios2-elf/lib\libc.a(lib_a-fprintf.o)
 .bss           0x00000000000a4d44        0x0 ../RansacSoftware_bsp//newlib/nios2-elf/lib\libc.a(lib_a-fputc.o)
 .bss           0x00000000000a4d44        0x0 ../RansacSoftware_bsp//newlib/nios2-elf/lib\libc.a(lib_a-freer.o)