Archive member included to satisfy reference by file (symbol)

../SoftwareRansac_bsp//newlib/nios2-elf/lib\libm.a(lib_a-s_atan.o)
                              obj/default/ransac.o (atan)
../SoftwareRansac_bsp//newlib/nios2-elf/lib\libm.a(lib_a-s_fabs.o)
                              ../SoftwareRansac_bsp//newlib/nios2-elf/lib\libm.a(lib_a-s_atan.o) (fabs)
c:/intelfpga_lite/18.1/nios2eds/bin/gnu/h-x86_64-mingw32/bin/../lib/gcc/nios2-elf/5.3.0/mno-hw-mul\libgcc.a(lib2-divmod.o)
                              obj/default/ransac.o (__modsi3)
c:/intelfpga_lite/18.1/nios2eds/bin/gnu/h-x86_64-mingw32/bin/../lib/gcc/nios2-elf/5.3.0/mno-hw-mul\libgcc.a(lib2-mul.o)
                              obj/default/ransac.o (__mulsi3)
c:/intelfpga_lite/18.1/nios2eds/bin/gnu/h-x86_64-mingw32/bin/../lib/gcc/nios2-elf/5.3.0/mno-hw-mul\libgcc.a(adddf3.o)
                              obj/default/ransac.o (__adddf3)
c:/intelfpga_lite/18.1/nios2eds/bin/gnu/h-x86_64-mingw32/bin/../lib/gcc/nios2-elf/5.3.0/mno-hw-mul\libgcc.a(divdf3.o)
                              ../SoftwareRansac_bsp//newlib/nios2-elf/lib\libm.a(lib_a-s_atan.o) (__divdf3)
c:/intelfpga_lite/18.1/nios2eds/bin/gnu/h-x86_64-mingw32/bin/../lib/gcc/nios2-elf/5.3.0/mno-hw-mul\libgcc.a(gedf2.o)
                              ../SoftwareRansac_bsp//newlib/nios2-elf/lib\libm.a(lib_a-s_atan.o) (__gtdf2)
c:/intelfpga_lite/18.1/nios2eds/bin/gnu/h-x86_64-mingw32/bin/../lib/gcc/nios2-elf/5.3.0/mno-hw-mul\libgcc.a(muldf3.o)
                              obj/default/ransac.o (__muldf3)
c:/intelfpga_lite/18.1/nios2eds/bin/gnu/h-x86_64-mingw32/bin/../lib/gcc/nios2-elf/5.3.0/mno-hw-mul\libgcc.a(subdf3.o)
                              ../SoftwareRansac_bsp//newlib/nios2-elf/lib\libm.a(lib_a-s_atan.o) (__subdf3)
c:/intelfpga_lite/18.1/nios2eds/bin/gnu/h-x86_64-mingw32/bin/../lib/gcc/nios2-elf/5.3.0/mno-hw-mul\libgcc.a(fixdfsi.o)
                              obj/default/ransac.o (__fixdfsi)
c:/intelfpga_lite/18.1/nios2eds/bin/gnu/h-x86_64-mingw32/bin/../lib/gcc/nios2-elf/5.3.0/mno-hw-mul\libgcc.a(floatsidf.o)
                              obj/default/ransac.o (__floatsidf)
c:/intelfpga_lite/18.1/nios2eds/bin/gnu/h-x86_64-mingw32/bin/../lib/gcc/nios2-elf/5.3.0/mno-hw-mul\libgcc.a(extendsfdf2.o)
                              obj/default/main.o (__extendsfdf2)
c:/intelfpga_lite/18.1/nios2eds/bin/gnu/h-x86_64-mingw32/bin/../lib/gcc/nios2-elf/5.3.0/mno-hw-mul\libgcc.a(truncdfsf2.o)
                              obj/default/ransac.o (__truncdfsf2)
c:/intelfpga_lite/18.1/nios2eds/bin/gnu/h-x86_64-mingw32/bin/../lib/gcc/nios2-elf/5.3.0/mno-hw-mul\libgcc.a(_clzsi2.o)
                              c:/intelfpga_lite/18.1/nios2eds/bin/gnu/h-x86_64-mingw32/bin/../lib/gcc/nios2-elf/5.3.0/mno-hw-mul\libgcc.a(adddf3.o) (__clzsi2)
c:/intelfpga_lite/18.1/nios2eds/bin/gnu/h-x86_64-mingw32/bin/../lib/gcc/nios2-elf/5.3.0/mno-hw-mul\libgcc.a(_clz.o)
                              c:/intelfpga_lite/18.1/nios2eds/bin/gnu/h-x86_64-mingw32/bin/../lib/gcc/nios2-elf/5.3.0/mno-hw-mul\libgcc.a(_clzsi2.o) (__clz_tab)
../SoftwareRansac_bsp//newlib/nios2-elf/lib\libc.a(lib_a-printf.o)
                              obj/default/main.o (printf)
../SoftwareRansac_bsp//newlib/nios2-elf/lib\libc.a(lib_a-puts.o)
                              obj/default/main.o (puts)
../SoftwareRansac_bsp//newlib/nios2-elf/lib\libc.a(lib_a-rand.o)
                              obj/default/ransac.o (rand)
../SoftwareRansac_bsp//newlib/nios2-elf/lib\libc.a(lib_a-strlen.o)
                              ../SoftwareRansac_bsp//newlib/nios2-elf/lib\libc.a(lib_a-puts.o) (strlen)
../SoftwareRansac_bsp//newlib/nios2-elf/lib\libc.a(lib_a-vfprintf.o)
                              ../SoftwareRansac_bsp//newlib/nios2-elf/lib\libc.a(lib_a-printf.o) (___vfprintf_internal_r)
../SoftwareRansac_bsp//newlib/nios2-elf/lib\libc.a(lib_a-wsetup.o)
                              ../SoftwareRansac_bsp//newlib/nios2-elf/lib\libc.a(lib_a-vfprintf.o) (__swsetup_r)
../SoftwareRansac_bsp//newlib/nios2-elf/lib\libc.a(lib_a-dtoa.o)
                              ../SoftwareRansac_bsp//newlib/nios2-elf/lib\libc.a(lib_a-vfprintf.o) (_dtoa_r)
../SoftwareRansac_bsp//newlib/nios2-elf/lib\libc.a(lib_a-fflush.o)
                              ../SoftwareRansac_bsp//newlib/nios2-elf/lib\libc.a(lib_a-vfprintf.o) (_fflush_r)
../SoftwareRansac_bsp//newlib/nios2-elf/lib\libc.a(lib_a-findfp.o)
                              ../SoftwareRansac_bsp//newlib/nios2-elf/lib\libc.a(lib_a-puts.o) (__sinit)
../SoftwareRansac_bsp//newlib/nios2-elf/lib\libc.a(lib_a-freer.o)
                              ../SoftwareRansac_bsp//newlib/nios2-elf/lib\libc.a(lib_a-vfprintf.o) (_free_r)
../SoftwareRansac_bsp//newlib/nios2-elf/lib\libc.a(lib_a-fvwrite.o)
                              ../SoftwareRansac_bsp//newlib/nios2-elf/lib\libc.a(lib_a-puts.o) (__sfvwrite_r)
../SoftwareRansac_bsp//newlib/nios2-elf/lib\libc.a(lib_a-fwalk.o)
[...]
Memory Configuration

Name             Origin             Length             Attributes
MemoriaDados     0x0000000000000000 0x0000000000010000
reset            0x0000000000040000 0x0000000000000020
MemoriaPrograma  0x0000000000040020 0x000000000001c3a0
*default*        0x0000000000000000 0xffffffffffffffff

Linker script and memory map

LOAD ../SoftwareRansac_bsp//obj/HAL/src/crt0.o
LOAD obj/default/main.o
LOAD obj/default/ransac.o
LOAD c:/intelfpga_lite/18.1/nios2eds/bin/gnu/h-x86_64-mingw32/bin/../lib/gcc/nios2-elf/5.3.0/../../../../../H-x86_64-mingw32/nios2-elf/lib/mno-hw-mul\libstdc++.a
LOAD ../SoftwareRansac_bsp//newlib/nios2-elf/lib\libm.a
LOAD c:/intelfpga_lite/18.1/nios2eds/bin/gnu/h-x86_64-mingw32/bin/../lib/gcc/nios2-elf/5.3.0/mno-hw-mul\libgcc.a
START GROUP
LOAD ../SoftwareRansac_bsp//newlib/nios2-elf/lib\libc.a
LOAD c:/intelfpga_lite/18.1/nios2eds/bin/gnu/h-x86_64-mingw32/bin/../lib/gcc/nios2-elf/5.3.0/mno-hw-mul\libgcc.a
LOAD ../SoftwareRansac_bsp/\libhal_bsp.a
LOAD ../SoftwareRansac_bsp//newlib/nios2-elf/lib\libm.a
END GROUP
LOAD c:/intelfpga_lite/18.1/nios2eds/bin/gnu/h-x86_64-mingw32/bin/../lib/gcc/nios2-elf/5.3.0/mno-hw-mul\libgcc.a
                0x0000000000000000                __alt_mem_MemoriaDados = 0x0
                0x0000000000040000                __alt_mem_MemoriaPrograma = 0x40000

.entry          0x0000000000040000       0x20
 *(.entry)
 .entry         0x0000000000040000       0x20 ../SoftwareRansac_bsp//obj/HAL/src/crt0.o
                0x0000000000040000                __reset

.exceptions     0x0000000000040020      0x210
                0x0000000000040020                PROVIDE (__ram_exceptions_start, ABSOLUTE (.))
                0x0000000000040020                . = ALIGN (0x20)
 *(.irq)
 *(.exceptions.entry.label)
 .exceptions.entry.label
                0x0000000000040020        0x0 ../SoftwareRansac_bsp/\libhal_bsp.a(alt_irq_entry.o)
                0x0000000000040020                alt_irq_entry
 .exceptions.entry.label
                0x0000000000040020        0x0 ../SoftwareRansac_bsp/\libhal_bsp.a(alt_exception_entry.o)
                0x0000000000040020                alt_exception
 *(.exceptions.entry.user)
 *(.exceptions.entry.ecc_fatal)
 *(.exceptions.entry)
 .exceptions.entry
                0x0000000000040020       0x54 ../SoftwareRansac_bsp/\libhal_bsp.a(alt_exception_entry.o)
 *(.exceptions.irqtest.user)
 *(.exceptions.irqtest)
 .exceptions.irqtest
                0x0000000000040074       0x10 ../SoftwareRansac_bsp/\libhal_bsp.a(alt_irq_entry.o)
 *(.exceptions.irqhandler.user)
 *(.exceptions.irqhandler)
 .exceptions.irqhandler
                0x0000000000040084        0x4 ../SoftwareRansac_bsp/\libhal_bsp.a(alt_irq_entry.o)
 *(.exceptions.irqreturn.user)
 *(.exceptions.irqreturn)
 .exceptions.irqreturn
                0x0000000000040088        0x4 ../SoftwareRansac_bsp/\libhal_bsp.a(alt_irq_entry.o)
 *(.exceptions.notirq.label)
 .exceptions.notirq.label
                0x000000000004008c        0x0 ../SoftwareRansac_bsp/\libhal_bsp.a(alt_irq_entry.o)
 *(.exceptions.notirq.user)
 *(.exceptions.notirq)
 .exceptions.notirq
                0x000000000004008c        0x8 ../SoftwareRansac_bsp/\libhal_bsp.a(alt_exception_entry.o)
 *(.exceptions.soft.user)
 *(.exceptions.soft)
 *(.exceptions.unknown.user)
 *(.exceptions.unknown)
 .exceptions.unknown
                0x0000000000040094       0x14 ../SoftwareRansac_bsp/\libhal_bsp.a(alt_exception_entry.o)
 *(.exceptions.exit.label)
 .exceptions.exit.label
                0x00000000000400a8        0x0 ../SoftwareRansac_bsp/\libhal_bsp.a(alt_irq_entry.o)
 .exceptions.exit.label
                0x00000000000400a8        0x0 ../SoftwareRansac_bsp/\libhal_bsp.a(alt_exception_entry.o)
 *(.exceptions.exit.user)
 *(.exceptions.exit)
 .exceptions.exit
                0x00000000000400a8       0x54 ../SoftwareRansac_bsp/\libhal_bsp.a(alt_exception_entry.o)
 *(.exceptions)
 .exceptions    0x00000000000400fc       0xd4 ../SoftwareRansac_bsp/\libhal_bsp.a(alt_irq_handler.o)
                0x00000000000400fc                alt_irq_handler
 .exceptions    0x00000000000401d0       0x60 ../SoftwareRansac_bsp/\libhal_bsp.a(alt_instruction_exception_entry.o)
                0x00000000000401d0                alt_instruction_exception_entry
                0x0000000000040230                PROVIDE (__ram_exceptions_end, ABSOLUTE (.))
                0x0000000000040020                PROVIDE (__flash_exceptions_start, LOADADDR (.exceptions))

.text           0x0000000000040230    0x14a9c
                [!provide]                        PROVIDE (stext, ABSOLUTE (.))
 *(.interp)
 *(.hash)
 *(.dynsym)
 *(.dynstr)
 *(.gnu.version)
 *(.gnu.version_d)
 *(.gnu.version_r)
 *(.rel.init)
 *(.rela.init)
 *(.rel.text .rel.text.* .rel.gnu.linkonce.t.*)
 *(.rela.text .rela.text.* .rela.gnu.linkonce.t.*)
 *(.rel.fini)
 *(.rela.fini)
 *(.rel.rodata .rel.rodata.* .rel.gnu.linkonce.r.*)
 *(.rela.rodata .rela.rodata.* .rela.gnu.linkonce.r.*)
 *(.rel.data .rel.data.* .rel.gnu.linkonce.d.*)
 *(.rela.data .rela.data.* .rela.gnu.linkonce.d.*)
 *(.rel.tdata .rel.tdata.* .rel.gnu.linkonce.td.*)
 *(.rela.tdata .rela.tdata.* .rela.gnu.linkonce.td.*)
 *(.rel.tbss .rel.tbss.* .rel.gnu.linkonce.tb.*)
 *(.rela.tbss .rela.tbss.* .rela.gnu.linkonce.tb.*)
 *(.rel.ctors)
 *(.rela.ctors)
 *(.rel.dtors)
 *(.rela.dtors)
 *(.rel.got)
 *(.rela.got)
 *(.rel.sdata .rel.sdata.* .rel.gnu.linkonce.s.*)
 *(.rela.sdata .rela.sdata.* .rela.gnu.linkonce.s.*)
 *(.rel.sbss .rel.sbss.* .rel.gnu.linkonce.sb.*)
 *(.rela.sbss .rela.sbss.* .rela.gnu.linkonce.sb.*)
 *(.rel.sdata2 .rel.sdata2.* .rel.gnu.linkonce.s2.*)
 *(.rela.sdata2 .rela.sdata2.* .rela.gnu.linkonce.s2.*)
 *(.rel.sbss2 .rel.sbss2.* .rel.gnu.linkonce.sb2.*)
 *(.rela.sbss2 .rela.sbss2.* .rela.gnu.linkonce.sb2.*)
 *(.rel.bss .rel.bss.* .rel.gnu.linkonce.b.*)
 *(.rela.bss .rela.bss.* .rela.gnu.linkonce.b.*)
 *(.rel.plt)
 *(.rela.plt)
 *(.rel.dyn)
 *(.init)
 *(.plt)
 *(.text .stub .text.* .gnu.linkonce.t.*)
 .text          0x0000000000040230       0x3c ../SoftwareRansac_bsp//obj/HAL/src/crt0.o
                0x0000000000040230                _start
 .text          0x000000000004026c      0x304 obj/default/main.o
                0x000000000004026c                main
 .text          0x0000000000040570     0x100c obj/default/ransac.o
                0x0000000000040570                calculateIntersection
                0x0000000000040634                getAngleFromModel
                0x00000000000406cc                leastSquare
                0x0000000000040924                coefficientOfDetermination
                0x0000000000040a64                inliersOutliersMemory
                0x0000000000040d00                inliersOutliers
                0x0000000000040f38                checkModel
                0x000000000004113c                squareDistanceBetweenPoints
                0x00000000000411f8                RANSAC
 .text          0x000000000004157c        0x0 ../SoftwareRansac_bsp//newlib/nios2-elf/lib\libm.a(lib_a-s_atan.o)
 .text.atan     0x000000000004157c      0xa14 ../SoftwareRansac_bsp//newlib/nios2-elf/lib\libm.a(lib_a-s_atan.o)
                0x000000000004157c                atan
 .text          0x0000000000041f90        0x0 ../SoftwareRansac_bsp//newlib/nios2-elf/lib\libm.a(lib_a-s_fabs.o)
 .text.fabs     0x0000000000041f90       0x88 ../SoftwareRansac_bsp//newlib/nios2-elf/lib\libm.a(lib_a-s_fabs.o)
                0x0000000000041f90                fabs
 .text          0x0000000000042018      0x1b4 c:/intelfpga_lite/18.1/nios2eds/bin/gnu/h-x86_64-mingw32/bin/../lib/gcc/nios2-elf/5.3.0/mno-hw-mul\libgcc.a(lib2-divmod.o)
                0x0000000000042018                __divsi3
                0x000000000004209c                __modsi3
                0x0000000000042110                __udivsi3
                0x0000000000042174                __umodsi3
 .text          0x00000000000421cc       0x28 c:/intelfpga_lite/18.1/nios2eds/bin/gnu/h-x86_64-mingw32/bin/../lib/gcc/nios2-elf/5.3.0/mno-hw-mul\libgcc.a(lib2-mul.o)
                0x00000000000421cc                __mulsi3
 .text          0x00000000000421f4      0x8ac c:/intelfpga_lite/18.1/nios2eds/bin/gnu/h-x86_64-mingw32/bin/../lib/gcc/nios2-elf/5.3.0/mno-hw-mul\libgcc.a(adddf3.o)
                0x00000000000421f4                __adddf3
 .text          0x0000000000042aa0      0x9d0 c:/intelfpga_lite/18.1/nios2eds/bin/gnu/h-x86_64-mingw32/bin/../lib/gcc/nios2-elf/5.3.0/mno-hw-mul\libgcc.a(divdf3.o)
                0x0000000000042aa0                __divdf3
 .text          0x0000000000043470       0xdc c:/intelfpga_lite/18.1/nios2eds/bin/gnu/h-x86_64-mingw32/bin/../lib/gcc/nios2-elf/5.3.0/mno-hw-mul\libgcc.a(gedf2.o)
                0x0000000000043470                __gedf2
                0x0000000000043470                __gtdf2
 .text          0x000000000004354c      0x86c c:/intelfpga_lite/18.1/nios2eds/bin/gnu/h-x86_64-mingw32/bin/../lib/gcc/nios2-elf/5.3.0/mno-hw-mul\libgcc.a(muldf3.o)
                0x000000000004354c                __muldf3
 .text          0x0000000000043db8      0x8fc c:/intelfpga_lite/18.1/nios2eds/bin/gnu/h-x86_64-mingw32/bin/../lib/gcc/nios2-elf/5.3.0/mno-hw-mul\libgcc.a(subdf3.o)
                0x0000000000043db8                __subdf3
 .text          0x00000000000446b4       0x80 c:/intelfpga_lite/18.1/nios2eds/bin/gnu/h-x86_64-mingw32/bin/../lib/gcc/nios2-elf/5.3.0/mno-hw-mul\libgcc.a(fixdfsi.o)
                0x00000000000446b4                __fixdfsi
 .text          0x0000000000044734       0xdc c:/intelfpga_lite/18.1/nios2eds/bin/gnu/h-x86_64-mingw32/bin/../lib/gcc/nios2-elf/5.3.0/mno-hw-mul\libgcc.a(floatsidf.o)
                0x0000000000044734                __floatsidf
 .text          0x0000000000044810      0x110 c:/intelfpga_lite/18.1/nios2eds/bin/gnu/h-x86_64-mingw32/bin/../lib/gcc/nios2-elf/5.3.0/mno-hw-mul\libgcc.a(extendsfdf2.o)
                0x0000000000044810                __extendsfdf2
 .text          0x0000000000044920      0x1a8 c:/intelfpga_lite/18.1/nios2eds/bin/gnu/h-x86_64-mingw32/bin/../lib/gcc/nios2-elf/5.3.0/mno-hw-mul\libgcc.a(truncdfsf2.o)
                0x0000000000044920                __truncdfsf2
 .text          0x0000000000044ac8       0x64 c:/intelfpga_lite/18.1/nios2eds/bin/gnu/h-x86_64-mingw32/bin/../lib/gcc/nios2-elf/5.3.0/mno-hw-mul\libgcc.a(_clzsi2.o)
                0x0000000000044ac8                __clzsi2
 .text          0x0000000000044b2c        0x0 c:/intelfpga_lite/18.1/nios2eds/bin/gnu/h-x86_64-mingw32/bin/../lib/gcc/nios2-elf/5.3.0/mno-hw-mul\libgcc.a(_clz.o)
 .text          0x0000000000044b2c        0x0 ../SoftwareRansac_bsp//newlib/nios2-elf/lib\libc.a(lib_a-printf.o)
 .text._printf_r
                0x0000000000044b2c       0x64 ../SoftwareRansac_bsp//newlib/nios2-elf/lib\libc.a(lib_a-printf.o)
                0x0000000000044b2c                _printf_r
 .text.printf   0x0000000000044b90       0x68 ../SoftwareRansac_bsp//newlib/nios2-elf/lib\libc.a(lib_a-printf.o)
                0x0000000000044b90                printf
 .text          0x0000000000044bf8        0x0 ../SoftwareRansac_bsp//newlib/nios2-elf/lib\libc.a(lib_a-puts.o)
 .text._puts_r  0x0000000000044bf8      0x118 ../SoftwareRansac_bsp//newlib/nios2-elf/lib\libc.a(lib_a-puts.o)
                0x0000000000044bf8                _puts_r
 .text.puts     0x0000000000044d10       0x38 ../SoftwareRansac_bsp//newlib/nios2-elf/lib\libc.a(lib_a-puts.o)
                0x0000000000044d10                puts
 .text          0x0000000000044d48        0x0 ../SoftwareRansac_bsp//newlib/nios2-elf/lib\libc.a(lib_a-rand.o)
 .text.srand    0x0000000000044d48       0x44 ../SoftwareRansac_bsp//newlib/nios2-elf/lib\libc.a(lib_a-rand.o)
                0x0000000000044d48                srand
 .text.rand     0x0000000000044d8c       0xc8 ../SoftwareRansac_bsp//newlib/nios2-elf/lib\libc.a(lib_a-rand.o)
                0x0000000000044d8c                rand
 .text          0x0000000000044e54        0x0 ../SoftwareRansac_bsp//newlib/nios2-elf/lib\libc.a(lib_a-strlen.o)
 .text.strlen   0x0000000000044e54       0xf4 ../SoftwareRansac_bsp//newlib/nios2-elf/lib\libc.a(lib_a-strlen.o)
                0x0000000000044e54                strlen
 .text          0x0000000000044f48        0x0 ../SoftwareRansac_bsp//newlib/nios2-elf/lib\libc.a(lib_a-vfprintf.o)
 .text.__sbprintf
                0x0000000000044f48       0xf0 ../SoftwareRansac_bsp//newlib/nios2-elf/lib\libc.a(lib_a-vfprintf.o)
 .text.__vfprintf_internal
                0x0000000000045038       0x50 ../SoftwareRansac_bsp//newlib/nios2-elf/lib\libc.a(lib_a-vfprintf.o)
                0x0000000000045038                __vfprintf_internal
 .text.___vfprintf_internal_r
                0x0000000000045088     0x20e8 ../SoftwareRansac_bsp//newlib/nios2-elf/lib\libc.a(lib_a-vfprintf.o)
                0x0000000000045088                ___vfprintf_internal_r
 .text.cvt      0x0000000000047170      0x20c ../SoftwareRansac_bsp//newlib/nios2-elf/lib\libc.a(lib_a-vfprintf.o)
 .text.exponent
                0x000000000004737c      0x140 ../SoftwareRansac_bsp//newlib/nios2-elf/lib\libc.a(lib_a-vfprintf.o)
 .text          0x00000000000474bc        0x0 ../SoftwareRansac_bsp//newlib/nios2-elf/lib\libc.a(lib_a-wsetup.o)
 .text.__swsetup_r
                0x00000000000474bc      0x1a0 ../SoftwareRansac_bsp//newlib/nios2-elf/lib\libc.a(lib_a-wsetup.o)
                0x00000000000474bc                __swsetup_r
 .text          0x000000000004765c        0x0 ../SoftwareRansac_bsp//newlib/nios2-elf/lib\libc.a(lib_a-dtoa.o)
 .text.quorem   0x000000000004765c      0x3c4 ../SoftwareRansac_bsp//newlib/nios2-elf/lib\libc.a(lib_a-dtoa.o)
 .text._dtoa_r  0x0000000000047a20     0x1b78 ../SoftwareRansac_bsp//newlib/nios2-elf/lib\libc.a(lib_a-dtoa.o)
                0x0000000000047a20                _dtoa_r
 .text          0x0000000000049598        0x0 ../SoftwareRansac_bsp//newlib/nios2-elf/lib\libc.a(lib_a-fflush.o)
 .text.__sflush_r
                0x0000000000049598      0x304 ../SoftwareRansac_bsp//newlib/nios2-elf/lib\libc.a(lib_a-fflush.o)
                0x0000000000049598                __sflush_r
 .text._fflush_r
                0x000000000004989c       0x88 ../SoftwareRansac_bsp//newlib/nios2-elf/lib\libc.a(lib_a-fflush.o)
                0x000000000004989c                _fflush_r
 .text.fflush   0x0000000000049924       0x54 ../SoftwareRansac_bsp//newlib/nios2-elf/lib\libc.a(lib_a-fflush.o)
                0x0000000000049924                fflush
 .text          0x0000000000049978        0x0 ../SoftwareRansac_bsp//newlib/nios2-elf/lib\libc.a(lib_a-findfp.o)
 .text.std      0x0000000000049978       0xf4 ../SoftwareRansac_bsp//newlib/nios2-elf/lib\libc.a(lib_a-findfp.o)
 .text.__sfmoreglue
                0x0000000000049a6c       0xbc ../SoftwareRansac_bsp//newlib/nios2-elf/lib\libc.a(lib_a-findfp.o)
                0x0000000000049a6c                __sfmoreglue
 .text.__sfp    0x0000000000049b28      0x194 ../SoftwareRansac_bsp//newlib/nios2-elf/lib\libc.a(lib_a-findfp.o)
                0x0000000000049b28                __sfp
 .text._cleanup_r
                0x0000000000049cbc       0x44 ../SoftwareRansac_bsp//newlib/nios2-elf/lib\libc.a(lib_a-findfp.o)
                0x0000000000049cbc                _cleanup_r
 .text._cleanup
                0x0000000000049d00       0x34 ../SoftwareRansac_bsp//newlib/nios2-elf/lib\libc.a(lib_a-findfp.o)
                0x0000000000049d00                _cleanup
 .text.__sinit  0x0000000000049d34       0xd8 ../SoftwareRansac_bsp//newlib/nios2-elf/lib\libc.a(lib_a-findfp.o)
                0x0000000000049d34                __sinit
 .text.__sfp_lock_acquire
                0x0000000000049e0c       0x20 ../SoftwareRansac_bsp//newlib/nios2-elf/lib\libc.a(lib_a-findfp.o)
                0x0000000000049e0c                __sfp_lock_acquire
 .text.__sfp_lock_release
                0x0000000000049e2c       0x20 ../SoftwareRansac_bsp//newlib/nios2-elf/lib\libc.a(lib_a-findfp.o)
                0x0000000000049e2c                __sfp_lock_release
 .text.__sinit_lock_acquire
                0x0000000000049e4c       0x20 ../SoftwareRansac_bsp//newlib/nios2-elf/lib\libc.a(lib_a-findfp.o)
                0x0000000000049e4c                __sinit_lock_acquire
 .text.__sinit_lock_release
                0x0000000000049e6c       0x20 ../SoftwareRansac_bsp//newlib/nios2-elf/lib\libc.a(lib_a-findfp.o)
                0x0000000000049e6c                __sinit_lock_release
 .text.__fp_lock
                0x0000000000049e8c       0x24 ../SoftwareRansac_bsp//newlib/nios2-elf/lib\libc.a(lib_a-findfp.o)
 .text.__fp_unlock
                0x0000000000049eb0       0x24 ../SoftwareRansac_bsp//newlib/nios2-elf/lib\libc.a(lib_a-findfp.o)
 .text.__fp_lock_all
                0x0000000000049ed4       0x40 ../SoftwareRansac_bsp//newlib/nios2-elf/lib\libc.a(lib_a-findfp.o)
                0x0000000000049ed4                __fp_lock_all
 .text.__fp_unlock_all
                0x0000000000049f14       0x40 ../SoftwareRansac_bsp//newlib/nios2-elf/lib\libc.a(lib_a-findfp.o)
                0x0000000000049f14                __fp_unlock_all
 .text          0x0000000000049f54        0x0 ../SoftwareRansac_bsp//newlib/nios2-elf/lib\libc.a(lib_a-freer.o)
 .text._free_r  0x0000000000049f54      0x560 ../SoftwareRansac_bsp//newlib/nios2-elf/lib\libc.a(lib_a-freer.o)
                0x0000000000049f54                _free_r
 .text._malloc_trim_r
                0x000000000004a4b4      0x1d0 ../SoftwareRansac_bsp//newlib/nios2-elf/lib\libc.a(lib_a-freer.o)
                0x000000000004a4b4                _malloc_trim_r
 .text          0x000000000004a684        0x0 ../SoftwareRansac_bsp//newlib/nios2-elf/lib\libc.a(lib_a-fvwrite.o)
 .text.__sfvwrite_r
                0x000000000004a684      0x5e8 ../SoftwareRansac_bsp//newlib/nios2-elf/lib\libc.a(lib_a-fvwrite.o)
                0x000000000004a684                __sfvwrite_r
 .text          0x000000000004ac6c        0x0 ../SoftwareRansac_bsp//newlib/nios2-elf/lib\libc.a(lib_a-fwalk.o)
 .text._fwalk   0x000000000004ac6c       0xd8 ../SoftwareRansac_bsp//newlib/nios2-elf/lib\libc.a(lib_a-fwalk.o)
                0x000000000004ac6c                _fwalk
 .text._fwalk_reent
                0x000000000004ad44       0xdc ../SoftwareRansac_bsp//newlib/nios2-elf/lib\libc.a(lib_a-fwalk.o)
                0x000000000004ad44                _fwalk_reent
 .text          0x000000000004ae20        0x0 ../SoftwareRansac_bsp//newlib/nios2-elf/lib\libc.a(lib_a-impure.o)
 .text          0x000000000004ae20        0x0 ../SoftwareRansac_bsp//newlib/nios2-elf/lib\libc.a(lib_a-locale.o)
 .text._setlocale_r
                0x000000000004ae20       0x84 ../SoftwareRansac_bsp//newlib/nios2-elf/lib\libc.a(lib_a-locale.o)
                0x000000000004ae20                _setlocale_r
 .text.__locale_charset
                0x000000000004aea4       0x24 ../SoftwareRansac_bsp//newlib/nios2-elf/lib\libc.a(lib_a-locale.o)
                0x000000000004aea4                __locale_charset
 .text.__locale_mb_cur_max
                0x000000000004aec8       0x20 ../SoftwareRansac_bsp//newlib/nios2-elf/lib\libc.a(lib_a-locale.o)
                0x000000000004aec8                __locale_mb_cur_max
 .text.__locale_msgcharset
                0x000000000004aee8       0x24 ../SoftwareRansac_bsp//newlib/nios2-elf/lib\libc.a(lib_a-locale.o)
                0x000000000004aee8                __locale_msgcharset
 .text.__locale_cjk_lang
                0x000000000004af0c       0x20 ../SoftwareRansac_bsp//newlib/nios2-elf/lib\libc.a(lib_a-locale.o)
                0x000000000004af0c                __locale_cjk_lang
 .text._localeconv_r
                0x000000000004af2c       0x28 ../SoftwareRansac_bsp//newlib/nios2-elf/lib\libc.a(lib_a-locale.o)
                0x000000000004af2c                _localeconv_r
 .text.setlocale
                0x000000000004af54       0x40 ../SoftwareRansac_bsp//newlib/nios2-elf/lib\libc.a(lib_a-locale.o)
                0x000000000004af54                setlocale
 .text.localeconv
                0x000000000004af94       0x30 ../SoftwareRansac_bsp//newlib/nios2-elf/lib\libc.a(lib_a-locale.o)
                0x000000000004af94                localeconv
 .text          0x000000000004afc4        0x0 ../SoftwareRansac_bsp//newlib/nios2-elf/lib\libc.a(lib_a-makebuf.o)
 .text.__smakebuf_r
                0x000000000004afc4      0x22c ../SoftwareRansac_bsp//newlib/nios2-elf/lib\libc.a(lib_a-makebuf.o)
                0x000000000004afc4                __smakebuf_r
 .text          0x000000000004b1f0        0x0 ../SoftwareRansac_bsp//newlib/nios2-elf/lib\libc.a(lib_a-mallocr.o)
 .text.malloc_extend_top
                0x000000000004b1f0      0x3b4 ../SoftwareRansac_bsp//newlib/nios2-elf/lib\libc.a(lib_a-mallocr.o)
 .text._malloc_r
                0x000000000004b5a4      0xb7c ../SoftwareRansac_bsp//newlib/nios2-elf/lib\libc.a(lib_a-mallocr.o)
                0x000000000004b5a4                _malloc_r
 .text          0x000000000004c120        0x0 ../SoftwareRansac_bsp//newlib/nios2-elf/lib\libc.a(lib_a-memchr.o)
 .text.memchr   0x000000000004c120      0x1bc ../SoftwareRansac_bsp//newlib/nios2-elf/lib\libc.a(lib_a-memchr.o)
                0x000000000004c120                memchr
 .text          0x000000000004c2dc        0x0 ../SoftwareRansac_bsp//newlib/nios2-elf/lib\libc.a(lib_a-memcpy.o)
 .text.memcpy   0x000000000004c2dc      0x188 ../SoftwareRansac_bsp//newlib/nios2-elf/lib\libc.a(lib_a-memcpy.o)
                0x000000000004c2dc                memcpy
 .text          0x000000000004c464        0x0 ../SoftwareRansac_bsp//newlib/nios2-elf/lib\libc.a(lib_a-memmove.o)
 .text.memmove  0x000000000004c464      0x208 ../SoftwareRansac_bsp//newlib/nios2-elf/lib\libc.a(lib_a-memmove.o)
                0x000000000004c464                memmove
 .text          0x000000000004c66c        0x0 ../SoftwareRansac_bsp//newlib/nios2-elf/lib\libc.a(lib_a-memset.o)
 .text.memset   0x000000000004c66c      0x1c4 ../SoftwareRansac_bsp//newlib/nios2-elf/lib\libc.a(lib_a-memset.o)
                0x000000000004c66c                memset
 .text          0x000000000004c830        0x0 ../SoftwareRansac_bsp//newlib/nios2-elf/lib\libc.a(lib_a-mprec.o)
 .text._Balloc  0x000000000004c830      0x130 ../SoftwareRansac_bsp//newlib/nios2-elf/lib\libc.a(lib_a-mprec.o)
                0x000000000004c830                _Balloc
 .text._Bfree   0x000000000004c960       0x7c ../SoftwareRansac_bsp//newlib/nios2-elf/lib\libc.a(lib_a-mprec.o)
                0x000000000004c960                _Bfree
 .text.__multadd
                0x000000000004c9dc      0x1ac ../SoftwareRansac_bsp//newlib/nios2-elf/lib\libc.a(lib_a-mprec.o)
                0x000000000004c9dc                __multadd
 .text.__s2b    0x000000000004cb88      0x18c ../SoftwareRansac_bsp//newlib/nios2-elf/lib\libc.a(lib_a-mprec.o)
                0x000000000004cb88                __s2b
 .text.__hi0bits
                0x000000000004cd14       0x90 ../SoftwareRansac_bsp//newlib/nios2-elf/lib\libc.a(lib_a-mprec.o)
                0x000000000004cd14                __hi0bits
 .text.__lo0bits
                0x000000000004cda4       0xec ../SoftwareRansac_bsp//newlib/nios2-elf/lib\libc.a(lib_a-mprec.o)
                0x000000000004cda4                __lo0bits
 .text.__i2b    0x000000000004ce90       0x58 ../SoftwareRansac_bsp//newlib/nios2-elf/lib\libc.a(lib_a-mprec.o)
                0x000000000004ce90                __i2b
 .text.__multiply
                0x000000000004cee8      0x3f0 ../SoftwareRansac_bsp//newlib/nios2-elf/lib\libc.a(lib_a-mprec.o)
                0x000000000004cee8                __multiply
 .text.__pow5mult
                0x000000000004d2d8      0x178 ../SoftwareRansac_bsp//newlib/nios2-elf/lib\libc.a(lib_a-mprec.o)
                0x000000000004d2d8                __pow5mult
 .text.__lshift
                0x000000000004d450      0x1f8 ../SoftwareRansac_bsp//newlib/nios2-elf/lib\libc.a(lib_a-mprec.o)
                0x000000000004d450                __lshift
 .text.__mcmp   0x000000000004d648      0x114 ../SoftwareRansac_bsp//newlib/nios2-elf/lib\libc.a(lib_a-mprec.o)
                0x000000000004d648                __mcmp
 .text.__mdiff  0x000000000004d75c      0x2a4 ../SoftwareRansac_bsp//newlib/nios2-elf/lib\libc.a(lib_a-mprec.o)
                0x000000000004d75c                __mdiff
 .text.__ulp    0x000000000004da00       0xcc ../SoftwareRansac_bsp//newlib/nios2-elf/lib\libc.a(lib_a-mprec.o)
                0x000000000004da00                __ulp
 .text.__b2d    0x000000000004dacc      0x204 ../SoftwareRansac_bsp//newlib/nios2-elf/lib\libc.a(lib_a-mprec.o)
                0x000000000004dacc                __b2d
 .text.__d2b    0x000000000004dcd0      0x240 ../SoftwareRansac_bsp//newlib/nios2-elf/lib\libc.a(lib_a-mprec.o)
                0x000000000004dcd0                __d2b
 .text.__ratio  0x000000000004df10      0x11c ../SoftwareRansac_bsp//newlib/nios2-elf/lib\libc.a(lib_a-mprec.o)
                0x000000000004df10                __ratio
 .text._mprec_log10
                0x000000000004e02c       0xb0 ../SoftwareRansac_bsp//newlib/nios2-elf/lib\libc.a(lib_a-mprec.o)
                0x000000000004e02c                _mprec_log10
 .text.__copybits
                0x000000000004e0dc       0xd0 ../SoftwareRansac_bsp//newlib/nios2-elf/lib\libc.a(lib_a-mprec.o)
                0x000000000004e0dc                __copybits
 .text.__any_on
                0x000000000004e1ac      0x134 ../SoftwareRansac_bsp//newlib/nios2-elf/lib\libc.a(lib_a-mprec.o)
                0x000000000004e1ac                __any_on
 .text          0x000000000004e2e0        0x0 ../SoftwareRansac_bsp//newlib/nios2-elf/lib\libc.a(lib_a-reallocr.o)
 .text._realloc_r
                0x000000000004e2e0      0xbf0 ../SoftwareRansac_bsp//newlib/nios2-elf/lib\libc.a(lib_a-reallocr.o)
                0x000000000004e2e0                _realloc_r
 .text          0x000000000004eed0        0x0 ../SoftwareRansac_bsp//newlib/nios2-elf/lib\libc.a(lib_a-s_fpclassify.o)
 .text.__fpclassifyd
                0x000000000004eed0      0x104 ../SoftwareRansac_bsp//newlib/nios2-elf/lib\libc.a(lib_a-s_fpclassify.o)
                0x000000000004eed0                __fpclassifyd
 .text          0x000000000004efd4        0x0 ../SoftwareRansac_bsp//newlib/nios2-elf/lib\libc.a(lib_a-sbrkr.o)
 .text._sbrk_r  0x000000000004efd4       0x60 ../SoftwareRansac_bsp//newlib/nios2-elf/lib\libc.a(lib_a-sbrkr.o)
                0x000000000004efd4                _sbrk_r
 .text          0x000000000004f034        0x0 ../SoftwareRansac_bsp//newlib/nios2-elf/lib\libc.a(lib_a-stdio.o)
 .text.__sread  0x000000000004f034       0x9c ../SoftwareRansac_bsp//newlib/nios2-elf/lib\libc.a(lib_a-stdio.o)
                0x000000000004f034                __sread
 .text.__seofread
                0x000000000004f0d0       0x30 ../SoftwareRansac_bsp//newlib/nios2-elf/lib\libc.a(lib_a-stdio.o)
                0x000000000004f0d0                __seofread
 .text.__swrite
                0x000000000004f100       0xb4 ../SoftwareRansac_bsp//newlib/nios2-elf/lib\libc.a(lib_a-stdio.o)
                0x000000000004f100                __swrite
 .text.__sseek  0x000000000004f1b4       0xa0 ../SoftwareRansac_bsp//newlib/nios2-elf/lib\libc.a(lib_a-stdio.o)
                0x000000000004f1b4                __sseek
 .text.__sclose
                0x000000000004f254       0x54 ../SoftwareRansac_bsp//newlib/nios2-elf/lib\libc.a(lib_a-stdio.o)
                0x000000000004f254                __sclose
 .text          0x000000000004f2a8        0x0 ../SoftwareRansac_bsp//newlib/nios2-elf/lib\libc.a(lib_a-strcmp.o)
 .text.strcmp   0x000000000004f2a8      0x140 ../SoftwareRansac_bsp//newlib/nios2-elf/lib\libc.a(lib_a-strcmp.o)
                0x000000000004f2a8                strcmp
 .text          0x000000000004f3e8        0x0 ../SoftwareRansac_bsp//newlib/nios2-elf/lib\libc.a(lib_a-vfiprintf.o)
 .text.__sprint_r
                0x000000000004f3e8      0x13c ../SoftwareRansac_bsp//newlib/nios2-elf/lib\libc.a(lib_a-vfiprintf.o)
                0x000000000004f3e8                __sprint_r
 .text.__sbprintf
                0x000000000004f524       0xf0 ../SoftwareRansac_bsp//newlib/nios2-elf/lib\libc.a(lib_a-vfiprintf.o)
 .text.__vfiprintf_internal
                0x000000000004f614       0x50 ../SoftwareRansac_bsp//newlib/nios2-elf/lib\libc.a(lib_a-vfiprintf.o)
                0x000000000004f614                __vfiprintf_internal
 .text.___vfiprintf_internal_r
                0x000000000004f664     0x12dc ../SoftwareRansac_bsp//newlib/nios2-elf/lib\libc.a(lib_a-vfiprintf.o)
                0x000000000004f664                ___vfiprintf_internal_r
 .text          0x0000000000050940        0x0 ../SoftwareRansac_bsp//newlib/nios2-elf/lib\libc.a(lib_a-writer.o)
 .text._write_r
                0x0000000000050940       0x70 ../SoftwareRansac_bsp//newlib/nios2-elf/lib\libc.a(lib_a-writer.o)
                0x0000000000050940                _write_r
 .text          0x00000000000509b0        0x0 ../SoftwareRansac_bsp//newlib/nios2-elf/lib\libc.a(closer.o)
 .text._close_r
                0x00000000000509b0       0x60 ../SoftwareRansac_bsp//newlib/nios2-elf/lib\libc.a(closer.o)
                0x00000000000509b0                _close_r
 .text          0x0000000000050a10        0x0 ../SoftwareRansac_bsp//newlib/nios2-elf/lib\libc.a(lib_a-callocr.o)
 .text._calloc_r
                0x0000000000050a10      0x164 ../SoftwareRansac_bsp//newlib/nios2-elf/lib\libc.a(lib_a-callocr.o)
                0x0000000000050a10                _calloc_r
 .text          0x0000000000050b74        0x0 ../SoftwareRansac_bsp//newlib/nios2-elf/lib\libc.a(lib_a-fclose.o)
 .text._fclose_r
                0x0000000000050b74      0x12c ../SoftwareRansac_bsp//newlib/nios2-elf/lib\libc.a(lib_a-fclose.o)
                0x0000000000050b74                _fclose_r
 .text.fclose   0x0000000000050ca0       0x38 ../SoftwareRansac_bsp//newlib/nios2-elf/lib\libc.a(lib_a-fclose.o)
                0x0000000000050ca0                fclose
 .text          0x0000000000050cd8        0x0 ../SoftwareRansac_bsp//newlib/nios2-elf/lib\libc.a(lib_a-fputwc.o)
 .text.__fputwc
                0x0000000000050cd8      0x1f4 ../SoftwareRansac_bsp//newlib/nios2-elf/lib\libc.a(lib_a-fputwc.o)
                0x0000000000050cd8                __fputwc
 .text._fputwc_r
                0x0000000000050ecc       0x88 ../SoftwareRansac_bsp//newlib/nios2-elf/lib\libc.a(lib_a-fputwc.o)
                0x0000000000050ecc                _fputwc_r
 .text.fputwc   0x0000000000050f54       0x68 ../SoftwareRansac_bsp//newlib/nios2-elf/lib\libc.a(lib_a-fputwc.o)
                0x0000000000050f54                fputwc
 .text          0x0000000000050fbc        0x0 ../SoftwareRansac_bsp//newlib/nios2-elf/lib\libc.a(lib_a-fstatr.o)
 .text._fstat_r
                0x0000000000050fbc       0x68 ../SoftwareRansac_bsp//newlib/nios2-elf/lib\libc.a(lib_a-fstatr.o)
                0x0000000000050fbc                _fstat_r
 .text          0x0000000000051024        0x0 ../SoftwareRansac_bsp//newlib/nios2-elf/lib\libc.a(lib_a-int_errno.o)
 .text          0x0000000000051024        0x0 ../SoftwareRansac_bsp//newlib/nios2-elf/lib\libc.a(lib_a-isattyr.o)
 .text._isatty_r
                0x0000000000051024       0x60 ../SoftwareRansac_bsp//newlib/nios2-elf/lib\libc.a(lib_a-isattyr.o)
                0x0000000000051024                _isatty_r
 .text          0x0000000000051084        0x0 ../SoftwareRansac_bsp//newlib/nios2-elf/lib\libc.a(lib_a-lseekr.o)
 .text._lseek_r
                0x0000000000051084       0x70 ../SoftwareRansac_bsp//newlib/nios2-elf/lib\libc.a(lib_a-lseekr.o)
                0x0000000000051084                _lseek_r
 .text          0x00000000000510f4        0x0 ../SoftwareRansac_bsp//newlib/nios2-elf/lib\libc.a(lib_a-readr.o)
 .text._read_r  0x00000000000510f4       0x70 ../SoftwareRansac_bsp//newlib/nios2-elf/lib\libc.a(lib_a-readr.o)
                0x00000000000510f4                _read_r
 .text          0x0000000000051164        0x0 ../SoftwareRansac_bsp//newlib/nios2-elf/lib\libc.a(lib_a-wbuf.o)
 .text.__swbuf_r
                0x0000000000051164      0x168 ../SoftwareRansac_bsp//newlib/nios2-elf/lib\libc.a(lib_a-wbuf.o)
                0x0000000000051164                __swbuf_r
 .text.__swbuf  0x00000000000512cc       0x40 ../SoftwareRansac_bsp//newlib/nios2-elf/lib\libc.a(lib_a-wbuf.o)
                0x00000000000512cc                __swbuf
 .text          0x000000000005130c        0x0 ../SoftwareRansac_bsp//newlib/nios2-elf/lib\libc.a(lib_a-wcrtomb.o)
 .text._wcrtomb_r
                0x000000000005130c       0xd4 ../SoftwareRansac_bsp//newlib/nios2-elf/lib\libc.a(lib_a-wcrtomb.o)
                0x000000000005130c                _wcrtomb_r
 .text.wcrtomb  0x00000000000513e0       0xd8 ../SoftwareRansac_bsp//newlib/nios2-elf/lib\libc.a(lib_a-wcrtomb.o)
                0x00000000000513e0                wcrtomb
 .text          0x00000000000514b8        0x0 ../SoftwareRansac_bsp//newlib/nios2-elf/lib\libc.a(lib_a-wctomb_r.o)
 .text._wctomb_r
                0x00000000000514b8       0x64 ../SoftwareRansac_bsp//newlib/nios2-elf/lib\libc.a(lib_a-wctomb_r.o)
                0x00000000000514b8                _wctomb_r
 .text.__ascii_wctomb
                0x000000000005151c       0x78 ../SoftwareRansac_bsp//newlib/nios2-elf/lib\libc.a(lib_a-wctomb_r.o)
                0x000000000005151c                __ascii_wctomb
 .text          0x0000000000051594      0x10c c:/intelfpga_lite/18.1/nios2eds/bin/gnu/h-x86_64-mingw32/bin/../lib/gcc/nios2-elf/5.3.0/mno-hw-mul\libgcc.a(_muldi3.o)
                0x0000000000051594                __muldi3
 .text          0x00000000000516a0      0x5fc c:/intelfpga_lite/18.1/nios2eds/bin/gnu/h-x86_64-mingw32/bin/../lib/gcc/nios2-elf/5.3.0/mno-hw-mul\libgcc.a(_udivdi3.o)
                0x00000000000516a0                __udivdi3
 .text          0x0000000000051c9c      0x5c4 c:/intelfpga_lite/18.1/nios2eds/bin/gnu/h-x86_64-mingw32/bin/../lib/gcc/nios2-elf/5.3.0/mno-hw-mul\libgcc.a(_umoddi3.o)
                0x0000000000051c9c                __umoddi3
 .text          0x0000000000052260       0x88 c:/intelfpga_lite/18.1/nios2eds/bin/gnu/h-x86_64-mingw32/bin/../lib/gcc/nios2-elf/5.3.0/mno-hw-mul\libgcc.a(eqdf2.o)
                0x0000000000052260                __nedf2
                0x0000000000052260                __eqdf2
 .text          0x00000000000522e8       0xf4 c:/intelfpga_lite/18.1/nios2eds/bin/gnu/h-x86_64-mingw32/bin/../lib/gcc/nios2-elf/5.3.0/mno-hw-mul\libgcc.a(ledf2.o)
                0x00000000000522e8                __ledf2
                0x00000000000522e8                __ltdf2
 .text          0x00000000000523dc       0xa8 c:/intelfpga_lite/18.1/nios2eds/bin/gnu/h-x86_64-mingw32/bin/../lib/gcc/nios2-elf/5.3.0/mno-hw-mul\libgcc.a(floatunsidf.o)
                0x00000000000523dc                __floatunsidf
 .text          0x0000000000052484      0x114 ../SoftwareRansac_bsp/\libhal_bsp.a(alt_close.o)
                0x00000000000524c0                close
 .text          0x0000000000052598       0x2c ../SoftwareRansac_bsp/\libhal_bsp.a(alt_dev.o)
 .text          0x00000000000525c4        0x0 ../SoftwareRansac_bsp/\libhal_bsp.a(alt_errno.o)
 .text          0x00000000000525c4       0xf4 ../SoftwareRansac_bsp/\libhal_bsp.a(alt_fstat.o)
                0x0000000000052600                fstat
 .text          0x00000000000526b8       0xe8 ../SoftwareRansac_bsp/\libhal_bsp.a(alt_isatty.o)
                0x00000000000526f4                isatty
 .text          0x00000000000527a0       0xec ../SoftwareRansac_bsp/\libhal_bsp.a(alt_load.o)
                0x0000000000052808                alt_load
 .text          0x000000000005288c      0x118 ../SoftwareRansac_bsp/\libhal_bsp.a(alt_lseek.o)
                0x00000000000528c8                lseek
 .text          0x00000000000529a4       0x7c ../SoftwareRansac_bsp/\libhal_bsp.a(alt_main.o)
                0x00000000000529a4                alt_main
 .text          0x0000000000052a20       0x48 ../SoftwareRansac_bsp/\libhal_bsp.a(alt_malloc_lock.o)
                0x0000000000052a20                __malloc_lock
                0x0000000000052a44                __malloc_unlock
 .text          0x0000000000052a68      0x140 ../SoftwareRansac_bsp/\libhal_bsp.a(alt_read.o)
                0x0000000000052aa4                read
 .text          0x0000000000052ba8       0x84 ../SoftwareRansac_bsp/\libhal_bsp.a(alt_release_fd.o)
                0x0000000000052ba8                alt_release_fd
 .text          0x0000000000052c2c       0xb0 ../SoftwareRansac_bsp/\libhal_bsp.a(alt_sbrk.o)
                0x0000000000052c2c                sbrk
 .text          0x0000000000052cdc      0x13c ../SoftwareRansac_bsp/\libhal_bsp.a(alt_write.o)
                0x0000000000052d18                write
 .text          0x0000000000052e18       0xb4 ../SoftwareRansac_bsp/\libhal_bsp.a(alt_sys_init.o)
                0x0000000000052e4c                alt_irq_init
                0x0000000000052e84                alt_sys_init
 .text          0x0000000000052ecc      0x164 ../SoftwareRansac_bsp/\libhal_bsp.a(altera_avalon_jtag_uart_fd.o)
                0x0000000000052ecc                altera_avalon_jtag_uart_read_fd
                0x0000000000052f2c                altera_avalon_jtag_uart_write_fd
                0x0000000000052f8c                altera_avalon_jtag_uart_close_fd
                0x0000000000052fdc                altera_avalon_jtag_uart_ioctl_fd
 .text          0x0000000000053030      0x3d4 ../SoftwareRansac_bsp/\libhal_bsp.a(altera_avalon_jtag_uart_init.o)
                0x0000000000053030                altera_avalon_jtag_uart_init
                0x000000000005339c                altera_avalon_jtag_uart_close
 .text          0x0000000000053404       0xf0 ../SoftwareRansac_bsp/\libhal_bsp.a(altera_avalon_jtag_uart_ioctl.o)
                0x0000000000053404                altera_avalon_jtag_uart_ioctl
 .text          0x00000000000534f4      0x21c ../SoftwareRansac_bsp/\libhal_bsp.a(altera_avalon_jtag_uart_read.o)
                0x00000000000534f4                altera_avalon_jtag_uart_read
 .text          0x0000000000053710      0x224 ../SoftwareRansac_bsp/\libhal_bsp.a(altera_avalon_jtag_uart_write.o)
                0x0000000000053710                altera_avalon_jtag_uart_write
 .text          0x0000000000053934      0x12c ../SoftwareRansac_bsp/\libhal_bsp.a(alt_alarm_start.o)
                0x0000000000053934                alt_alarm_start
 .text          0x0000000000053a60       0x20 ../SoftwareRansac_bsp/\libhal_bsp.a(alt_dcache_flush_all.o)
                0x0000000000053a60                alt_dcache_flush_all
 .text          0x0000000000053a80       0xe0 ../SoftwareRansac_bsp/\libhal_bsp.a(alt_dev_llist_insert.o)
                0x0000000000053abc                alt_dev_llist_insert
 .text          0x0000000000053b60       0x60 ../SoftwareRansac_bsp/\libhal_bsp.a(alt_do_ctors.o)
                0x0000000000053b60                _do_ctors
 .text          0x0000000000053bc0       0x60 ../SoftwareRansac_bsp/\libhal_bsp.a(alt_do_dtors.o)
                0x0000000000053bc0                _do_dtors
 .text          0x0000000000053c20       0x20 ../SoftwareRansac_bsp/\libhal_bsp.a(alt_icache_flush_all.o)
                0x0000000000053c20                alt_icache_flush_all
 .text          0x0000000000053c40      0x1b0 ../SoftwareRansac_bsp/\libhal_bsp.a(alt_iic.o)
                0x0000000000053c40                alt_ic_isr_register
                0x0000000000053c90                alt_ic_irq_enable
                0x0000000000053d18                alt_ic_irq_disable
                0x0000000000053da4                alt_ic_irq_enabled
 .text          0x0000000000053df0       0xf0 ../SoftwareRansac_bsp/\libhal_bsp.a(alt_iic_isr_register.o)
                0x0000000000053df0                alt_iic_isr_register
 .text          0x0000000000053ee0      0x160 ../SoftwareRansac_bsp/\libhal_bsp.a(alt_io_redirect.o)
                0x0000000000053fc4                alt_io_redirect
 .text          0x0000000000054040        0x0 ../SoftwareRansac_bsp/\libhal_bsp.a(alt_irq_entry.o)
 .text          0x0000000000054040        0x0 ../SoftwareRansac_bsp/\libhal_bsp.a(alt_irq_handler.o)
 .text          0x0000000000054040        0x0 ../SoftwareRansac_bsp/\libhal_bsp.a(alt_irq_vars.o)
 .text          0x0000000000054040      0x284 ../SoftwareRansac_bsp/\libhal_bsp.a(alt_open.o)
                0x0000000000054168                open
 .text          0x00000000000542c4      0x1a4 ../SoftwareRansac_bsp/\libhal_bsp.a(alt_tick.o)
                0x00000000000542c4                alt_alarm_stop
                0x0000000000054360                alt_tick
 .text          0x0000000000054468       0x24 ../SoftwareRansac_bsp/\libhal_bsp.a(altera_nios2_gen2_irq.o)
                0x0000000000054468                altera_nios2_gen2_irq_init
 .text          0x000000000005448c        0x0 ../SoftwareRansac_bsp/\libhal_bsp.a(alt_exception_entry.o)
 .text          0x000000000005448c       0x90 ../SoftwareRansac_bsp/\libhal_bsp.a(alt_find_dev.o)
                0x000000000005448c                alt_find_dev
 .text          0x000000000005451c      0x108 ../SoftwareRansac_bsp/\libhal_bsp.a(alt_find_file.o)
                0x000000000005451c                alt_find_file
 .text          0x0000000000054624       0xc4 ../SoftwareRansac_bsp/\libhal_bsp.a(alt_get_fd.o)
                0x0000000000054624                alt_get_fd
 .text          0x00000000000546e8       0x9c ../SoftwareRansac_bsp/\libhal_bsp.a(alt_instruction_exception_entry.o)
                0x00000000000546e8                alt_exception_cause_generated_bad_addr
 .text          0x0000000000054784        0x0 ../SoftwareRansac_bsp//newlib/nios2-elf/lib\libc.a(lib_a-atexit.o)
 .text.atexit   0x0000000000054784       0x3c ../SoftwareRansac_bsp//newlib/nios2-elf/lib\libc.a(lib_a-atexit.o)
                0x0000000000054784                atexit
 .text          0x00000000000547c0        0x0 ../SoftwareRansac_bsp//newlib/nios2-elf/lib\libc.a(lib_a-exit.o)
 .text.exit     0x00000000000547c0       0x48 ../SoftwareRansac_bsp//newlib/nios2-elf/lib\libc.a(lib_a-exit.o)
                0x00000000000547c0                exit
 .text          0x0000000000054808        0x0 ../SoftwareRansac_bsp//newlib/nios2-elf/lib\libc.a(lib_a-memcmp.o)
 .text.memcmp   0x0000000000054808      0x134 ../SoftwareRansac_bsp//newlib/nios2-elf/lib\libc.a(lib_a-memcmp.o)
                0x0000000000054808                memcmp
 .text          0x000000000005493c        0x0 ../SoftwareRansac_bsp//newlib/nios2-elf/lib\libc.a(lib_a-__atexit.o)
 .text.__register_exitproc
                0x000000000005493c      0x170 ../SoftwareRansac_bsp//newlib/nios2-elf/lib\libc.a(lib_a-__atexit.o)
                0x000000000005493c                __register_exitproc
 .text          0x0000000000054aac        0x0 ../SoftwareRansac_bsp//newlib/nios2-elf/lib\libc.a(lib_a-__call_atexit.o)
 .text.__call_exitprocs
                0x0000000000054aac      0x1ec ../SoftwareRansac_bsp//newlib/nios2-elf/lib\libc.a(lib_a-__call_atexit.o)
                0x0000000000054aac                __call_exitprocs
 .text          0x0000000000054c98       0x34 ../SoftwareRansac_bsp/\libhal_bsp.a(alt_exit.o)
                0x0000000000054c98                _exit
 *(.gnu.warning.*)
 *(.fini)
                [!provide]                        PROVIDE (__etext, ABSOLUTE (.))
                [!provide]                        PROVIDE (_etext, ABSOLUTE (.))
                [!provide]                        PROVIDE (etext, ABSOLUTE (.))
 *(.eh_frame_hdr)
                0x0000000000054ccc                . = ALIGN (0x4)
                [!provide]                        PROVIDE (__preinit_array_start, ABSOLUTE (.))
 *(.preinit_array)
                [!provide]                        PROVIDE (__preinit_array_end, ABSOLUTE (.))
                [!provide]                        PROVIDE (__init_array_start, ABSOLUTE (.))
 *(.init_array)
                [!provide]                        PROVIDE (__init_array_end, ABSOLUTE (.))
                [!provide]                        PROVIDE (__fini_array_start, ABSOLUTE (.))
 *(.fini_array)
                [!provide]                        PROVIDE (__fini_array_end, ABSOLUTE (.))
 *(.eh_frame)
 *(.gcc_except_table .gcc_except_table.*)
 *(.dynamic)
                0x0000000000054ccc                PROVIDE (__CTOR_LIST__, ABSOLUTE (.))
 *(.ctors)
 *(SORT(.ctors.*))
                0x0000000000054ccc                PROVIDE (__CTOR_END__, ABSOLUTE (.))
                0x0000000000054ccc                PROVIDE (__DTOR_LIST__, ABSOLUTE (.))
 *(.dtors)
 *(SORT(.dtors.*))
                0x0000000000054ccc                PROVIDE (__DTOR_END__, ABSOLUTE (.))
 *(.jcr)
                0x0000000000054ccc                . = ALIGN (0x4)

.rodata         0x0000000000054ccc      0x484
                0x0000000000054ccc                PROVIDE (__ram_rodata_start, ABSOLUTE (.))
                0x0000000000054ccc                . = ALIGN (0x4)
 *(.rodata .rodata.* .gnu.linkonce.r.*)
 .rodata        0x0000000000054ccc       0x3c obj/default/main.o
 .rodata        0x0000000000054d08       0x41 obj/default/ransac.o
 *fill*         0x0000000000054d49        0x3 
 .rodata.atanhi
                0x0000000000054d4c       0x20 ../SoftwareRansac_bsp//newlib/nios2-elf/lib\libm.a(lib_a-s_atan.o)
 .rodata.atanlo
                0x0000000000054d6c       0x20 ../SoftwareRansac_bsp//newlib/nios2-elf/lib\libm.a(lib_a-s_atan.o)
 .rodata.aT     0x0000000000054d8c       0x58 ../SoftwareRansac_bsp//newlib/nios2-elf/lib\libm.a(lib_a-s_atan.o)
 .rodata        0x0000000000054de4      0x100 c:/intelfpga_lite/18.1/nios2eds/bin/gnu/h-x86_64-mingw32/bin/../lib/gcc/nios2-elf/5.3.0/mno-hw-mul\libgcc.a(_clz.o)
                0x0000000000054de4                __clz_tab
 .rodata        0x0000000000054ee4        0x2 ../SoftwareRansac_bsp//newlib/nios2-elf/lib\libc.a(lib_a-puts.o)
 *fill*         0x0000000000054ee6        0x2 
 .rodata        0x0000000000054ee8       0x5e ../SoftwareRansac_bsp//newlib/nios2-elf/lib\libc.a(lib_a-vfprintf.o)
 .rodata.blanks.4403
                0x0000000000054f46       0x10 ../SoftwareRansac_bsp//newlib/nios2-elf/lib\libc.a(lib_a-vfprintf.o)
 .rodata.zeroes.4404
                0x0000000000054f56       0x10 ../SoftwareRansac_bsp//newlib/nios2-elf/lib\libc.a(lib_a-vfprintf.o)
 *fill*         0x0000000000054f66        0x2 
 .rodata        0x0000000000054f68       0x12 ../SoftwareRansac_bsp//newlib/nios2-elf/lib\libc.a(lib_a-dtoa.o)
 *fill*         0x0000000000054f7a        0x2 
 .rodata        0x0000000000054f7c        0x2 ../SoftwareRansac_bsp//newlib/nios2-elf/lib\libc.a(lib_a-impure.o)
 *fill*         0x0000000000054f7e        0x2 
 .rodata        0x0000000000054f80       0x12 ../SoftwareRansac_bsp//newlib/nios2-elf/lib\libc.a(lib_a-locale.o)
 *fill*         0x0000000000054f92        0x2 
 .rodata.__mprec_tens
                0x0000000000054f94       0xc8 ../SoftwareRansac_bsp//newlib/nios2-elf/lib\libc.a(lib_a-mprec.o)
                0x0000000000054f94                __mprec_tens
 .rodata.__mprec_bigtens
                0x000000000005505c       0x28 ../SoftwareRansac_bsp//newlib/nios2-elf/lib\libc.a(lib_a-mprec.o)
                0x000000000005505c                __mprec_bigtens
 .rodata.__mprec_tinytens
                0x0000000000055084       0x28 ../SoftwareRansac_bsp//newlib/nios2-elf/lib\libc.a(lib_a-mprec.o)
                0x0000000000055084                __mprec_tinytens
 .rodata.p05.2768
                0x00000000000550ac        0xc ../SoftwareRansac_bsp//newlib/nios2-elf/lib\libc.a(lib_a-mprec.o)
 .rodata        0x00000000000550b8       0x4a ../SoftwareRansac_bsp//newlib/nios2-elf/lib\libc.a(lib_a-vfiprintf.o)
 .rodata.blanks.4348
                0x0000000000055102       0x10 ../SoftwareRansac_bsp//newlib/nios2-elf/lib\libc.a(lib_a-vfiprintf.o)
 .rodata.zeroes.4349
                0x0000000000055112       0x10 ../SoftwareRansac_bsp//newlib/nios2-elf/lib\libc.a(lib_a-vfiprintf.o)
 *fill*         0x0000000000055122        0x2 
 .rodata        0x0000000000055124        0xa ../SoftwareRansac_bsp/\libhal_bsp.a(alt_dev.o)
 *fill*         0x000000000005512e        0x2 
 .rodata        0x0000000000055130        0xf ../SoftwareRansac_bsp/\libhal_bsp.a(alt_main.o)
 *fill*         0x000000000005513f        0x1 
 .rodata        0x0000000000055140        0xf ../SoftwareRansac_bsp/\libhal_bsp.a(alt_sys_init.o)
 *(.rodata1)
                0x0000000000055150                . = ALIGN (0x4)
 *fill*         0x000000000005514f        0x1 
                0x0000000000055150                PROVIDE (__ram_rodata_end, ABSOLUTE (.))
                0x0000000000054ccc                PROVIDE (__flash_rodata_start, LOADADDR (.rodata))

.rwdata         0x0000000000055150     0x20dc load address 0x000000000005722c
                0x0000000000055150                PROVIDE (__ram_rwdata_start, ABSOLUTE (.))
                0x0000000000055150                . = ALIGN (0x4)
 *(.got.plt)
 *(.got)
 *(.data1)
 *(.data .data.* .gnu.linkonce.d.*)
 .data          0x0000000000055150        0x0 ../SoftwareRansac_bsp//obj/HAL/src/crt0.o
 .data          0x0000000000055150      0x5dc obj/default/main.o
                0x0000000000055150                coords_1
                0x0000000000055284                coords_2
 .data          0x000000000005572c        0x0 obj/default/ransac.o
 .data          0x000000000005572c        0x0 ../SoftwareRansac_bsp//newlib/nios2-elf/lib\libm.a(lib_a-s_atan.o)
 .data          0x000000000005572c        0x0 ../SoftwareRansac_bsp//newlib/nios2-elf/lib\libm.a(lib_a-s_fabs.o)
 .data          0x000000000005572c        0x0 c:/intelfpga_lite/18.1/nios2eds/bin/gnu/h-x86_64-mingw32/bin/../lib/gcc/nios2-elf/5.3.0/mno-hw-mul\libgcc.a(lib2-divmod.o)
 .data          0x000000000005572c        0x0 c:/intelfpga_lite/18.1/nios2eds/bin/gnu/h-x86_64-mingw32/bin/../lib/gcc/nios2-elf/5.3.0/mno-hw-mul\libgcc.a(lib2-mul.o)
 .data          0x000000000005572c        0x0 c:/intelfpga_lite/18.1/nios2eds/bin/gnu/h-x86_64-mingw32/bin/../lib/gcc/nios2-elf/5.3.0/mno-hw-mul\libgcc.a(adddf3.o)
 .data          0x000000000005572c        0x0 c:/intelfpga_lite/18.1/nios2eds/bin/gnu/h-x86_64-mingw32/bin/../lib/gcc/nios2-elf/5.3.0/mno-hw-mul\libgcc.a(divdf3.o)
 .data          0x000000000005572c        0x0 c:/intelfpga_lite/18.1/nios2eds/bin/gnu/h-x86_64-mingw32/bin/../lib/gcc/nios2-elf/5.3.0/mno-hw-mul\libgcc.a(gedf2.o)
 .data          0x000000000005572c        0x0 c:/intelfpga_lite/18.1/nios2eds/bin/gnu/h-x86_64-mingw32/bin/../lib/gcc/nios2-elf/5.3.0/mno-hw-mul\libgcc.a(muldf3.o)
 .data          0x000000000005572c        0x0 c:/intelfpga_lite/18.1/nios2eds/bin/gnu/h-x86_64-mingw32/bin/../lib/gcc/nios2-elf/5.3.0/mno-hw-mul\libgcc.a(subdf3.o)
 .data          0x000000000005572c        0x0 c:/intelfpga_lite/18.1/nios2eds/bin/gnu/h-x86_64-mingw32/bin/../lib/gcc/nios2-elf/5.3.0/mno-hw-mul\libgcc.a(fixdfsi.o)
 .data          0x000000000005572c        0x0 c:/intelfpga_lite/18.1/nios2eds/bin/gnu/h-x86_64-mingw32/bin/../lib/gcc/nios2-elf/5.3.0/mno-hw-mul\libgcc.a(floatsidf.o)
 .data          0x000000000005572c        0x0 c:/intelfpga_lite/18.1/nios2eds/bin/gnu/h-x86_64-mingw32/bin/../lib/gcc/nios2-elf/5.3.0/mno-hw-mul\libgcc.a(extendsfdf2.o)
 .data          0x000000000005572c        0x0 c:/intelfpga_lite/18.1/nios2eds/bin/gnu/h-x86_64-mingw32/bin/../lib/gcc/nios2-elf/5.3.0/mno-hw-mul\libgcc.a(truncdfsf2.o)
 .data          0x000000000005572c        0x0 c:/intelfpga_lite/18.1/nios2eds/bin/gnu/h-x86_64-mingw32/bin/../lib/gcc/nios2-elf/5.3.0/mno-hw-mul\libgcc.a(_clzsi2.o)
 .data          0x000000000005572c        0x0 c:/intelfpga_lite/18.1/nios2eds/bin/gnu/h-x86_64-mingw32/bin/../lib/gcc/nios2-elf/5.3.0/mno-hw-mul\libgcc.a(_clz.o)
 .data          0x000000000005572c        0x0 ../SoftwareRansac_bsp//newlib/nios2-elf/lib\libc.a(lib_a-printf.o)
 .data          0x000000000005572c        0x0 ../SoftwareRansac_bsp//newlib/nios2-elf/lib\libc.a(lib_a-puts.o)
 .data          0x000000000005572c        0x0 ../SoftwareRansac_bsp//newlib/nios2-elf/lib\libc.a(lib_a-rand.o)
 .data          0x000000000005572c        0x0 ../SoftwareRansac_bsp//newlib/nios2-elf/lib\libc.a(lib_a-strlen.o)
 .data          0x000000000005572c        0x0 ../SoftwareRansac_bsp//newlib/nios2-elf/lib\libc.a(lib_a-vfprintf.o)
 .data          0x000000000005572c        0x0 ../SoftwareRansac_bsp//newlib/nios2-elf/lib\libc.a(lib_a-wsetup.o)
 .data          0x000000000005572c        0x0 ../SoftwareRansac_bsp//newlib/nios2-elf/lib\libc.a(lib_a-dtoa.o)
 .data          0x000000000005572c        0x0 ../SoftwareRansac_bsp//newlib/nios2-elf/lib\libc.a(lib_a-fflush.o)
 .data          0x000000000005572c        0x0 ../SoftwareRansac_bsp//newlib/nios2-elf/lib\libc.a(lib_a-findfp.o)
 .data          0x000000000005572c        0x0 ../SoftwareRansac_bsp//newlib/nios2-elf/lib\libc.a(lib_a-freer.o)
 .data          0x000000000005572c        0x0 ../SoftwareRansac_bsp//newlib/nios2-elf/lib\libc.a(lib_a-fvwrite.o)
 .data          0x000000000005572c        0x0 ../SoftwareRansac_bsp//newlib/nios2-elf/lib\libc.a(lib_a-fwalk.o)
 .data          0x000000000005572c        0x0 ../SoftwareRansac_bsp//newlib/nios2-elf/lib\libc.a(lib_a-impure.o)
 .data.impure_data
                0x000000000005572c      0x424 ../SoftwareRansac_bsp//newlib/nios2-elf/lib\libc.a(lib_a-impure.o)
 .data          0x0000000000055b50        0x0 ../SoftwareRansac_bsp//newlib/nios2-elf/lib\libc.a(lib_a-locale.o)
 .data.lconv    0x0000000000055b50       0x38 ../SoftwareRansac_bsp//newlib/nios2-elf/lib\libc.a(lib_a-locale.o)
 .data.lc_ctype_charset
                0x0000000000055b88       0x20 ../SoftwareRansac_bsp//newlib/nios2-elf/lib\libc.a(lib_a-locale.o)
 .data.lc_message_charset
                0x0000000000055ba8       0x20 ../SoftwareRansac_bsp//newlib/nios2-elf/lib\libc.a(lib_a-locale.o)
 .data          0x0000000000055bc8        0x0 ../SoftwareRansac_bsp//newlib/nios2-elf/lib\libc.a(lib_a-makebuf.o)
 .data          0x0000000000055bc8        0x0 ../SoftwareRansac_bsp//newlib/nios2-elf/lib\libc.a(lib_a-mallocr.o)
 .data.__malloc_av_
                0x0000000000055bc8      0x408 ../SoftwareRansac_bsp//newlib/nios2-elf/lib\libc.a(lib_a-mallocr.o)
                0x0000000000055bc8                __malloc_av_
 .data          0x0000000000055fd0        0x0 ../SoftwareRansac_bsp//newlib/nios2-elf/lib\libc.a(lib_a-memchr.o)
 .data          0x0000000000055fd0        0x0 ../SoftwareRansac_bsp//newlib/nios2-elf/lib\libc.a(lib_a-memcpy.o)
 .data          0x0000000000055fd0        0x0 ../SoftwareRansac_bsp//newlib/nios2-elf/lib\libc.a(lib_a-memmove.o)
 .data          0x0000000000055fd0        0x0 ../SoftwareRansac_bsp//newlib/nios2-elf/lib\libc.a(lib_a-memset.o)
 .data          0x0000000000055fd0        0x0 ../SoftwareRansac_bsp//newlib/nios2-elf/lib\libc.a(lib_a-mprec.o)
 .data          0x0000000000055fd0        0x0 ../SoftwareRansac_bsp//newlib/nios2-elf/lib\libc.a(lib_a-reallocr.o)
 .data          0x0000000000055fd0        0x0 ../SoftwareRansac_bsp//newlib/nios2-elf/lib\libc.a(lib_a-s_fpclassify.o)
 .data          0x0000000000055fd0        0x0 ../SoftwareRansac_bsp//newlib/nios2-elf/lib\libc.a(lib_a-sbrkr.o)
 .data          0x0000000000055fd0        0x0 ../SoftwareRansac_bsp//newlib/nios2-elf/lib\libc.a(lib_a-stdio.o)
 .data          0x0000000000055fd0        0x0 ../SoftwareRansac_bsp//newlib/nios2-elf/lib\libc.a(lib_a-strcmp.o)
 .data          0x0000000000055fd0        0x0 ../SoftwareRansac_bsp//newlib/nios2-elf/lib\libc.a(lib_a-vfiprintf.o)
 .data          0x0000000000055fd0        0x0 ../SoftwareRansac_bsp//newlib/nios2-elf/lib\libc.a(lib_a-writer.o)
 .data          0x0000000000055fd0        0x0 ../SoftwareRansac_bsp//newlib/nios2-elf/lib\libc.a(closer.o)
 .data          0x0000000000055fd0        0x0 ../SoftwareRansac_bsp//newlib/nios2-elf/lib\libc.a(lib_a-callocr.o)
 .data          0x0000000000055fd0        0x0 ../SoftwareRansac_bsp//newlib/nios2-elf/lib\libc.a(lib_a-fclose.o)
 .data          0x0000000000055fd0        0x0 ../SoftwareRansac_bsp//newlib/nios2-elf/lib\libc.a(lib_a-fputwc.o)
 .data          0x0000000000055fd0        0x0 ../SoftwareRansac_bsp//newlib/nios2-elf/lib\libc.a(lib_a-fstatr.o)
 .data          0x0000000000055fd0        0x0 ../SoftwareRansac_bsp//newlib/nios2-elf/lib\libc.a(lib_a-int_errno.o)
 .data          0x0000000000055fd0        0x0 ../SoftwareRansac_bsp//newlib/nios2-elf/lib\libc.a(lib_a-isattyr.o)
 .data          0x0000000000055fd0        0x0 ../SoftwareRansac_bsp//newlib/nios2-elf/lib\libc.a(lib_a-lseekr.o)
 .data          0x0000000000055fd0        0x0 ../SoftwareRansac_bsp//newlib/nios2-elf/lib\libc.a(lib_a-readr.o)
 .data          0x0000000000055fd0        0x0 ../SoftwareRansac_bsp//newlib/nios2-elf/lib\libc.a(lib_a-wbuf.o)
 .data          0x0000000000055fd0        0x0 ../SoftwareRansac_bsp//newlib/nios2-elf/lib\libc.a(lib_a-wcrtomb.o)
 .data          0x0000000000055fd0        0x0 ../SoftwareRansac_bsp//newlib/nios2-elf/lib\libc.a(lib_a-wctomb_r.o)
 .data          0x0000000000055fd0        0x0 c:/intelfpga_lite/18.1/nios2eds/bin/gnu/h-x86_64-mingw32/bin/../lib/gcc/nios2-elf/5.3.0/mno-hw-mul\libgcc.a(_muldi3.o)
 .data          0x0000000000055fd0        0x0 c:/intelfpga_lite/18.1/nios2eds/bin/gnu/h-x86_64-mingw32/bin/../lib/gcc/nios2-elf/5.3.0/mno-hw-mul\libgcc.a(_udivdi3.o)
 .data          0x0000000000055fd0        0x0 c:/intelfpga_lite/18.1/nios2eds/bin/gnu/h-x86_64-mingw32/bin/../lib/gcc/nios2-elf/5.3.0/mno-hw-mul\libgcc.a(_umoddi3.o)
 .data          0x0000000000055fd0        0x0 c:/intelfpga_lite/18.1/nios2eds/bin/gnu/h-x86_64-mingw32/bin/../lib/gcc/nios2-elf/5.3.0/mno-hw-mul\libgcc.a(eqdf2.o)
 .data          0x0000000000055fd0        0x0 c:/intelfpga_lite/18.1/nios2eds/bin/gnu/h-x86_64-mingw32/bin/../lib/gcc/nios2-elf/5.3.0/mno-hw-mul\libgcc.a(ledf2.o)
 .data          0x0000000000055fd0        0x0 c:/intelfpga_lite/18.1/nios2eds/bin/gnu/h-x86_64-mingw32/bin/../lib/gcc/nios2-elf/5.3.0/mno-hw-mul\libgcc.a(floatunsidf.o)
 .data          0x0000000000055fd0        0x0 ../SoftwareRansac_bsp/\libhal_bsp.a(alt_close.o)
 .data          0x0000000000055fd0      0x1a8 ../SoftwareRansac_bsp/\libhal_bsp.a(alt_dev.o)
                0x0000000000055fd0                alt_dev_null
                0x0000000000055ff8                alt_fd_list
 .data          0x0000000000056178        0x0 ../SoftwareRansac_bsp/\libhal_bsp.a(alt_errno.o)
 .data          0x0000000000056178        0x0 ../SoftwareRansac_bsp/\libhal_bsp.a(alt_fstat.o)
 .data          0x0000000000056178        0x0 ../SoftwareRansac_bsp/\libhal_bsp.a(alt_isatty.o)
 .data          0x0000000000056178        0x0 ../SoftwareRansac_bsp/\libhal_bsp.a(alt_load.o)
 .data          0x0000000000056178        0x0 ../SoftwareRansac_bsp/\libhal_bsp.a(alt_lseek.o)
 .data          0x0000000000056178        0x0 ../SoftwareRansac_bsp/\libhal_bsp.a(alt_main.o)
 .data          0x0000000000056178        0x0 ../SoftwareRansac_bsp/\libhal_bsp.a(alt_malloc_lock.o)
 .data          0x0000000000056178        0x0 ../SoftwareRansac_bsp/\libhal_bsp.a(alt_read.o)
 .data          0x0000000000056178        0x0 ../SoftwareRansac_bsp/\libhal_bsp.a(alt_release_fd.o)
 .data          0x0000000000056178        0x0 ../SoftwareRansac_bsp/\libhal_bsp.a(alt_sbrk.o)
 .data          0x0000000000056178        0x0 ../SoftwareRansac_bsp/\libhal_bsp.a(alt_write.o)
 .data          0x0000000000056178     0x1060 ../SoftwareRansac_bsp/\libhal_bsp.a(alt_sys_init.o)
 .data          0x00000000000571d8        0x0 ../SoftwareRansac_bsp/\libhal_bsp.a(altera_avalon_jtag_uart_fd.o)
 .data          0x00000000000571d8        0x0 ../SoftwareRansac_bsp/\libhal_bsp.a(altera_avalon_jtag_uart_init.o)
 .data          0x00000000000571d8        0x0 ../SoftwareRansac_bsp/\libhal_bsp.a(altera_avalon_jtag_uart_ioctl.o)
 .data          0x00000000000571d8        0x0 ../SoftwareRansac_bsp/\libhal_bsp.a(altera_avalon_jtag_uart_read.o)
 .data          0x00000000000571d8        0x0 ../SoftwareRansac_bsp/\libhal_bsp.a(altera_avalon_jtag_uart_write.o)
 .data          0x00000000000571d8        0x0 ../SoftwareRansac_bsp/\libhal_bsp.a(alt_alarm_start.o)
 .data          0x00000000000571d8        0x0 ../SoftwareRansac_bsp/\libhal_bsp.a(alt_dcache_flush_all.o)
 .data          0x00000000000571d8        0x0 ../SoftwareRansac_bsp/\libhal_bsp.a(alt_dev_llist_insert.o)
 .data          0x00000000000571d8        0x0 ../SoftwareRansac_bsp/\libhal_bsp.a(alt_do_ctors.o)
 .data          0x00000000000571d8        0x0 ../SoftwareRansac_bsp/\libhal_bsp.a(alt_do_dtors.o)
 .data          0x00000000000571d8        0x0 ../SoftwareRansac_bsp/\libhal_bsp.a(alt_icache_flush_all.o)
 .data          0x00000000000571d8        0x0 ../SoftwareRansac_bsp/\libhal_bsp.a(alt_iic.o)
 .data          0x00000000000571d8        0x0 ../SoftwareRansac_bsp/\libhal_bsp.a(alt_iic_isr_register.o)
 .data          0x00000000000571d8        0x0 ../SoftwareRansac_bsp/\libhal_bsp.a(alt_io_redirect.o)
 .data          0x00000000000571d8        0x0 ../SoftwareRansac_bsp/\libhal_bsp.a(alt_irq_entry.o)
 .data          0x00000000000571d8        0x0 ../SoftwareRansac_bsp/\libhal_bsp.a(alt_irq_handler.o)
 .data          0x00000000000571d8        0x0 ../SoftwareRansac_bsp/\libhal_bsp.a(alt_irq_vars.o)
 .data          0x00000000000571d8        0x0 ../SoftwareRansac_bsp/\libhal_bsp.a(alt_open.o)
 .data          0x00000000000571d8        0x0 ../SoftwareRansac_bsp/\libhal_bsp.a(alt_tick.o)
 .data          0x00000000000571d8        0x0 ../SoftwareRansac_bsp/\libhal_bsp.a(altera_nios2_gen2_irq.o)
 .data          0x00000000000571d8        0x0 ../SoftwareRansac_bsp/\libhal_bsp.a(alt_exception_entry.o)
 .data          0x00000000000571d8        0x0 ../SoftwareRansac_bsp/\libhal_bsp.a(alt_find_dev.o)
 .data          0x00000000000571d8        0x0 ../SoftwareRansac_bsp/\libhal_bsp.a(alt_find_file.o)
 .data          0x00000000000571d8        0x0 ../SoftwareRansac_bsp/\libhal_bsp.a(alt_get_fd.o)
 .data          0x00000000000571d8        0x0 ../SoftwareRansac_bsp/\libhal_bsp.a(alt_instruction_exception_entry.o)
 .data          0x00000000000571d8        0x0 ../SoftwareRansac_bsp//newlib/nios2-elf/lib\libc.a(lib_a-atexit.o)
 .data          0x00000000000571d8        0x0 ../SoftwareRansac_bsp//newlib/nios2-elf/lib\libc.a(lib_a-exit.o)
 .data          0x00000000000571d8        0x0 ../SoftwareRansac_bsp//newlib/nios2-elf/lib\libc.a(lib_a-memcmp.o)
 .data          0x00000000000571d8        0x0 ../SoftwareRansac_bsp//newlib/nios2-elf/lib\libc.a(lib_a-__atexit.o)
 .data          0x00000000000571d8        0x0 ../SoftwareRansac_bsp//newlib/nios2-elf/lib\libc.a(lib_a-__call_atexit.o)
 .data          0x00000000000571d8        0x0 ../SoftwareRansac_bsp/\libhal_bsp.a(alt_exit.o)
                0x000000000005f1d8                _gp = ABSOLUTE ((. + 0x8000))
                [!provide]                        PROVIDE (gp, _gp)
 *(.rwdata .rwdata.*)
 *(.sdata .sdata.* .gnu.linkonce.s.*)
 .sdata         0x00000000000571d8        0x2 obj/default/main.o
                0x00000000000571d8                size_1
                0x00000000000571d9                size_2
 *fill*         0x00000000000571da        0x2 
 .sdata.one     0x00000000000571dc        0x8 ../SoftwareRansac_bsp//newlib/nios2-elf/lib\libm.a(lib_a-s_atan.o)
 .sdata.huge    0x00000000000571e4        0x8 ../SoftwareRansac_bsp//newlib/nios2-elf/lib\libm.a(lib_a-s_atan.o)
 .sdata._impure_ptr
                0x00000000000571ec        0x4 ../SoftwareRansac_bsp//newlib/nios2-elf/lib\libc.a(lib_a-impure.o)
                0x00000000000571ec                _impure_ptr
 .sdata._global_impure_ptr
                0x00000000000571f0        0x4 ../SoftwareRansac_bsp//newlib/nios2-elf/lib\libc.a(lib_a-impure.o)
                0x00000000000571f0                _global_impure_ptr
 .sdata.__mb_cur_max
                0x00000000000571f4        0x4 ../SoftwareRansac_bsp//newlib/nios2-elf/lib\libc.a(lib_a-locale.o)
                0x00000000000571f4                __mb_cur_max
 .sdata.__malloc_trim_threshold
                0x00000000000571f8        0x4 ../SoftwareRansac_bsp//newlib/nios2-elf/lib\libc.a(lib_a-mallocr.o)
                0x00000000000571f8                __malloc_trim_threshold
 .sdata.__malloc_sbrk_base
                0x00000000000571fc        0x4 ../SoftwareRansac_bsp//newlib/nios2-elf/lib\libc.a(lib_a-mallocr.o)
                0x00000000000571fc                __malloc_sbrk_base
 .sdata.__wctomb
                0x0000000000057200        0x4 ../SoftwareRansac_bsp//newlib/nios2-elf/lib\libc.a(lib_a-wctomb_r.o)
                0x0000000000057200                __wctomb
 .sdata         0x0000000000057204       0x14 ../SoftwareRansac_bsp/\libhal_bsp.a(alt_dev.o)
                0x0000000000057204                alt_fs_list
                0x000000000005720c                alt_dev_list
                0x0000000000057214                alt_max_fd
 .sdata         0x0000000000057218        0x4 ../SoftwareRansac_bsp/\libhal_bsp.a(alt_errno.o)
                0x0000000000057218                alt_errno
 .sdata         0x000000000005721c        0x4 ../SoftwareRansac_bsp/\libhal_bsp.a(alt_sbrk.o)
 .sdata         0x0000000000057220        0x4 ../SoftwareRansac_bsp/\libhal_bsp.a(alt_irq_vars.o)
                0x0000000000057220                alt_priority_mask
 .sdata         0x0000000000057224        0x8 ../SoftwareRansac_bsp/\libhal_bsp.a(alt_tick.o)
                0x0000000000057224                alt_alarm_list
 *(.sdata2 .sdata2.* .gnu.linkonce.s2.*)
                0x000000000005722c                . = ALIGN (0x4)
                0x000000000005722c                _edata = ABSOLUTE (.)
                [!provide]                        PROVIDE (edata, ABSOLUTE (.))
                0x000000000005722c                PROVIDE (__ram_rwdata_end, ABSOLUTE (.))
                0x000000000005722c                PROVIDE (__flash_rwdata_start, LOADADDR (.rwdata))

.bss            0x0000000000059308      0x170
                0x0000000000059308                __bss_start = ABSOLUTE (.)
                [!provide]                        PROVIDE (__sbss_start, ABSOLUTE (.))
                [!provide]                        PROVIDE (___sbss_start, ABSOLUTE (.))
 *(.dynsbss)
 *(.sbss .sbss.* .gnu.linkonce.sb.*)
 .sbss.__sfp_lock
                0x0000000000059308        0x4 ../SoftwareRansac_bsp//newlib/nios2-elf/lib\libc.a(lib_a-findfp.o)
 .sbss.__sinit_lock
                0x000000000005930c        0x4 ../SoftwareRansac_bsp//newlib/nios2-elf/lib\libc.a(lib_a-findfp.o)
 .sbss.__nlocale_changed
                0x0000000000059310        0x4 ../SoftwareRansac_bsp//newlib/nios2-elf/lib\libc.a(lib_a-locale.o)
                0x0000000000059310                __nlocale_changed
 .sbss.__mlocale_changed
                0x0000000000059314        0x4 ../SoftwareRansac_bsp//newlib/nios2-elf/lib\libc.a(lib_a-locale.o)
                0x0000000000059314                __mlocale_changed
 .sbss._PathLocale
                0x0000000000059318        0x4 ../SoftwareRansac_bsp//newlib/nios2-elf/lib\libc.a(lib_a-locale.o)
                0x0000000000059318                _PathLocale
 .sbss.lc_ctype_cjk_lang
                0x000000000005931c        0x4 ../SoftwareRansac_bsp//newlib/nios2-elf/lib\libc.a(lib_a-locale.o)
 .sbss.__malloc_top_pad
                0x0000000000059320        0x4 ../SoftwareRansac_bsp//newlib/nios2-elf/lib\libc.a(lib_a-mallocr.o)
                0x0000000000059320                __malloc_top_pad
 .sbss.__malloc_max_sbrked_mem
                0x0000000000059324        0x4 ../SoftwareRansac_bsp//newlib/nios2-elf/lib\libc.a(lib_a-mallocr.o)
                0x0000000000059324                __malloc_max_sbrked_mem
 .sbss.__malloc_max_total_mem
                0x0000000000059328        0x4 ../SoftwareRansac_bsp//newlib/nios2-elf/lib\libc.a(lib_a-mallocr.o)
                0x0000000000059328                __malloc_max_total_mem
 .sbss          0x000000000005932c        0x4 ../SoftwareRansac_bsp//newlib/nios2-elf/lib\libc.a(lib_a-int_errno.o)
                0x000000000005932c                errno
 .sbss          0x0000000000059330        0xc ../SoftwareRansac_bsp/\libhal_bsp.a(alt_main.o)
                0x0000000000059330                alt_argc
                0x0000000000059334                alt_argv
                0x0000000000059338                alt_envp
 .sbss          0x000000000005933c        0x4 ../SoftwareRansac_bsp/\libhal_bsp.a(alt_irq_vars.o)
                0x000000000005933c                alt_irq_active
 .sbss          0x0000000000059340        0x8 ../SoftwareRansac_bsp/\libhal_bsp.a(alt_tick.o)
                0x0000000000059340                _alt_tick_rate
                0x0000000000059344                _alt_nticks
 .sbss          0x0000000000059348        0x4 ../SoftwareRansac_bsp/\libhal_bsp.a(alt_instruction_exception_entry.o)
                0x0000000000059348                alt_instruction_exception_handler
 .sbss.__atexit_lock
                0x000000000005934c        0x4 ../SoftwareRansac_bsp//newlib/nios2-elf/lib\libc.a(lib_a-__call_atexit.o)
 *(.sbss2 .sbss2.* .gnu.linkonce.sb2.*)
 *(.scommon)
                [!provide]                        PROVIDE (__sbss_end, ABSOLUTE (.))
                [!provide]                        PROVIDE (___sbss_end, ABSOLUTE (.))
 *(.dynbss)
 *(.bss .bss.* .gnu.linkonce.b.*)
 .bss           0x0000000000059350        0x0 ../SoftwareRansac_bsp//obj/HAL/src/crt0.o
 .bss           0x0000000000059350        0x0 obj/default/main.o
 .bss           0x0000000000059350        0x0 obj/default/ransac.o
 .bss           0x0000000000059350        0x0 ../SoftwareRansac_bsp//newlib/nios2-elf/lib\libm.a(lib_a-s_atan.o)
 .bss           0x0000000000059350        0x0 ../SoftwareRansac_bsp//newlib/nios2-elf/lib\libm.a(lib_a-s_fabs.o)
 .bss           0x0000000000059350        0x0 c:/intelfpga_lite/18.1/nios2eds/bin/gnu/h-x86_64-mingw32/bin/../lib/gcc/nios2-elf/5.3.0/mno-hw-mul\libgcc.a(lib2-divmod.o)
 .bss           0x0000000000059350        0x0 c:/intelfpga_lite/18.1/nios2eds/bin/gnu/h-x86_64-mingw32/bin/../lib/gcc/nios2-elf/5.3.0/mno-hw-mul\libgcc.a(lib2-mul.o)
 .bss           0x0000000000059350        0x0 c:/intelfpga_lite/18.1/nios2eds/bin/gnu/h-x86_64-mingw32/bin/../lib/gcc/nios2-elf/5.3.0/mno-hw-mul\libgcc.a(adddf3.o)
 .bss           0x0000000000059350        0x0 c:/intelfpga_lite/18.1/nios2eds/bin/gnu/h-x86_64-mingw32/bin/../lib/gcc/nios2-elf/5.3.0/mno-hw-mul\libgcc.a(divdf3.o)
 .bss           0x0000000000059350        0x0 c:/intelfpga_lite/18.1/nios2eds/bin/gnu/h-x86_64-mingw32/bin/../lib/gcc/nios2-elf/5.3.0/mno-hw-mul\libgcc.a(gedf2.o)
 .bss           0x0000000000059350        0x0 c:/intelfpga_lite/18.1/nios2eds/bin/gnu/h-x86_64-mingw32/bin/../lib/gcc/nios2-elf/5.3.0/mno-hw-mul\libgcc.a(muldf3.o)
 .bss           0x0000000000059350        0x0 c:/intelfpga_lite/18.1/nios2eds/bin/gnu/h-x86_64-mingw32/bin/../lib/gcc/nios2-elf/5.3.0/mno-hw-mul\libgcc.a(subdf3.o)
 .bss           0x0000000000059350        0x0 c:/intelfpga_lite/18.1/nios2eds/bin/gnu/h-x86_64-mingw32/bin/../lib/gcc/nios2-elf/5.3.0/mno-hw-mul\libgcc.a(fixdfsi.o)
 .bss           0x0000000000059350        0x0 c:/intelfpga_lite/18.1/nios2eds/bin/gnu/h-x86_64-mingw32/bin/../lib/gcc/nios2-elf/5.3.0/mno-hw-mul\libgcc.a(floatsidf.o)
 .bss           0x0000000000059350        0x0 c:/intelfpga_lite/18.1/nios2eds/bin/gnu/h-x86_64-mingw32/bin/../lib/gcc/nios2-elf/5.3.0/mno-hw-mul\libgcc.a(extendsfdf2.o)
 .bss           0x0000000000059350        0x0 c:/intelfpga_lite/18.1/nios2eds/bin/gnu/h-x86_64-mingw32/bin/../lib/gcc/nios2-elf/5.3.0/mno-hw-mul\libgcc.a(truncdfsf2.o)
 .bss           0x0000000000059350        0x0 c:/intelfpga_lite/18.1/nios2eds/bin/gnu/h-x86_64-mingw32/bin/../lib/gcc/nios2-elf/5.3.0/mno-hw-mul\libgcc.a(_clzsi2.o)
 .bss           0x0000000000059350        0x0 c:/intelfpga_lite/18.1/nios2eds/bin/gnu/h-x86_64-mingw32/bin/../lib/gcc/nios2-elf/5.3.0/mno-hw-mul\libgcc.a(_clz.o)
 .bss           0x0000000000059350        0x0 ../SoftwareRansac_bsp//newlib/nios2-elf/lib\libc.a(lib_a-printf.o)
 .bss           0x0000000000059350        0x0 ../SoftwareRansac_bsp//newlib/nios2-elf/lib\libc.a(lib_a-puts.o)
 .bss           0x0000000000059350        0x0 ../SoftwareRansac_bsp//newlib/nios2-elf/lib\libc.a(lib_a-rand.o)
 .bss           0x0000000000059350        0x0 ../SoftwareRansac_bsp//newlib/nios2-elf/lib\libc.a(lib_a-strlen.o)
 .bss           0x0000000000059350        0x0 ../SoftwareRansac_bsp//newlib/nios2-elf/lib\libc.a(lib_a-vfprintf.o)
 .bss           0x0000000000059350        0x0 ../SoftwareRansac_bsp//newlib/nios2-elf/lib\libc.a(lib_a-wsetup.o)
 .bss           0x0000000000059350        0x0 ../SoftwareRansac_bsp//newlib/nios2-elf/lib\libc.a(lib_a-dtoa.o)
 .bss           0x0000000000059350        0x0 ../SoftwareRansac_bsp//newlib/nios2-elf/lib\libc.a(lib_a-fflush.o)
 .bss           0x0000000000059350        0x0 ../SoftwareRansac_bsp//newlib/nios2-elf/lib\libc.a(lib_a-findfp.o)
 .bss           0x0000000000059350        0x0 ../SoftwareRansac_bsp//newlib/nios2-elf/lib\libc.a(lib_a-freer.o)
 .bss           0x0000000000059350        0x0 ../SoftwareRansac_bsp//newlib/nios2-elf/lib\libc.a(lib_a-fvwrite.o)
 .bss           0x0000000000059350        0x0 ../SoftwareRansac_bsp//newlib/nios2-elf/lib\libc.a(lib_a-fwalk.o)
 .bss           0x0000000000059350        0x0 ../SoftwareRansac_bsp//newlib/nios2-elf/lib\libc.a(lib_a-impure.o)
 .bss           0x0000000000059350        0x0 ../SoftwareRansac_bsp//newlib/nios2-elf/lib\libc.a(lib_a-locale.o)
 .bss           0x0000000000059350        0x0 ../SoftwareRansac_bsp//newlib/nios2-elf/lib\libc.a(lib_a-makebuf.o)
 .bss           0x0000000000059350        0x0 ../SoftwareRansac_bsp//newlib/nios2-elf/lib\libc.a(lib_a-mallocr.o)
 .bss.__malloc_current_mallinfo
                0x0000000000059350       0x28 ../SoftwareRansac_bsp//newlib/nios2-elf/lib\libc.a(lib_a-mallocr.o)
                0x0000000000059350                __malloc_current_mallinfo
 .bss           0x0000000000059378        0x0 ../SoftwareRansac_bsp//newlib/nios2-elf/lib\libc.a(lib_a-memchr.o)
 .bss           0x0000000000059378        0x0 ../SoftwareRansac_bsp//newlib/nios2-elf/lib\libc.a(lib_a-memcpy.o)
 .bss           0x0000000000059378        0x0 ../SoftwareRansac_bsp//newlib/nios2-elf/lib\libc.a(lib_a-memmove.o)
 .bss           0x0000000000059378        0x0 ../SoftwareRansac_bsp//newlib/nios2-elf/lib\libc.a(lib_a-memset.o)
 .bss           0x0000000000059378        0x0 ../SoftwareRansac_bsp//newlib/nios2-elf/lib\libc.a(lib_a-mprec.o)
 .bss           0x0000000000059378        0x0 ../SoftwareRansac_bsp//newlib/nios2-elf/lib\libc.a(lib_a-reallocr.o)
 .bss           0x0000000000059378        0x0 ../SoftwareRansac_bsp//newlib/nios2-elf/lib\libc.a(lib_a-s_fpclassify.o)
 .bss           0x0000000000059378        0x0 ../SoftwareRansac_bsp//newlib/nios2-elf/lib\libc.a(lib_a-sbrkr.o)
 .bss           0x0000000000059378        0x0 ../SoftwareRansac_bsp//newlib/nios2-elf/lib\libc.a(lib_a-stdio.o)
 .bss           0x0000000000059378        0x0 ../SoftwareRansac_bsp//newlib/nios2-elf/lib\libc.a(lib_a-strcmp.o)
 .bss           0x0000000000059378        0x0 ../SoftwareRansac_bsp//newlib/nios2-elf/lib\libc.a(lib_a-vfiprintf.o)
 .bss           0x0000000000059378        0x0 ../SoftwareRansac_bsp//newlib/nios2-elf/lib\libc.a(lib_a-writer.o)
 .bss           0x0000000000059378        0x0 ../SoftwareRansac_bsp//newlib/nios2-elf/lib\libc.a(closer.o)
 .bss           0x0000000000059378        0x0 ../SoftwareRansac_bsp//newlib/nios2-elf/lib\libc.a(lib_a-callocr.o)
 .bss           0x0000000000059378        0x0 ../SoftwareRansac_bsp//newlib/nios2-elf/lib\libc.a(lib_a-fclose.o)
 .bss           0x0000000000059378        0x0 ../SoftwareRansac_bsp//newlib/nios2-elf/lib\libc.a(lib_a-fputwc.o)
 .bss           0x0000000000059378        0x0 ../SoftwareRansac_bsp//newlib/nios2-elf/lib\libc.a(lib_a-fstatr.o)
 .bss           0x0000000000059378        0x0 ../SoftwareRansac_bsp//newlib/nios2-elf/lib\libc.a(lib_a-int_errno.o)
 .bss           0x0000000000059378        0x0 ../SoftwareRansac_bsp//newlib/nios2-elf/lib\libc.a(lib_a-isattyr.o)
 .bss           0x0000000000059378        0x0 ../SoftwareRansac_bsp//newlib/nios2-elf/lib\libc.a(lib_a-lseekr.o)
 .bss           0x0000000000059378        0x0 ../SoftwareRansac_bsp//newlib/nios2-elf/lib\libc.a(lib_a-readr.o)
 .bss           0x0000000000059378        0x0 ../SoftwareRansac_bsp//newlib/nios2-elf/lib\libc.a(lib_a-wbuf.o)
 .bss           0x0000000000059378        0x0 ../SoftwareRansac_bsp//newlib/nios2-elf/lib\libc.a(lib_a-wcrtomb.o)
 .bss           0x0000000000059378        0x0 ../SoftwareRansac_bsp//newlib/nios2-elf/lib\libc.a(lib_a-wctomb_r.o)
 .bss           0x0000000000059378        0x0 c:/intelfpga_lite/18.1/nios2eds/bin/gnu/h-x86_64-mingw32/bin/../lib/gcc/nios2-elf/5.3.0/mno-hw-mul\libgcc.a(_muldi3.o)
 .bss           0x0000000000059378        0x0 c:/intelfpga_lite/18.1/nios2eds/bin/gnu/h-x86_64-mingw32/bin/../lib/gcc/nios2-elf/5.3.0/mno-hw-mul\libgcc.a(_udivdi3.o)
 .bss           0x0000000000059378        0x0 c:/intelfpga_lite/18.1/nios2eds/bin/gnu/h-x86_64-mingw32/bin/../lib/gcc/nios2-elf/5.3.0/mno-hw-mul\libgcc.a(_umoddi3.o)
 .bss           0x0000000000059378        0x0 c:/intelfpga_lite/18.1/nios2eds/bin/gnu/h-x86_64-mingw32/bin/../lib/gcc/nios2-elf/5.3.0/mno-hw-mul\libgcc.a(eqdf2.o)
 .bss           0x0000000000059378        0x0 c:/intelfpga_lite/18.1/nios2eds/bin/gnu/h-x86_64-mingw32/bin/../lib/gcc/nios2-elf/5.3.0/mno-hw-mul\libgcc.a(ledf2.o)
 .bss           0x0000000000059378        0x0 c:/intelfpga_lite/18.1/nios2eds/bin/gnu/h-x86_64-mingw32/bin/../lib/gcc/nios2-elf/5.3.0/mno-hw-mul\libgcc.a(floatunsidf.o)
 .bss           0x0000000000059378        0x0 ../SoftwareRansac_bsp/\libhal_bsp.a(alt_close.o)
 .bss           0x0000000000059378        0x0 ../SoftwareRansac_bsp/\libhal_bsp.a(alt_dev.o)
 .bss           0x0000000000059378        0x0 ../SoftwareRansac_bsp/\libhal_bsp.a(alt_errno.o)
 .bss           0x0000000000059378        0x0 ../SoftwareRansac_bsp/\libhal_bsp.a(alt_fstat.o)
 .bss           0x0000000000059378        0x0 ../SoftwareRansac_bsp/\libhal_bsp.a(alt_isatty.o)
 .bss           0x0000000000059378        0x0 ../SoftwareRansac_bsp/\libhal_bsp.a(alt_load.o)
 .bss           0x0000000000059378        0x0 ../SoftwareRansac_bsp/\libhal_bsp.a(alt_lseek.o)
 .bss           0x0000000000059378        0x0 ../SoftwareRansac_bsp/\libhal_bsp.a(alt_main.o)
 .bss           0x0000000000059378        0x0 ../SoftwareRansac_bsp/\libhal_bsp.a(alt_malloc_lock.o)
 .bss           0x0000000000059378        0x0 ../SoftwareRansac_bsp/\libhal_bsp.a(alt_read.o)
 .bss           0x0000000000059378        0x0 ../SoftwareRansac_bsp/\libhal_bsp.a(alt_release_fd.o)
 .bss           0x0000000000059378        0x0 ../SoftwareRansac_bsp/\libhal_bsp.a(alt_sbrk.o)
 .bss           0x0000000000059378        0x0 ../SoftwareRansac_bsp/\libhal_bsp.a(alt_write.o)
 .bss           0x0000000000059378        0x0 ../SoftwareRansac_bsp/\libhal_bsp.a(alt_sys_init.o)
 .bss           0x0000000000059378        0x0 ../SoftwareRansac_bsp/\libhal_bsp.a(altera_avalon_jtag_uart_fd.o)
 .bss           0x0000000000059378        0x0 ../SoftwareRansac_bsp/\libhal_bsp.a(altera_avalon_jtag_uart_init.o)
 .bss           0x0000000000059378        0x0 ../SoftwareRansac_bsp/\libhal_bsp.a(altera_avalon_jtag_uart_ioctl.o)
 .bss           0x0000000000059378        0x0 ../SoftwareRansac_bsp/\libhal_bsp.a(altera_avalon_jtag_uart_read.o)
 .bss           0x0000000000059378        0x0 ../SoftwareRansac_bsp/\libhal_bsp.a(altera_avalon_jtag_uart_write.o)
 .bss           0x0000000000059378        0x0 ../SoftwareRansac_bsp/\libhal_bsp.a(alt_alarm_start.o)
 .bss           0x0000000000059378        0x0 ../SoftwareRansac_bsp/\libhal_bsp.a(alt_dcache_flush_all.o)
 .bss           0x0000000000059378        0x0 ../SoftwareRansac_bsp/\libhal_bsp.a(alt_dev_llist_insert.o)
 .bss           0x0000000000059378        0x0 ../SoftwareRansac_bsp/\libhal_bsp.a(alt_do_ctors.o)
 .bss           0x0000000000059378        0x0 ../SoftwareRansac_bsp/\libhal_bsp.a(alt_do_dtors.o)
 .bss           0x0000000000059378        0x0 ../SoftwareRansac_bsp/\libhal_bsp.a(alt_icache_flush_all.o)
 .bss           0x0000000000059378        0x0 ../SoftwareRansac_bsp/\libhal_bsp.a(alt_iic.o)
 .bss           0x0000000000059378        0x0 ../SoftwareRansac_bsp/\libhal_bsp.a(alt_iic_isr_register.o)
 .bss           0x0000000000059378        0x0 ../SoftwareRansac_bsp/\libhal_bsp.a(alt_io_redirect.o)
 .bss           0x0000000000059378        0x0 ../SoftwareRansac_bsp/\libhal_bsp.a(alt_irq_entry.o)
 .bss           0x0000000000059378        0x0 ../SoftwareRansac_bsp/\libhal_bsp.a(alt_irq_handler.o)
 .bss           0x0000000000059378        0x0 ../SoftwareRansac_bsp/\libhal_bsp.a(alt_irq_vars.o)
 .bss           0x0000000000059378        0x0 ../SoftwareRansac_bsp/\libhal_bsp.a(alt_open.o)
 .bss           0x0000000000059378        0x0 ../SoftwareRansac_bsp/\libhal_bsp.a(alt_tick.o)
 .bss           0x0000000000059378        0x0 ../SoftwareRansac_bsp/\libhal_bsp.a(altera_nios2_gen2_irq.o)
 .bss           0x0000000000059378        0x0 ../SoftwareRansac_bsp/\libhal_bsp.a(alt_exception_entry.o)
 .bss           0x0000000000059378        0x0 ../SoftwareRansac_bsp/\libhal_bsp.a(alt_find_dev.o)
 .bss           0x0000000000059378        0x0 ../SoftwareRansac_bsp/\libhal_bsp.a(alt_find_file.o)
 .bss           0x0000000000059378        0x0 ../SoftwareRansac_bsp/\libhal_bsp.a(alt_get_fd.o)
 .bss           0x0000000000059378        0x0 ../SoftwareRansac_bsp/\libhal_bsp.a(alt_instruction_exception_entry.o)
 .bss           0x0000000000059378        0x0 ../SoftwareRansac_bsp//newlib/nios2-elf/lib\libc.a(lib_a-atexit.o)
 .bss           0x0000000000059378        0x0 ../SoftwareRansac_bsp//newlib/nios2-elf/lib\libc.a(lib_a-exit.o)
 .bss           0x0000000000059378        0x0 ../SoftwareRansac_bsp//newlib/nios2-elf/lib\libc.a(lib_a-memcmp.o)
 .bss           0x0000000000059378        0x0 ../SoftwareRansac_bsp//newlib/nios2-elf/lib\libc.a(lib_a-__atexit.o)
 .bss           0x0000000000059378        0x0 ../SoftwareRansac_bsp//newlib/nios2-elf/lib\libc.a(lib_a-__call_atexit.o)
 .bss           0x0000000000059378        0x0 ../SoftwareRansac_bsp/\libhal_bsp.a(alt_exit.o)
 *(COMMON)
 COMMON         0x0000000000059378      0x100 ../SoftwareRansac_bsp/\libhal_bsp.a(alt_irq_handler.o)
                0x0000000000059378                alt_irq
                0x0000000000059478                . = ALIGN (0x4)
                0x0000000000059478                __bss_end = ABSOLUTE (.)

.MemoriaDados   0x0000000000000000        0x0 load address 0x0000000000059478
                [!provide]                        PROVIDE (_alt_partition_MemoriaDados_start, ABSOLUTE (.))
 *(.MemoriaDados .MemoriaDados. MemoriaDados.*)
                0x0000000000000000                . = ALIGN (0x4)
                [!provide]                        PROVIDE (_alt_partition_MemoriaDados_end, ABSOLUTE (.))
                [!provide]                        PROVIDE (_alt_partition_MemoriaDados_load_addr, LOADADDR (.MemoriaDados))

.MemoriaPrograma
                0x0000000000059478        0x0
                [!provide]                        PROVIDE (_alt_partition_MemoriaPrograma_start, ABSOLUTE (.))
 *(.MemoriaPrograma .MemoriaPrograma. MemoriaPrograma.*)
                0x0000000000059478                . = ALIGN (0x4)
                [!provide]                        PROVIDE (_alt_partition_MemoriaPrograma_end, ABSOLUTE (.))
                0x0000000000059478                _end = ABSOLUTE (.)
                0x0000000000059478                end = ABSOLUTE (.)
                0x0000000000059478                __alt_stack_base = ABSOLUTE (.)
                [!provide]                        PROVIDE (_alt_partition_MemoriaPrograma_load_addr, LOADADDR (.MemoriaPrograma))

.stab
 *(.stab)

.stabstr
 *(.stabstr)

.stab.excl
 *(.stab.excl)

.stab.exclstr
 *(.stab.exclstr)

.stab.index
 *(.stab.index)

.stab.indexstr
 *(.stab.indexstr)

.comment        0x0000000000000000       0x23
 *(.comment)
 .comment       0x0000000000000000       0x23 obj/default/main.o
                                         0x24 (size before relaxing)
 .comment       0x0000000000000023       0x24 obj/default/ransac.o
 .comment       0x0000000000000023       0x24 ../SoftwareRansac_bsp//newlib/nios2-elf/lib\libm.a(lib_a-s_atan.o)
 .comment       0x0000000000000023       0x24 ../SoftwareRansac_bsp//newlib/nios2-elf/lib\libm.a(lib_a-s_fabs.o)
 .comment       0x0000000000000023       0x24 c:/intelfpga_lite/18.1/nios2eds/bin/gnu/h-x86_64-mingw32/bin/../lib/gcc/nios2-elf/5.3.0/mno-hw-mul\libgcc.a(lib2-divmod.o)
 .comment       0x0000000000000023       0x24 c:/intelfpga_lite/18.1/nios2eds/bin/gnu/h-x86_64-mingw32/bin/../lib/gcc/nios2-elf/5.3.0/mno-hw-mul\libgcc.a(lib2-mul.o)
 .comment       0x0000000000000023       0x24 c:/intelfpga_lite/18.1/nios2eds/bin/gnu/h-x86_64-mingw32/bin/../lib/gcc/nios2-elf/5.3.0/mno-hw-mul\libgcc.a(adddf3.o)
 .comment       0x0000000000000023       0x24 c:/intelfpga_lite/18.1/nios2eds/bin/gnu/h-x86_64-mingw32/bin/../lib/gcc/nios2-elf/5.3.0/mno-hw-mul\libgcc.a(divdf3.o)
 .comment       0x0000000000000023       0x24 c:/intelfpga_lite/18.1/nios2eds/bin/gnu/h-x86_64-mingw32/bin/../lib/gcc/nios2-elf/5.3.0/mno-hw-mul\libgcc.a(gedf2.o)
 .comment       0x0000000000000023       0x24 c:/intelfpga_lite/18.1/nios2eds/bin/gnu/h-x86_64-mingw32/bin/../lib/gcc/nios2-elf/5.3.0/mno-hw-mul\libgcc.a(muldf3.o)
 .comment       0x0000000000000023       0x24 c:/intelfpga_lite/18.1/nios2eds/bin/gnu/h-x86_64-mingw32/bin/../lib/gcc/nios2-elf/5.3.0/mno-hw-mul\libgcc.a(subdf3.o)
 .comment       0x0000000000000023       0x24 c:/intelfpga_lite/18.1/nios2eds/bin/gnu/h-x86_64-mingw32/bin/../lib/gcc/nios2-elf/5.3.0/mno-hw-mul\libgcc.a(fixdfsi.o)
 .comment       0x0000000000000023       0x24 c:/intelfpga_lite/18.1/nios2eds/bin/gnu/h-x86_64-mingw32/bin/../lib/gcc/nios2-elf/5.3.0/mno-hw-mul\libgcc.a(floatsidf.o)
 .comment       0x0000000000000023       0x24 c:/intelfpga_lite/18.1/nios2eds/bin/gnu/h-x86_64-mingw32/bin/../lib/gcc/nios2-elf/5.3.0/mno-hw-mul\libgcc.a(extendsfdf2.o)
 .comment       0x0000000000000023       0x24 c:/intelfpga_lite/18.1/nios2eds/bin/gnu/h-x86_64-mingw32/bin/../lib/gcc/nios2-elf/5.3.0/mno-hw-mul\libgcc.a(truncdfsf2.o)
 .comment       0x0000000000000023       0x24 c:/intelfpga_lite/18.1/nios2eds/bin/gnu/h-x86_64-mingw32/bin/../lib/gcc/nios2-elf/5.3.0/mno-hw-mul\libgcc.a(_clzsi2.o)
 .comment       0x0000000000000023       0x24 c:/intelfpga_lite/18.1/nios2eds/bin/gnu/h-x86_64-mingw32/bin/../lib/gcc/nios2-elf/5.3.0/mno-hw-mul\libgcc.a(_clz.o)
 .comment       0x0000000000000023       0x24 ../SoftwareRansac_bsp//newlib/nios2-elf/lib\libc.a(lib_a-printf.o)
 .comment       0x0000000000000023       0x24 ../SoftwareRansac_bsp//newlib/nios2-elf/lib\libc.a(lib_a-puts.o)
 .comment       0x0000000000000023       0x24 ../SoftwareRansac_bsp//newlib/nios2-elf/lib\libc.a(lib_a-rand.o)
 .comment       0x0000000000000023       0x24 ../SoftwareRansac_bsp//newlib/nios2-elf/lib\libc.a(lib_a-strlen.o)
 .comment       0x0000000000000023       0x24 ../SoftwareRansac_bsp//newlib/nios2-elf/lib\libc.a(lib_a-vfprintf.o)
 .comment       0x0000000000000023       0x24 ../SoftwareRansac_bsp//newlib/nios2-elf/lib\libc.a(lib_a-wsetup.o)
 .comment       0x0000000000000023       0x24 ../SoftwareRansac_bsp//newlib/nios2-elf/lib\libc.a(lib_a-dtoa.o)
 .comment       0x0000000000000023       0x24 ../SoftwareRansac_bsp//newlib/nios2-elf/lib\libc.a(lib_a-fflush.o)
 .comment       0x0000000000000023       0x24 ../SoftwareRansac_bsp//newlib/nios2-elf/lib\libc.a(lib_a-findfp.o)
 .comment       0x0000000000000023       0x24 ../SoftwareRansac_bsp//newlib/nios2-elf/lib\libc.a(lib_a-freer.o)
 .comment       0x0000000000000023       0x24 ../SoftwareRansac_bsp//newlib/nios2-elf/lib\libc.a(lib_a-fvwrite.o)
 .comment       0x0000000000000023       0x24 ../SoftwareRansac_bsp//newlib/nios2-elf/lib\libc.a(lib_a-fwalk.o)
 .comment       0x0000000000000023       0x24 ../SoftwareRansac_bsp//newlib/nios2-elf/lib\libc.a(lib_a-impure.o)
 .comment       0x0000000000000023       0x24 ../SoftwareRansac_bsp//newlib/nios2-elf/lib\libc.a(lib_a-locale.o)
 .comment       0x0000000000000023       0x24 ../SoftwareRansac_bsp//newlib/nios2-elf/lib\libc.a(lib_a-makebuf.o)
 .comment       0x0000000000000023       0x24 ../SoftwareRansac_bsp//newlib/nios2-elf/lib\libc.a(lib_a-mallocr.o)
 .comment       0x0000000000000023       0x24 ../SoftwareRansac_bsp//newlib/nios2-elf/lib\libc.a(lib_a-memchr.o)
 .comment       0x0000000000000023       0x24 ../SoftwareRansac_bsp//newlib/nios2-elf/lib\libc.a(lib_a-memcpy.o)
 .comment       0x0000000000000023       0x24 ../SoftwareRansac_bsp//newlib/nios2-elf/lib\libc.a(lib_a-memmove.o)
 .comment       0x0000000000000023       0x24 ../SoftwareRansac_bsp//newlib/nios2-elf/lib\libc.a(lib_a-memset.o)
 .comment       0x0000000000000023       0x24 ../SoftwareRansac_bsp//newlib/nios2-elf/lib\libc.a(lib_a-mprec.o)
 .comment       0x0000000000000023       0x24 ../SoftwareRansac_bsp//newlib/nios2-elf/lib\libc.a(lib_a-reallocr.o)
 .comment       0x0000000000000023       0x24 ../SoftwareRansac_bsp//newlib/nios2-elf/lib\libc.a(lib_a-s_fpclassify.o)
 .comment       0x0000000000000023       0x24 ../SoftwareRansac_bsp//newlib/nios2-elf/lib\libc.a(lib_a-sbrkr.o)
 .comment       0x0000000000000023       0x24 ../SoftwareRansac_bsp//newlib/nios2-elf/lib\libc.a(lib_a-stdio.o)
 .comment       0x0000000000000023       0x24 ../SoftwareRansac_bsp//newlib/nios2-elf/lib\libc.a(lib_a-strcmp.o)
 .comment       0x0000000000000023       0x24 ../SoftwareRansac_bsp//newlib/nios2-elf/lib\libc.a(lib_a-vfiprintf.o)
 .comment       0x0000000000000023       0x24 ../SoftwareRansac_bsp//newlib/nios2-elf/lib\libc.a(lib_a-writer.o)
 .comment       0x0000000000000023       0x24 ../SoftwareRansac_bsp//newlib/nios2-elf/lib\libc.a(closer.o)
 .comment       0x0000000000000023       0x24 ../SoftwareRansac_bsp//newlib/nios2-elf/lib\libc.a(lib_a-callocr.o)
 .comment       0x0000000000000023       0x24 ../SoftwareRansac_bsp//newlib/nios2-elf/lib\libc.a(lib_a-fclose.o)
 .comment       0x0000000000000023       0x24 ../SoftwareRansac_bsp//newlib/nios2-elf/lib\libc.a(lib_a-fputwc.o)
 .comment       0x0000000000000023       0x24 ../SoftwareRansac_bsp//newlib/nios2-elf/lib\libc.a(lib_a-fstatr.o)
 .comment       0x0000000000000023       0x24 ../SoftwareRansac_bsp//newlib/nios2-elf/lib\libc.a(lib_a-int_errno.o)
 .comment       0x0000000000000023       0x24 ../SoftwareRansac_bsp//newlib/nios2-elf/lib\libc.a(lib_a-isattyr.o)
 .comment       0x0000000000000023       0x24 ../SoftwareRansac_bsp//newlib/nios2-elf/lib\libc.a(lib_a-lseekr.o)
 .comment       0x0000000000000023       0x24 ../SoftwareRansac_bsp//newlib/nios2-elf/lib\libc.a(lib_a-readr.o)
 .comment       0x0000000000000023       0x24 ../SoftwareRansac_bsp//newlib/nios2-elf/lib\libc.a(lib_a-wbuf.o)
 .comment       0x0000000000000023       0x24 ../SoftwareRansac_bsp//newlib/nios2-elf/lib\libc.a(lib_a-wcrtomb.o)
 .comment       0x0000000000000023       0x24 ../SoftwareRansac_bsp//newlib/nios2-elf/lib\libc.a(lib_a-wctomb_r.o)
 .comment       0x0000000000000023       0x24 c:/intelfpga_lite/18.1/nios2eds/bin/gnu/h-x86_64-mingw32/bin/../lib/gcc/nios2-elf/5.3.0/mno-hw-mul\libgcc.a(_muldi3.o)
 .comment       0x0000000000000023       0x24 c:/intelfpga_lite/18.1/nios2eds/bin/gnu/h-x86_64-mingw32/bin/../lib/gcc/nios2-elf/5.3.0/mno-hw-mul\libgcc.a(_udivdi3.o)
 .comment       0x0000000000000023       0x24 c:/intelfpga_lite/18.1/nios2eds/bin/gnu/h-x86_64-mingw32/bin/../lib/gcc/nios2-elf/5.3.0/mno-hw-mul\libgcc.a(_umoddi3.o)
 .comment       0x0000000000000023       0x24 c:/intelfpga_lite/18.1/nios2eds/bin/gnu/h-x86_64-mingw32/bin/../lib/gcc/nios2-elf/5.3.0/mno-hw-mul\libgcc.a(eqdf2.o)
 .comment       0x0000000000000023       0x24 c:/intelfpga_lite/18.1/nios2eds/bin/gnu/h-x86_64-mingw32/bin/../lib/gcc/nios2-elf/5.3.0/mno-hw-mul\libgcc.a(ledf2.o)
 .comment       0x0000000000000023       0x24 c:/intelfpga_lite/18.1/nios2eds/bin/gnu/h-x86_64-mingw32/bin/../lib/gcc/nios2-elf/5.3.0/mno-hw-mul\libgcc.a(floatunsidf.o)
 .comment       0x0000000000000023       0x24 ../SoftwareRansac_bsp/\libhal_bsp.a(alt_close.o)
 .comment       0x0000000000000023       0x24 ../SoftwareRansac_bsp/\libhal_bsp.a(alt_dev.o)
 .comment       0x0000000000000023       0x24 ../SoftwareRansac_bsp/\libhal_bsp.a(alt_errno.o)
 .comment       0x0000000000000023       0x24 ../SoftwareRansac_bsp/\libhal_bsp.a(alt_fstat.o)
 .comment       0x0000000000000023       0x24 ../SoftwareRansac_bsp/\libhal_bsp.a(alt_isatty.o)
 .comment       0x0000000000000023       0x24 ../SoftwareRansac_bsp/\libhal_bsp.a(alt_load.o)
 .comment       0x0000000000000023       0x24 ../SoftwareRansac_bsp/\libhal_bsp.a(alt_lseek.o)
 .comment       0x0000000000000023       0x24 ../SoftwareRansac_bsp/\libhal_bsp.a(alt_main.o)
 .comment       0x0000000000000023       0x24 ../SoftwareRansac_bsp/\libhal_bsp.a(alt_malloc_lock.o)
 .comment       0x0000000000000023       0x24 ../SoftwareRansac_bsp/\libhal_bsp.a(alt_read.o)
 .comment       0x0000000000000023       0x24 ../SoftwareRansac_bsp/\libhal_bsp.a(alt_release_fd.o)
 .comment       0x0000000000000023       0x24 ../SoftwareRansac_bsp/\libhal_bsp.a(alt_sbrk.o)
 .comment       0x0000000000000023       0x24 ../SoftwareRansac_bsp/\libhal_bsp.a(alt_write.o)
 .comment       0x0000000000000023       0x24 ../SoftwareRansac_bsp/\libhal_bsp.a(alt_sys_init.o)
 .comment       0x0000000000000023       0x24 ../SoftwareRansac_bsp/\libhal_bsp.a(altera_avalon_jtag_uart_fd.o)
 .comment       0x0000000000000023       0x24 ../SoftwareRansac_bsp/\libhal_bsp.a(altera_avalon_jtag_uart_init.o)
 .comment       0x0000000000000023       0x24 ../SoftwareRansac_bsp/\libhal_bsp.a(altera_avalon_jtag_uart_ioctl.o)
 .comment       0x0000000000000023       0x24 ../SoftwareRansac_bsp/\libhal_bsp.a(altera_avalon_jtag_uart_read.o)
 .comment       0x0000000000000023       0x24 ../SoftwareRansac_bsp/\libhal_bsp.a(altera_avalon_jtag_uart_write.o)
 .comment       0x0000000000000023       0x24 ../SoftwareRansac_bsp/\libhal_bsp.a(alt_alarm_start.o)
 .comment       0x0000000000000023       0x24 ../SoftwareRansac_bsp/\libhal_bsp.a(alt_dcache_flush_all.o)
 .comment       0x0000000000000023       0x24 ../SoftwareRansac_bsp/\libhal_bsp.a(alt_dev_llist_insert.o)
 .comment       0x0000000000000023       0x24 ../SoftwareRansac_bsp/\libhal_bsp.a(alt_do_ctors.o)
 .comment       0x0000000000000023       0x24 ../SoftwareRansac_bsp/\libhal_bsp.a(alt_do_dtors.o)
 .comment       0x0000000000000023       0x24 ../SoftwareRansac_bsp/\libhal_bsp.a(alt_icache_flush_all.o)