Archive member included to satisfy reference by file (symbol)

../RansacSoftware_bsp//newlib/nios2-elf/lib\libm.a(lib_a-s_atan.o)
                              obj/default/ransac.o (atan)
../RansacSoftware_bsp//newlib/nios2-elf/lib\libm.a(lib_a-s_fabs.o)
                              ../RansacSoftware_bsp//newlib/nios2-elf/lib\libm.a(lib_a-s_atan.o) (fabs)
c:/intelfpga_lite/18.1/nios2eds/bin/gnu/h-x86_64-mingw32/bin/../lib/gcc/nios2-elf/5.3.0/mno-hw-mul\libgcc.a(lib2-divmod.o)
                              obj/default/ransac.o (__divsi3)
c:/intelfpga_lite/18.1/nios2eds/bin/gnu/h-x86_64-mingw32/bin/../lib/gcc/nios2-elf/5.3.0/mno-hw-mul\libgcc.a(lib2-mul.o)
                              obj/default/ransac.o (__mulsi3)
c:/intelfpga_lite/18.1/nios2eds/bin/gnu/h-x86_64-mingw32/bin/../lib/gcc/nios2-elf/5.3.0/mno-hw-mul\libgcc.a(adddf3.o)
                              obj/default/ransac.o (__adddf3)
c:/intelfpga_lite/18.1/nios2eds/bin/gnu/h-x86_64-mingw32/bin/../lib/gcc/nios2-elf/5.3.0/mno-hw-mul\libgcc.a(divdf3.o)
                              ../RansacSoftware_bsp//newlib/nios2-elf/lib\libm.a(lib_a-s_atan.o) (__divdf3)
c:/intelfpga_lite/18.1/nios2eds/bin/gnu/h-x86_64-mingw32/bin/../lib/gcc/nios2-elf/5.3.0/mno-hw-mul\libgcc.a(gedf2.o)
                              obj/default/main.o (__gtdf2)
c:/intelfpga_lite/18.1/nios2eds/bin/gnu/h-x86_64-mingw32/bin/../lib/gcc/nios2-elf/5.3.0/mno-hw-mul\libgcc.a(ledf2.o)
                              obj/default/main.o (__ltdf2)
c:/intelfpga_lite/18.1/nios2eds/bin/gnu/h-x86_64-mingw32/bin/../lib/gcc/nios2-elf/5.3.0/mno-hw-mul\libgcc.a(muldf3.o)
                              obj/default/ransac.o (__muldf3)
c:/intelfpga_lite/18.1/nios2eds/bin/gnu/h-x86_64-mingw32/bin/../lib/gcc/nios2-elf/5.3.0/mno-hw-mul\libgcc.a(subdf3.o)
                              ../RansacSoftware_bsp//newlib/nios2-elf/lib\libm.a(lib_a-s_atan.o) (__subdf3)
c:/intelfpga_lite/18.1/nios2eds/bin/gnu/h-x86_64-mingw32/bin/../lib/gcc/nios2-elf/5.3.0/mno-hw-mul\libgcc.a(fixdfsi.o)
                              obj/default/ransac.o (__fixdfsi)
c:/intelfpga_lite/18.1/nios2eds/bin/gnu/h-x86_64-mingw32/bin/../lib/gcc/nios2-elf/5.3.0/mno-hw-mul\libgcc.a(floatsidf.o)
                              obj/default/ransac.o (__floatsidf)
c:/intelfpga_lite/18.1/nios2eds/bin/gnu/h-x86_64-mingw32/bin/../lib/gcc/nios2-elf/5.3.0/mno-hw-mul\libgcc.a(extendsfdf2.o)
                              obj/default/main.o (__extendsfdf2)
c:/intelfpga_lite/18.1/nios2eds/bin/gnu/h-x86_64-mingw32/bin/../lib/gcc/nios2-elf/5.3.0/mno-hw-mul\libgcc.a(truncdfsf2.o)
                              obj/default/ransac.o (__truncdfsf2)
c:/intelfpga_lite/18.1/nios2eds/bin/gnu/h-x86_64-mingw32/bin/../lib/gcc/nios2-elf/5.3.0/mno-hw-mul\libgcc.a(_clzsi2.o)
                              c:/intelfpga_lite/18.1/nios2eds/bin/gnu/h-x86_64-mingw32/bin/../lib/gcc/nios2-elf/5.3.0/mno-hw-mul\libgcc.a(adddf3.o) (__clzsi2)
c:/intelfpga_lite/18.1/nios2eds/bin/gnu/h-x86_64-mingw32/bin/../lib/gcc/nios2-elf/5.3.0/mno-hw-mul\libgcc.a(_clz.o)
                              c:/intelfpga_lite/18.1/nios2eds/bin/gnu/h-x86_64-mingw32/bin/../lib/gcc/nios2-elf/5.3.0/mno-hw-mul\libgcc.a(_clzsi2.o) (__clz_tab)
../RansacSoftware_bsp//newlib/nios2-elf/lib\libc.a(lib_a-exit.o)
                              obj/default/main.o (exit)
../RansacSoftware_bsp//newlib/nios2-elf/lib\libc.a(lib_a-fclose.o)
                              obj/default/main.o (fclose)
../RansacSoftware_bsp//newlib/nios2-elf/lib\libc.a(lib_a-fflush.o)
                              ../RansacSoftware_bsp//newlib/nios2-elf/lib\libc.a(lib_a-fclose.o) (__sflush_r)
../RansacSoftware_bsp//newlib/nios2-elf/lib\libc.a(lib_a-findfp.o)
                              ../RansacSoftware_bsp//newlib/nios2-elf/lib\libc.a(lib_a-fclose.o) (__sinit)
../RansacSoftware_bsp//newlib/nios2-elf/lib\libc.a(lib_a-fopen.o)
                              obj/default/main.o (fopen)
../RansacSoftware_bsp//newlib/nios2-elf/lib\libc.a(lib_a-fprintf.o)
                              obj/default/main.o (fprintf)
../RansacSoftware_bsp//newlib/nios2-elf/lib\libc.a(lib_a-fputc.o)
                              obj/default/main.o (fputc)
../RansacSoftware_bsp//newlib/nios2-elf/lib\libc.a(lib_a-freer.o)
                              ../RansacSoftware_bsp//newlib/nios2-elf/lib\libc.a(lib_a-fclose.o) (_free_r)
../RansacSoftware_bsp//newlib/nios2-elf/lib\libc.a(lib_a-fscanf.o)
                              obj/default/main.o (fscanf)
../RansacSoftware_bsp//newlib/nios2-elf/lib\libc.a(lib_a-fseek.o)
                              ../RansacSoftware_bsp//newlib/nios2-elf/lib\libc.a(lib_a-fopen.o) (_fseek_r)
../RansacSoftware_bsp//newlib/nios2-elf/lib\libc.a(lib_a-fseeko.o)
                              ../RansacSoftware_bsp//newlib/nios2-elf/lib\libc.a(lib_a-fseek.o) (_fseeko_r)
../RansacSoftware_bsp//newlib/nios2-elf/lib\libc.a(lib_a-fstatr.o)
                              ../RansacSoftware_bsp//newlib/nios2-elf/lib\libc.a(lib_a-fseeko.o) (_fstat_r)
[...]
Memory Configuration

Name             Origin             Length             Attributes
MemoriaDados     0x0000000000000000 0x0000000000010000
reset            0x0000000000080000 0x0000000000000020
MemoriaPrograma  0x0000000000080020 0x0000000000031fe0
*default*        0x0000000000000000 0xffffffffffffffff

Linker script and memory map

LOAD ../RansacSoftware_bsp//obj/HAL/src/crt0.o
LOAD obj/default/main.o
LOAD obj/default/ransac.o
LOAD c:/intelfpga_lite/18.1/nios2eds/bin/gnu/h-x86_64-mingw32/bin/../lib/gcc/nios2-elf/5.3.0/../../../../../H-x86_64-mingw32/nios2-elf/lib/mno-hw-mul\libstdc++.a
LOAD ../RansacSoftware_bsp//newlib/nios2-elf/lib\libm.a
LOAD c:/intelfpga_lite/18.1/nios2eds/bin/gnu/h-x86_64-mingw32/bin/../lib/gcc/nios2-elf/5.3.0/mno-hw-mul\libgcc.a
START GROUP
LOAD ../RansacSoftware_bsp//newlib/nios2-elf/lib\libc.a
LOAD c:/intelfpga_lite/18.1/nios2eds/bin/gnu/h-x86_64-mingw32/bin/../lib/gcc/nios2-elf/5.3.0/mno-hw-mul\libgcc.a
LOAD ../RansacSoftware_bsp/\libhal_bsp.a
LOAD ../RansacSoftware_bsp//newlib/nios2-elf/lib\libm.a
END GROUP
LOAD c:/intelfpga_lite/18.1/nios2eds/bin/gnu/h-x86_64-mingw32/bin/../lib/gcc/nios2-elf/5.3.0/mno-hw-mul\libgcc.a
                0x0000000000000000                __alt_mem_MemoriaDados = 0x0
                0x0000000000080000                __alt_mem_MemoriaPrograma = 0x80000

.entry          0x0000000000080000       0x20
 *(.entry)
 .entry         0x0000000000080000       0x20 ../RansacSoftware_bsp//obj/HAL/src/crt0.o
                0x0000000000080000                __reset

.exceptions     0x0000000000080020      0x164
                0x0000000000080020                PROVIDE (__ram_exceptions_start, ABSOLUTE (.))
                0x0000000000080020                . = ALIGN (0x20)
 *(.irq)
 *(.exceptions.entry.label)
 .exceptions.entry.label
                0x0000000000080020        0x0 ../RansacSoftware_bsp/\libhal_bsp.a(alt_irq_entry.o)
                0x0000000000080020                alt_irq_entry
 .exceptions.entry.label
                0x0000000000080020        0x0 ../RansacSoftware_bsp/\libhal_bsp.a(alt_exception_entry.o)
                0x0000000000080020                alt_exception
 *(.exceptions.entry.user)
 *(.exceptions.entry.ecc_fatal)
 *(.exceptions.entry)
 .exceptions.entry
                0x0000000000080020       0x54 ../RansacSoftware_bsp/\libhal_bsp.a(alt_exception_entry.o)
 *(.exceptions.irqtest.user)
 *(.exceptions.irqtest)
 .exceptions.irqtest
                0x0000000000080074       0x10 ../RansacSoftware_bsp/\libhal_bsp.a(alt_irq_entry.o)
 *(.exceptions.irqhandler.user)
 *(.exceptions.irqhandler)
 .exceptions.irqhandler
                0x0000000000080084        0x4 ../RansacSoftware_bsp/\libhal_bsp.a(alt_irq_entry.o)
 *(.exceptions.irqreturn.user)
 *(.exceptions.irqreturn)
 .exceptions.irqreturn
                0x0000000000080088        0x4 ../RansacSoftware_bsp/\libhal_bsp.a(alt_irq_entry.o)
 *(.exceptions.notirq.label)
 .exceptions.notirq.label
                0x000000000008008c        0x0 ../RansacSoftware_bsp/\libhal_bsp.a(alt_irq_entry.o)
 *(.exceptions.notirq.user)
 *(.exceptions.notirq)
 .exceptions.notirq
                0x000000000008008c        0x8 ../RansacSoftware_bsp/\libhal_bsp.a(alt_exception_entry.o)
 *(.exceptions.soft.user)
 *(.exceptions.soft)
 *(.exceptions.unknown.user)
 *(.exceptions.unknown)
 .exceptions.unknown
                0x0000000000080094       0x14 ../RansacSoftware_bsp/\libhal_bsp.a(alt_exception_entry.o)
 *(.exceptions.exit.label)
 .exceptions.exit.label
                0x00000000000800a8        0x0 ../RansacSoftware_bsp/\libhal_bsp.a(alt_irq_entry.o)
 .exceptions.exit.label
                0x00000000000800a8        0x0 ../RansacSoftware_bsp/\libhal_bsp.a(alt_exception_entry.o)
 *(.exceptions.exit.user)
 *(.exceptions.exit)
 .exceptions.exit
                0x00000000000800a8       0x54 ../RansacSoftware_bsp/\libhal_bsp.a(alt_exception_entry.o)
 *(.exceptions)
 .exceptions    0x00000000000800fc       0x64 ../RansacSoftware_bsp/\libhal_bsp.a(alt_irq_handler.o)
                0x00000000000800fc                alt_irq_handler
 .exceptions    0x0000000000080160       0x24 ../RansacSoftware_bsp/\libhal_bsp.a(alt_instruction_exception_entry.o)
                0x0000000000080160                alt_instruction_exception_entry
                0x0000000000080184                PROVIDE (__ram_exceptions_end, ABSOLUTE (.))
                0x0000000000080020                PROVIDE (__flash_exceptions_start, LOADADDR (.exceptions))

.text           0x0000000000080184    0x19e3c
                [!provide]                        PROVIDE (stext, ABSOLUTE (.))
 *(.interp)
 *(.hash)
 *(.dynsym)
 *(.dynstr)
 *(.gnu.version)
 *(.gnu.version_d)
 *(.gnu.version_r)
 *(.rel.init)
 *(.rela.init)
 *(.rel.text .rel.text.* .rel.gnu.linkonce.t.*)
 *(.rela.text .rela.text.* .rela.gnu.linkonce.t.*)
 *(.rel.fini)
 *(.rela.fini)
 *(.rel.rodata .rel.rodata.* .rel.gnu.linkonce.r.*)
 *(.rela.rodata .rela.rodata.* .rela.gnu.linkonce.r.*)
 *(.rel.data .rel.data.* .rel.gnu.linkonce.d.*)
 *(.rela.data .rela.data.* .rela.gnu.linkonce.d.*)
 *(.rel.tdata .rel.tdata.* .rel.gnu.linkonce.td.*)
 *(.rela.tdata .rela.tdata.* .rela.gnu.linkonce.td.*)
 *(.rel.tbss .rel.tbss.* .rel.gnu.linkonce.tb.*)
 *(.rela.tbss .rela.tbss.* .rela.gnu.linkonce.tb.*)
 *(.rel.ctors)
 *(.rela.ctors)
 *(.rel.dtors)
 *(.rela.dtors)
 *(.rel.got)
 *(.rela.got)
 *(.rel.sdata .rel.sdata.* .rel.gnu.linkonce.s.*)
 *(.rela.sdata .rela.sdata.* .rela.gnu.linkonce.s.*)
 *(.rel.sbss .rel.sbss.* .rel.gnu.linkonce.sb.*)
 *(.rela.sbss .rela.sbss.* .rela.gnu.linkonce.sb.*)
 *(.rel.sdata2 .rel.sdata2.* .rel.gnu.linkonce.s2.*)
 *(.rela.sdata2 .rela.sdata2.* .rela.gnu.linkonce.s2.*)
 *(.rel.sbss2 .rel.sbss2.* .rel.gnu.linkonce.sb2.*)
 *(.rela.sbss2 .rela.sbss2.* .rela.gnu.linkonce.sb2.*)
 *(.rel.bss .rel.bss.* .rel.gnu.linkonce.b.*)
 *(.rela.bss .rela.bss.* .rela.gnu.linkonce.b.*)
 *(.rel.plt)
 *(.rela.plt)
 *(.rel.dyn)
 *(.init)
 *(.plt)
 *(.text .stub .text.* .gnu.linkonce.t.*)
 .text          0x0000000000080184       0x3c ../RansacSoftware_bsp//obj/HAL/src/crt0.o
                0x0000000000080184                _start
 .text          0x00000000000801c0      0x54c obj/default/main.o
                0x00000000000801c0                main
 .text          0x000000000008070c     0x1014 obj/default/ransac.o
                0x000000000008070c                square_root
                0x00000000000807dc                calculateIntersection
                0x00000000000808c0                getAngleFromModel
                0x0000000000080974                leastSquare
                0x0000000000080bb4                coefficientOfDetermination
                0x0000000000080d24                inliersOutliersMemory
                0x0000000000080f68                inliersOutliers
                0x0000000000081198                checkModel
                0x0000000000081378                squareDistanceBetweenPoints
                0x0000000000081448                RANSAC
 .text          0x0000000000081720        0x0 ../RansacSoftware_bsp//newlib/nios2-elf/lib\libm.a(lib_a-s_atan.o)
 .text.atan     0x0000000000081720      0x588 ../RansacSoftware_bsp//newlib/nios2-elf/lib\libm.a(lib_a-s_atan.o)
                0x0000000000081720                atan
 .text          0x0000000000081ca8        0x0 ../RansacSoftware_bsp//newlib/nios2-elf/lib\libm.a(lib_a-s_fabs.o)
 .text.fabs     0x0000000000081ca8       0x14 ../RansacSoftware_bsp//newlib/nios2-elf/lib\libm.a(lib_a-s_fabs.o)
                0x0000000000081ca8                fabs
 .text          0x0000000000081cbc      0x1b4 c:/intelfpga_lite/18.1/nios2eds/bin/gnu/h-x86_64-mingw32/bin/../lib/gcc/nios2-elf/5.3.0/mno-hw-mul\libgcc.a(lib2-divmod.o)
                0x0000000000081cbc                __divsi3
                0x0000000000081d40                __modsi3
                0x0000000000081db4                __udivsi3
                0x0000000000081e18                __umodsi3
 .text          0x0000000000081e70       0x28 c:/intelfpga_lite/18.1/nios2eds/bin/gnu/h-x86_64-mingw32/bin/../lib/gcc/nios2-elf/5.3.0/mno-hw-mul\libgcc.a(lib2-mul.o)
                0x0000000000081e70                __mulsi3
 .text          0x0000000000081e98      0x8ac c:/intelfpga_lite/18.1/nios2eds/bin/gnu/h-x86_64-mingw32/bin/../lib/gcc/nios2-elf/5.3.0/mno-hw-mul\libgcc.a(adddf3.o)
                0x0000000000081e98                __adddf3
 .text          0x0000000000082744      0x9d0 c:/intelfpga_lite/18.1/nios2eds/bin/gnu/h-x86_64-mingw32/bin/../lib/gcc/nios2-elf/5.3.0/mno-hw-mul\libgcc.a(divdf3.o)
                0x0000000000082744                __divdf3
 .text          0x0000000000083114       0xdc c:/intelfpga_lite/18.1/nios2eds/bin/gnu/h-x86_64-mingw32/bin/../lib/gcc/nios2-elf/5.3.0/mno-hw-mul\libgcc.a(gedf2.o)
                0x0000000000083114                __gedf2
                0x0000000000083114                __gtdf2
 .text          0x00000000000831f0       0xf4 c:/intelfpga_lite/18.1/nios2eds/bin/gnu/h-x86_64-mingw32/bin/../lib/gcc/nios2-elf/5.3.0/mno-hw-mul\libgcc.a(ledf2.o)
                0x00000000000831f0                __ledf2
                0x00000000000831f0                __ltdf2
 .text          0x00000000000832e4      0x86c c:/intelfpga_lite/18.1/nios2eds/bin/gnu/h-x86_64-mingw32/bin/../lib/gcc/nios2-elf/5.3.0/mno-hw-mul\libgcc.a(muldf3.o)
                0x00000000000832e4                __muldf3
 .text          0x0000000000083b50      0x8fc c:/intelfpga_lite/18.1/nios2eds/bin/gnu/h-x86_64-mingw32/bin/../lib/gcc/nios2-elf/5.3.0/mno-hw-mul\libgcc.a(subdf3.o)
                0x0000000000083b50                __subdf3
 .text          0x000000000008444c       0x80 c:/intelfpga_lite/18.1/nios2eds/bin/gnu/h-x86_64-mingw32/bin/../lib/gcc/nios2-elf/5.3.0/mno-hw-mul\libgcc.a(fixdfsi.o)
                0x000000000008444c                __fixdfsi
 .text          0x00000000000844cc       0xdc c:/intelfpga_lite/18.1/nios2eds/bin/gnu/h-x86_64-mingw32/bin/../lib/gcc/nios2-elf/5.3.0/mno-hw-mul\libgcc.a(floatsidf.o)
                0x00000000000844cc                __floatsidf
 .text          0x00000000000845a8      0x110 c:/intelfpga_lite/18.1/nios2eds/bin/gnu/h-x86_64-mingw32/bin/../lib/gcc/nios2-elf/5.3.0/mno-hw-mul\libgcc.a(extendsfdf2.o)
                0x00000000000845a8                __extendsfdf2
 .text          0x00000000000846b8      0x1a8 c:/intelfpga_lite/18.1/nios2eds/bin/gnu/h-x86_64-mingw32/bin/../lib/gcc/nios2-elf/5.3.0/mno-hw-mul\libgcc.a(truncdfsf2.o)
                0x00000000000846b8                __truncdfsf2
 .text          0x0000000000084860       0x64 c:/intelfpga_lite/18.1/nios2eds/bin/gnu/h-x86_64-mingw32/bin/../lib/gcc/nios2-elf/5.3.0/mno-hw-mul\libgcc.a(_clzsi2.o)
                0x0000000000084860                __clzsi2
 .text          0x00000000000848c4        0x0 c:/intelfpga_lite/18.1/nios2eds/bin/gnu/h-x86_64-mingw32/bin/../lib/gcc/nios2-elf/5.3.0/mno-hw-mul\libgcc.a(_clz.o)
 .text          0x00000000000848c4        0x0 ../RansacSoftware_bsp//newlib/nios2-elf/lib\libc.a(lib_a-exit.o)
 .text.exit     0x00000000000848c4       0x30 ../RansacSoftware_bsp//newlib/nios2-elf/lib\libc.a(lib_a-exit.o)
                0x00000000000848c4                exit
 .text          0x00000000000848f4        0x0 ../RansacSoftware_bsp//newlib/nios2-elf/lib\libc.a(lib_a-fclose.o)
 .text._fclose_r
                0x00000000000848f4       0xf0 ../RansacSoftware_bsp//newlib/nios2-elf/lib\libc.a(lib_a-fclose.o)
                0x00000000000848f4                _fclose_r
 .text.fclose   0x00000000000849e4        0xc ../RansacSoftware_bsp//newlib/nios2-elf/lib\libc.a(lib_a-fclose.o)
                0x00000000000849e4                fclose
 .text          0x00000000000849f0        0x0 ../RansacSoftware_bsp//newlib/nios2-elf/lib\libc.a(lib_a-fflush.o)
 .text.__sflush_r
                0x00000000000849f0      0x21c ../RansacSoftware_bsp//newlib/nios2-elf/lib\libc.a(lib_a-fflush.o)
                0x00000000000849f0                __sflush_r
 .text._fflush_r
                0x0000000000084c0c       0x5c ../RansacSoftware_bsp//newlib/nios2-elf/lib\libc.a(lib_a-fflush.o)
                0x0000000000084c0c                _fflush_r
 .text.fflush   0x0000000000084c68       0x20 ../RansacSoftware_bsp//newlib/nios2-elf/lib\libc.a(lib_a-fflush.o)
                0x0000000000084c68                fflush
 .text          0x0000000000084c88        0x0 ../RansacSoftware_bsp//newlib/nios2-elf/lib\libc.a(lib_a-findfp.o)
 .text.__fp_unlock
                0x0000000000084c88        0x8 ../RansacSoftware_bsp//newlib/nios2-elf/lib\libc.a(lib_a-findfp.o)
 .text._cleanup_r
                0x0000000000084c90        0xc ../RansacSoftware_bsp//newlib/nios2-elf/lib\libc.a(lib_a-findfp.o)
                0x0000000000084c90                _cleanup_r
 .text.__sinit.part.1
                0x0000000000084c9c      0x19c ../RansacSoftware_bsp//newlib/nios2-elf/lib\libc.a(lib_a-findfp.o)
 .text.__fp_lock
                0x0000000000084e38        0x8 ../RansacSoftware_bsp//newlib/nios2-elf/lib\libc.a(lib_a-findfp.o)
 .text.__sfmoreglue
                0x0000000000084e40       0x78 ../RansacSoftware_bsp//newlib/nios2-elf/lib\libc.a(lib_a-findfp.o)
                0x0000000000084e40                __sfmoreglue
 .text.__sfp    0x0000000000084eb8      0x114 ../RansacSoftware_bsp//newlib/nios2-elf/lib\libc.a(lib_a-findfp.o)
                0x0000000000084eb8                __sfp
 .text._cleanup
                0x0000000000084fcc       0x10 ../RansacSoftware_bsp//newlib/nios2-elf/lib\libc.a(lib_a-findfp.o)
                0x0000000000084fcc                _cleanup
 .text.__sinit  0x0000000000084fdc       0x10 ../RansacSoftware_bsp//newlib/nios2-elf/lib\libc.a(lib_a-findfp.o)
                0x0000000000084fdc                __sinit
 .text.__sfp_lock_acquire
                0x0000000000084fec        0x4 ../RansacSoftware_bsp//newlib/nios2-elf/lib\libc.a(lib_a-findfp.o)
                0x0000000000084fec                __sfp_lock_acquire
 .text.__sfp_lock_release
                0x0000000000084ff0        0x4 ../RansacSoftware_bsp//newlib/nios2-elf/lib\libc.a(lib_a-findfp.o)
                0x0000000000084ff0                __sfp_lock_release
 .text.__sinit_lock_acquire
                0x0000000000084ff4        0x4 ../RansacSoftware_bsp//newlib/nios2-elf/lib\libc.a(lib_a-findfp.o)
                0x0000000000084ff4                __sinit_lock_acquire
 .text.__sinit_lock_release
                0x0000000000084ff8        0x4 ../RansacSoftware_bsp//newlib/nios2-elf/lib\libc.a(lib_a-findfp.o)
                0x0000000000084ff8                __sinit_lock_release
 .text.__fp_lock_all
                0x0000000000084ffc       0x10 ../RansacSoftware_bsp//newlib/nios2-elf/lib\libc.a(lib_a-findfp.o)
                0x0000000000084ffc                __fp_lock_all
 .text.__fp_unlock_all
                0x000000000008500c       0x10 ../RansacSoftware_bsp//newlib/nios2-elf/lib\libc.a(lib_a-findfp.o)
                0x000000000008500c                __fp_unlock_all
 .text          0x000000000008501c        0x0 ../RansacSoftware_bsp//newlib/nios2-elf/lib\libc.a(lib_a-fopen.o)
 .text._fopen_r
                0x000000000008501c       0xf4 ../RansacSoftware_bsp//newlib/nios2-elf/lib\libc.a(lib_a-fopen.o)
                0x000000000008501c                _fopen_r
 .text.fopen    0x0000000000085110       0x10 ../RansacSoftware_bsp//newlib/nios2-elf/lib\libc.a(lib_a-fopen.o)
                0x0000000000085110                fopen
 .text          0x0000000000085120        0x0 ../RansacSoftware_bsp//newlib/nios2-elf/lib\libc.a(lib_a-fprintf.o)
 .text._fprintf_r
                0x0000000000085120       0x28 ../RansacSoftware_bsp//newlib/nios2-elf/lib\libc.a(lib_a-fprintf.o)
                0x0000000000085120                _fprintf_r
 .text.fprintf  0x0000000000085148       0x24 ../RansacSoftware_bsp//newlib/nios2-elf/lib\libc.a(lib_a-fprintf.o)
                0x0000000000085148                fprintf
 .text          0x000000000008516c        0x0 ../RansacSoftware_bsp//newlib/nios2-elf/lib\libc.a(lib_a-fputc.o)
 .text._fputc_r
                0x000000000008516c       0x44 ../RansacSoftware_bsp//newlib/nios2-elf/lib\libc.a(lib_a-fputc.o)
                0x000000000008516c                _fputc_r
 .text.fputc    0x00000000000851b0       0x54 ../RansacSoftware_bsp//newlib/nios2-elf/lib\libc.a(lib_a-fputc.o)
                0x00000000000851b0                fputc
 .text          0x0000000000085204        0x0 ../RansacSoftware_bsp//newlib/nios2-elf/lib\libc.a(lib_a-freer.o)
 .text._malloc_trim_r
                0x0000000000085204      0x11c ../RansacSoftware_bsp//newlib/nios2-elf/lib\libc.a(lib_a-freer.o)
                0x0000000000085204                _malloc_trim_r
 .text._free_r  0x0000000000085320      0x300 ../RansacSoftware_bsp//newlib/nios2-elf/lib\libc.a(lib_a-freer.o)
                0x0000000000085320                _free_r
 .text          0x0000000000085620        0x0 ../RansacSoftware_bsp//newlib/nios2-elf/lib\libc.a(lib_a-fscanf.o)
 .text.fscanf   0x0000000000085620       0x34 ../RansacSoftware_bsp//newlib/nios2-elf/lib\libc.a(lib_a-fscanf.o)
                0x0000000000085620                fscanf
 .text._fscanf_r
                0x0000000000085654       0x20 ../RansacSoftware_bsp//newlib/nios2-elf/lib\libc.a(lib_a-fscanf.o)
                0x0000000000085654                _fscanf_r
 .text          0x0000000000085674        0x0 ../RansacSoftware_bsp//newlib/nios2-elf/lib\libc.a(lib_a-fseek.o)
 .text._fseek_r
                0x0000000000085674        0x4 ../RansacSoftware_bsp//newlib/nios2-elf/lib\libc.a(lib_a-fseek.o)
                0x0000000000085674                _fseek_r
 .text.fseek    0x0000000000085678       0x14 ../RansacSoftware_bsp//newlib/nios2-elf/lib\libc.a(lib_a-fseek.o)
                0x0000000000085678                fseek
 .text          0x000000000008568c        0x0 ../RansacSoftware_bsp//newlib/nios2-elf/lib\libc.a(lib_a-fseeko.o)
 .text._fseeko_r
                0x000000000008568c      0x444 ../RansacSoftware_bsp//newlib/nios2-elf/lib\libc.a(lib_a-fseeko.o)
                0x000000000008568c                _fseeko_r
 .text.fseeko   0x0000000000085ad0       0x14 ../RansacSoftware_bsp//newlib/nios2-elf/lib\libc.a(lib_a-fseeko.o)
                0x0000000000085ad0                fseeko
 .text          0x0000000000085ae4        0x0 ../RansacSoftware_bsp//newlib/nios2-elf/lib\libc.a(lib_a-fstatr.o)
 .text._fstat_r
                0x0000000000085ae4       0x58 ../RansacSoftware_bsp//newlib/nios2-elf/lib\libc.a(lib_a-fstatr.o)
                0x0000000000085ae4                _fstat_r
 .text          0x0000000000085b3c        0x0 ../RansacSoftware_bsp//newlib/nios2-elf/lib\libc.a(lib_a-fwalk.o)
 .text._fwalk   0x0000000000085b3c       0xc4 ../RansacSoftware_bsp//newlib/nios2-elf/lib\libc.a(lib_a-fwalk.o)
                0x0000000000085b3c                _fwalk
 .text._fwalk_reent
                0x0000000000085c00       0xc4 ../RansacSoftware_bsp//newlib/nios2-elf/lib\libc.a(lib_a-fwalk.o)
                0x0000000000085c00                _fwalk_reent
 .text          0x0000000000085cc4        0x0 ../RansacSoftware_bsp//newlib/nios2-elf/lib\libc.a(lib_a-fwrite.o)
 .text._fwrite_r
                0x0000000000085cc4       0xdc ../RansacSoftware_bsp//newlib/nios2-elf/lib\libc.a(lib_a-fwrite.o)
                0x0000000000085cc4                _fwrite_r
 .text.fwrite   0x0000000000085da0       0x2c ../RansacSoftware_bsp//newlib/nios2-elf/lib\libc.a(lib_a-fwrite.o)
                0x0000000000085da0                fwrite
 .text          0x0000000000085dcc        0x0 ../RansacSoftware_bsp//newlib/nios2-elf/lib\libc.a(lib_a-impure.o)
 .text          0x0000000000085dcc        0x0 ../RansacSoftware_bsp//newlib/nios2-elf/lib\libc.a(lib_a-int_errno.o)
 .text          0x0000000000085dcc        0x0 ../RansacSoftware_bsp//newlib/nios2-elf/lib\libc.a(lib_a-makebuf.o)
 .text.__smakebuf_r
                0x0000000000085dcc      0x1bc ../RansacSoftware_bsp//newlib/nios2-elf/lib\libc.a(lib_a-makebuf.o)
                0x0000000000085dcc                __smakebuf_r
 .text          0x0000000000085f88        0x0 ../RansacSoftware_bsp//newlib/nios2-elf/lib\libc.a(lib_a-mallocr.o)
 .text._malloc_r
                0x0000000000085f88      0x7dc ../RansacSoftware_bsp//newlib/nios2-elf/lib\libc.a(lib_a-mallocr.o)
                0x0000000000085f88                _malloc_r
 .text          0x0000000000086764        0x0 ../RansacSoftware_bsp//newlib/nios2-elf/lib\libc.a(lib_a-memset.o)
 .text.memset   0x0000000000086764      0x128 ../RansacSoftware_bsp//newlib/nios2-elf/lib\libc.a(lib_a-memset.o)
                0x0000000000086764                memset
 .text          0x000000000008688c        0x0 ../RansacSoftware_bsp//newlib/nios2-elf/lib\libc.a(lib_a-openr.o)
 .text._open_r  0x000000000008688c       0x5c ../RansacSoftware_bsp//newlib/nios2-elf/lib\libc.a(lib_a-openr.o)
                0x000000000008688c                _open_r
 .text          0x00000000000868e8        0x0 ../RansacSoftware_bsp//newlib/nios2-elf/lib\libc.a(lib_a-putc.o)
 .text._putc_r  0x00000000000868e8       0xa0 ../RansacSoftware_bsp//newlib/nios2-elf/lib\libc.a(lib_a-putc.o)
                0x00000000000868e8                _putc_r
 .text.putc     0x0000000000086988       0xc0 ../RansacSoftware_bsp//newlib/nios2-elf/lib\libc.a(lib_a-putc.o)
                0x0000000000086988                putc
 .text          0x0000000000086a48        0x0 ../RansacSoftware_bsp//newlib/nios2-elf/lib\libc.a(lib_a-puts.o)
 .text._puts_r  0x0000000000086a48       0xc0 ../RansacSoftware_bsp//newlib/nios2-elf/lib\libc.a(lib_a-puts.o)
                0x0000000000086a48                _puts_r
 .text.puts     0x0000000000086b08        0xc ../RansacSoftware_bsp//newlib/nios2-elf/lib\libc.a(lib_a-puts.o)
                0x0000000000086b08                puts
 .text          0x0000000000086b14        0x0 ../RansacSoftware_bsp//newlib/nios2-elf/lib\libc.a(lib_a-rand.o)
 .text.srand    0x0000000000086b14       0x10 ../RansacSoftware_bsp//newlib/nios2-elf/lib\libc.a(lib_a-rand.o)
                0x0000000000086b14                srand
 .text.rand     0x0000000000086b24       0x5c ../RansacSoftware_bsp//newlib/nios2-elf/lib\libc.a(lib_a-rand.o)
                0x0000000000086b24                rand
 .text          0x0000000000086b80        0x0 ../RansacSoftware_bsp//newlib/nios2-elf/lib\libc.a(lib_a-refill.o)
 .text.lflush   0x0000000000086b80       0x1c ../RansacSoftware_bsp//newlib/nios2-elf/lib\libc.a(lib_a-refill.o)
 .text.__srefill_r
                0x0000000000086b9c      0x1cc ../RansacSoftware_bsp//newlib/nios2-elf/lib\libc.a(lib_a-refill.o)
                0x0000000000086b9c                __srefill_r
 .text          0x0000000000086d68        0x0 ../RansacSoftware_bsp//newlib/nios2-elf/lib\libc.a(lib_a-sbrkr.o)
 .text._sbrk_r  0x0000000000086d68       0x50 ../RansacSoftware_bsp//newlib/nios2-elf/lib\libc.a(lib_a-sbrkr.o)
                0x0000000000086d68                _sbrk_r
 .text          0x0000000000086db8        0x0 ../RansacSoftware_bsp//newlib/nios2-elf/lib\libc.a(lib_a-stdio.o)
 .text.__sread  0x0000000000086db8       0x54 ../RansacSoftware_bsp//newlib/nios2-elf/lib\libc.a(lib_a-stdio.o)
                0x0000000000086db8                __sread
 .text.__seofread
                0x0000000000086e0c        0x8 ../RansacSoftware_bsp//newlib/nios2-elf/lib\libc.a(lib_a-stdio.o)
                0x0000000000086e0c                __seofread
 .text.__swrite
                0x0000000000086e14       0x7c ../RansacSoftware_bsp//newlib/nios2-elf/lib\libc.a(lib_a-stdio.o)
                0x0000000000086e14                __swrite
 .text.__sseek  0x0000000000086e90       0x5c ../RansacSoftware_bsp//newlib/nios2-elf/lib\libc.a(lib_a-stdio.o)
                0x0000000000086e90                __sseek
 .text.__sclose
                0x0000000000086eec        0x8 ../RansacSoftware_bsp//newlib/nios2-elf/lib\libc.a(lib_a-stdio.o)
                0x0000000000086eec                __sclose
 .text          0x0000000000086ef4        0x0 ../RansacSoftware_bsp//newlib/nios2-elf/lib\libc.a(lib_a-strlen.o)
 .text.strlen   0x0000000000086ef4       0x98 ../RansacSoftware_bsp//newlib/nios2-elf/lib\libc.a(lib_a-strlen.o)
                0x0000000000086ef4                strlen
 .text          0x0000000000086f8c        0x0 ../RansacSoftware_bsp//newlib/nios2-elf/lib\libc.a(lib_a-vfprintf.o)
 .text.___vfprintf_internal_r
                0x0000000000086f8c     0x22dc ../RansacSoftware_bsp//newlib/nios2-elf/lib\libc.a(lib_a-vfprintf.o)
                0x0000000000086f8c                ___vfprintf_internal_r
 .text.__vfprintf_internal
                0x0000000000089268       0x14 ../RansacSoftware_bsp//newlib/nios2-elf/lib\libc.a(lib_a-vfprintf.o)
                0x0000000000089268                __vfprintf_internal
 .text.__sbprintf
                0x000000000008927c       0xbc ../RansacSoftware_bsp//newlib/nios2-elf/lib\libc.a(lib_a-vfprintf.o)
 .text          0x0000000000089338        0x0 ../RansacSoftware_bsp//newlib/nios2-elf/lib\libc.a(lib_a-vfscanf.o)
 .text.__svfscanf_r
                0x0000000000089338     0x1938 ../RansacSoftware_bsp//newlib/nios2-elf/lib\libc.a(lib_a-vfscanf.o)
                0x0000000000089338                __svfscanf_r
 .text.vfscanf  0x000000000008ac70       0x60 ../RansacSoftware_bsp//newlib/nios2-elf/lib\libc.a(lib_a-vfscanf.o)
                0x000000000008ac70                vfscanf
 .text.__svfscanf
                0x000000000008acd0       0x14 ../RansacSoftware_bsp//newlib/nios2-elf/lib\libc.a(lib_a-vfscanf.o)
                0x000000000008acd0                __svfscanf
 .text._vfscanf_r
                0x000000000008ace4       0x4c ../RansacSoftware_bsp//newlib/nios2-elf/lib\libc.a(lib_a-vfscanf.o)
                0x000000000008ace4                _vfscanf_r
 .text          0x000000000008ad30        0x0 ../RansacSoftware_bsp//newlib/nios2-elf/lib\libc.a(lib_a-wbuf.o)
 .text.__swbuf_r
                0x000000000008ad30      0x140 ../RansacSoftware_bsp//newlib/nios2-elf/lib\libc.a(lib_a-wbuf.o)
                0x000000000008ad30                __swbuf_r
 .text.__swbuf  0x000000000008ae70       0x10 ../RansacSoftware_bsp//newlib/nios2-elf/lib\libc.a(lib_a-wbuf.o)
                0x000000000008ae70                __swbuf
 .text          0x000000000008ae80        0x0 ../RansacSoftware_bsp//newlib/nios2-elf/lib\libc.a(lib_a-writer.o)
 .text._write_r
                0x000000000008ae80       0x5c ../RansacSoftware_bsp//newlib/nios2-elf/lib\libc.a(lib_a-writer.o)
                0x000000000008ae80                _write_r
 .text          0x000000000008aedc        0x0 ../RansacSoftware_bsp//newlib/nios2-elf/lib\libc.a(lib_a-wsetup.o)
 .text.__swsetup_r
                0x000000000008aedc      0x150 ../RansacSoftware_bsp//newlib/nios2-elf/lib\libc.a(lib_a-wsetup.o)
                0x000000000008aedc                __swsetup_r
 .text          0x000000000008b02c        0x0 ../RansacSoftware_bsp//newlib/nios2-elf/lib\libc.a(closer.o)
 .text._close_r
                0x000000000008b02c       0x50 ../RansacSoftware_bsp//newlib/nios2-elf/lib\libc.a(closer.o)
                0x000000000008b02c                _close_r
 .text          0x000000000008b07c        0x0 ../RansacSoftware_bsp//newlib/nios2-elf/lib\libc.a(lib_a-__call_atexit.o)
 .text.__call_exitprocs
                0x000000000008b07c      0x178 ../RansacSoftware_bsp//newlib/nios2-elf/lib\libc.a(lib_a-__call_atexit.o)
                0x000000000008b07c                __call_exitprocs
 .text          0x000000000008b1f4        0x0 ../RansacSoftware_bsp//newlib/nios2-elf/lib\libc.a(lib_a-ctype_.o)
 .text          0x000000000008b1f4        0x0 ../RansacSoftware_bsp//newlib/nios2-elf/lib\libc.a(lib_a-dtoa.o)
 .text.quorem   0x000000000008b1f4      0x228 ../RansacSoftware_bsp//newlib/nios2-elf/lib\libc.a(lib_a-dtoa.o)
 .text._dtoa_r  0x000000000008b41c     0x1688 ../RansacSoftware_bsp//newlib/nios2-elf/lib\libc.a(lib_a-dtoa.o)
                0x000000000008b41c                _dtoa_r
 .text          0x000000000008caa4        0x0 ../RansacSoftware_bsp//newlib/nios2-elf/lib\libc.a(lib_a-flags.o)
 .text.__sflags
                0x000000000008caa4       0xac ../RansacSoftware_bsp//newlib/nios2-elf/lib\libc.a(lib_a-flags.o)
                0x000000000008caa4                __sflags
 .text          0x000000000008cb50        0x0 ../RansacSoftware_bsp//newlib/nios2-elf/lib\libc.a(lib_a-fread.o)
 .text._fread_r
                0x000000000008cb50      0x23c ../RansacSoftware_bsp//newlib/nios2-elf/lib\libc.a(lib_a-fread.o)
                0x000000000008cb50                _fread_r
 .text.fread    0x000000000008cd8c       0x2c ../RansacSoftware_bsp//newlib/nios2-elf/lib\libc.a(lib_a-fread.o)
                0x000000000008cd8c                fread
 .text          0x000000000008cdb8        0x0 ../RansacSoftware_bsp//newlib/nios2-elf/lib\libc.a(lib_a-fvwrite.o)
 .text.__sfvwrite_r
                0x000000000008cdb8      0x4c8 ../RansacSoftware_bsp//newlib/nios2-elf/lib\libc.a(lib_a-fvwrite.o)
                0x000000000008cdb8                __sfvwrite_r
 .text          0x000000000008d280        0x0 ../RansacSoftware_bsp//newlib/nios2-elf/lib\libc.a(lib_a-isattyr.o)
 .text._isatty_r
                0x000000000008d280       0x50 ../RansacSoftware_bsp//newlib/nios2-elf/lib\libc.a(lib_a-isattyr.o)
                0x000000000008d280                _isatty_r
 .text          0x000000000008d2d0        0x0 ../RansacSoftware_bsp//newlib/nios2-elf/lib\libc.a(lib_a-iswspace.o)
 .text.iswspace
                0x000000000008d2d0       0x28 ../RansacSoftware_bsp//newlib/nios2-elf/lib\libc.a(lib_a-iswspace.o)
                0x000000000008d2d0                iswspace
 .text          0x000000000008d2f8        0x0 ../RansacSoftware_bsp//newlib/nios2-elf/lib\libc.a(lib_a-locale.o)
 .text._setlocale_r
                0x000000000008d2f8       0x7c ../RansacSoftware_bsp//newlib/nios2-elf/lib\libc.a(lib_a-locale.o)
                0x000000000008d2f8                _setlocale_r
 .text.__locale_charset
                0x000000000008d374        0xc ../RansacSoftware_bsp//newlib/nios2-elf/lib\libc.a(lib_a-locale.o)
                0x000000000008d374                __locale_charset
 .text.__locale_mb_cur_max
                0x000000000008d380        0x8 ../RansacSoftware_bsp//newlib/nios2-elf/lib\libc.a(lib_a-locale.o)
                0x000000000008d380                __locale_mb_cur_max
 .text.__locale_msgcharset
                0x000000000008d388        0xc ../RansacSoftware_bsp//newlib/nios2-elf/lib\libc.a(lib_a-locale.o)
                0x000000000008d388                __locale_msgcharset
 .text.__locale_cjk_lang
                0x000000000008d394        0x8 ../RansacSoftware_bsp//newlib/nios2-elf/lib\libc.a(lib_a-locale.o)
                0x000000000008d394                __locale_cjk_lang
 .text._localeconv_r
                0x000000000008d39c        0xc ../RansacSoftware_bsp//newlib/nios2-elf/lib\libc.a(lib_a-locale.o)
                0x000000000008d39c                _localeconv_r
 .text.setlocale
                0x000000000008d3a8       0x10 ../RansacSoftware_bsp//newlib/nios2-elf/lib\libc.a(lib_a-locale.o)
                0x000000000008d3a8                setlocale
 .text.localeconv
                0x000000000008d3b8        0xc ../RansacSoftware_bsp//newlib/nios2-elf/lib\libc.a(lib_a-locale.o)
                0x000000000008d3b8                localeconv
 .text          0x000000000008d3c4        0x0 ../RansacSoftware_bsp//newlib/nios2-elf/lib\libc.a(lib_a-lseekr.o)
 .text._lseek_r
                0x000000000008d3c4       0x5c ../RansacSoftware_bsp//newlib/nios2-elf/lib\libc.a(lib_a-lseekr.o)
                0x000000000008d3c4                _lseek_r
 .text          0x000000000008d420        0x0 ../RansacSoftware_bsp//newlib/nios2-elf/lib\libc.a(lib_a-mbrtowc.o)
 .text._mbrtowc_r
                0x000000000008d420       0xa4 ../RansacSoftware_bsp//newlib/nios2-elf/lib\libc.a(lib_a-mbrtowc.o)
                0x000000000008d420                _mbrtowc_r
 .text.mbrtowc  0x000000000008d4c4       0xc0 ../RansacSoftware_bsp//newlib/nios2-elf/lib\libc.a(lib_a-mbrtowc.o)
                0x000000000008d4c4                mbrtowc
 .text          0x000000000008d584        0x0 ../RansacSoftware_bsp//newlib/nios2-elf/lib\libc.a(lib_a-mbtowc_r.o)
 .text.__ascii_mbtowc
                0x000000000008d584       0x44 ../RansacSoftware_bsp//newlib/nios2-elf/lib\libc.a(lib_a-mbtowc_r.o)
                0x000000000008d584                __ascii_mbtowc
 .text._mbtowc_r
                0x000000000008d5c8       0x54 ../RansacSoftware_bsp//newlib/nios2-elf/lib\libc.a(lib_a-mbtowc_r.o)
                0x000000000008d5c8                _mbtowc_r
 .text          0x000000000008d61c        0x0 ../RansacSoftware_bsp//newlib/nios2-elf/lib\libc.a(lib_a-memchr.o)
 .text.memchr   0x000000000008d61c       0xe4 ../RansacSoftware_bsp//newlib/nios2-elf/lib\libc.a(lib_a-memchr.o)
                0x000000000008d61c                memchr
 .text          0x000000000008d700        0x0 ../RansacSoftware_bsp//newlib/nios2-elf/lib\libc.a(lib_a-memcpy.o)
 .text.memcpy   0x000000000008d700      0x148 ../RansacSoftware_bsp//newlib/nios2-elf/lib\libc.a(lib_a-memcpy.o)
                0x000000000008d700                memcpy
 .text          0x000000000008d848        0x0 ../RansacSoftware_bsp//newlib/nios2-elf/lib\libc.a(lib_a-memmove.o)
 .text.memmove  0x000000000008d848      0x15c ../RansacSoftware_bsp//newlib/nios2-elf/lib\libc.a(lib_a-memmove.o)
                0x000000000008d848                memmove
 .text          0x000000000008d9a4        0x0 ../RansacSoftware_bsp//newlib/nios2-elf/lib\libc.a(lib_a-mprec.o)
 .text._Balloc  0x000000000008d9a4       0xa8 ../RansacSoftware_bsp//newlib/nios2-elf/lib\libc.a(lib_a-mprec.o)
                0x000000000008d9a4                _Balloc
 .text._Bfree   0x000000000008da4c       0x28 ../RansacSoftware_bsp//newlib/nios2-elf/lib\libc.a(lib_a-mprec.o)
                0x000000000008da4c                _Bfree
 .text.__multadd
                0x000000000008da74      0x148 ../RansacSoftware_bsp//newlib/nios2-elf/lib\libc.a(lib_a-mprec.o)
                0x000000000008da74                __multadd
 .text.__s2b    0x000000000008dbbc      0x104 ../RansacSoftware_bsp//newlib/nios2-elf/lib\libc.a(lib_a-mprec.o)
                0x000000000008dbbc                __s2b
 .text.__hi0bits
                0x000000000008dcc0       0x68 ../RansacSoftware_bsp//newlib/nios2-elf/lib\libc.a(lib_a-mprec.o)
                0x000000000008dcc0                __hi0bits
 .text.__lo0bits
                0x000000000008dd28       0xb0 ../RansacSoftware_bsp//newlib/nios2-elf/lib\libc.a(lib_a-mprec.o)
                0x000000000008dd28                __lo0bits
 .text.__i2b    0x000000000008ddd8       0x3c ../RansacSoftware_bsp//newlib/nios2-elf/lib\libc.a(lib_a-mprec.o)
                0x000000000008ddd8                __i2b
 .text.__multiply
                0x000000000008de14      0x28c ../RansacSoftware_bsp//newlib/nios2-elf/lib\libc.a(lib_a-mprec.o)
                0x000000000008de14                __multiply
 .text.__pow5mult
                0x000000000008e0a0      0x140 ../RansacSoftware_bsp//newlib/nios2-elf/lib\libc.a(lib_a-mprec.o)
                0x000000000008e0a0                __pow5mult
 .text.__lshift
                0x000000000008e1e0      0x148 ../RansacSoftware_bsp//newlib/nios2-elf/lib\libc.a(lib_a-mprec.o)
                0x000000000008e1e0                __lshift
 .text.__mcmp   0x000000000008e328       0x60 ../RansacSoftware_bsp//newlib/nios2-elf/lib\libc.a(lib_a-mprec.o)
                0x000000000008e328                __mcmp
 .text.__mdiff  0x000000000008e388      0x1fc ../RansacSoftware_bsp//newlib/nios2-elf/lib\libc.a(lib_a-mprec.o)
                0x000000000008e388                __mdiff
 .text.__ulp    0x000000000008e584       0x64 ../RansacSoftware_bsp//newlib/nios2-elf/lib\libc.a(lib_a-mprec.o)
                0x000000000008e584                __ulp
 .text.__b2d    0x000000000008e5e8      0x10c ../RansacSoftware_bsp//newlib/nios2-elf/lib\libc.a(lib_a-mprec.o)
                0x000000000008e5e8                __b2d
 .text.__d2b    0x000000000008e6f4      0x14c ../RansacSoftware_bsp//newlib/nios2-elf/lib\libc.a(lib_a-mprec.o)
                0x000000000008e6f4                __d2b
 .text.__ratio  0x000000000008e840       0xa4 ../RansacSoftware_bsp//newlib/nios2-elf/lib\libc.a(lib_a-mprec.o)
                0x000000000008e840                __ratio
 .text._mprec_log10
                0x000000000008e8e4       0x74 ../RansacSoftware_bsp//newlib/nios2-elf/lib\libc.a(lib_a-mprec.o)
                0x000000000008e8e4                _mprec_log10
 .text.__copybits
                0x000000000008e958       0x78 ../RansacSoftware_bsp//newlib/nios2-elf/lib\libc.a(lib_a-mprec.o)
                0x000000000008e958                __copybits
 .text.__any_on
                0x000000000008e9d0       0x8c ../RansacSoftware_bsp//newlib/nios2-elf/lib\libc.a(lib_a-mprec.o)
                0x000000000008e9d0                __any_on
 .text          0x000000000008ea5c        0x0 ../RansacSoftware_bsp//newlib/nios2-elf/lib\libc.a(lib_a-readr.o)
 .text._read_r  0x000000000008ea5c       0x5c ../RansacSoftware_bsp//newlib/nios2-elf/lib\libc.a(lib_a-readr.o)
                0x000000000008ea5c                _read_r
 .text          0x000000000008eab8        0x0 ../RansacSoftware_bsp//newlib/nios2-elf/lib\libc.a(lib_a-reallocr.o)
 .text._realloc_r
                0x000000000008eab8      0x564 ../RansacSoftware_bsp//newlib/nios2-elf/lib\libc.a(lib_a-reallocr.o)
                0x000000000008eab8                _realloc_r
 .text          0x000000000008f01c        0x0 ../RansacSoftware_bsp//newlib/nios2-elf/lib\libc.a(lib_a-s_fpclassify.o)
 .text.__fpclassifyd
                0x000000000008f01c       0x74 ../RansacSoftware_bsp//newlib/nios2-elf/lib\libc.a(lib_a-s_fpclassify.o)
                0x000000000008f01c                __fpclassifyd
 .text          0x000000000008f090        0x0 ../RansacSoftware_bsp//newlib/nios2-elf/lib\libc.a(lib_a-sccl.o)
 .text.__sccl   0x000000000008f090       0xd0 ../RansacSoftware_bsp//newlib/nios2-elf/lib\libc.a(lib_a-sccl.o)
                0x000000000008f090                __sccl
 .text          0x000000000008f160        0x0 ../RansacSoftware_bsp//newlib/nios2-elf/lib\libc.a(lib_a-sf_nan.o)
 .text.nanf     0x000000000008f160        0x8 ../RansacSoftware_bsp//newlib/nios2-elf/lib\libc.a(lib_a-sf_nan.o)
                0x000000000008f160                nanf
 .text          0x000000000008f168        0x0 ../RansacSoftware_bsp//newlib/nios2-elf/lib\libc.a(lib_a-sprintf.o)
 .text._sprintf_r
                0x000000000008f168       0x58 ../RansacSoftware_bsp//newlib/nios2-elf/lib\libc.a(lib_a-sprintf.o)
                0x000000000008f168                _sprintf_r
 .text.sprintf  0x000000000008f1c0       0x64 ../RansacSoftware_bsp//newlib/nios2-elf/lib\libc.a(lib_a-sprintf.o)
                0x000000000008f1c0                sprintf
 .text          0x000000000008f224        0x0 ../RansacSoftware_bsp//newlib/nios2-elf/lib\libc.a(lib_a-strcmp.o)
 .text.strcmp   0x000000000008f224       0xdc ../RansacSoftware_bsp//newlib/nios2-elf/lib\libc.a(lib_a-strcmp.o)
                0x000000000008f224                strcmp
 .text          0x000000000008f300        0x0 ../RansacSoftware_bsp//newlib/nios2-elf/lib\libc.a(lib_a-strtod.o)
 .text.sulp     0x000000000008f300       0x64 ../RansacSoftware_bsp//newlib/nios2-elf/lib\libc.a(lib_a-strtod.o)
 .text._strtod_r
                0x000000000008f364     0x15e4 ../RansacSoftware_bsp//newlib/nios2-elf/lib\libc.a(lib_a-strtod.o)
                0x000000000008f364                _strtod_r
 .text.strtod   0x0000000000090948       0x10 ../RansacSoftware_bsp//newlib/nios2-elf/lib\libc.a(lib_a-strtod.o)
                0x0000000000090948                strtod
 .text.strtof   0x0000000000090958       0xf0 ../RansacSoftware_bsp//newlib/nios2-elf/lib\libc.a(lib_a-strtod.o)
                0x0000000000090958                strtof
 .text          0x0000000000090a48        0x0 ../RansacSoftware_bsp//newlib/nios2-elf/lib\libc.a(lib_a-strtol.o)
 .text._strtol_r
                0x0000000000090a48      0x250 ../RansacSoftware_bsp//newlib/nios2-elf/lib\libc.a(lib_a-strtol.o)
                0x0000000000090a48                _strtol_r
 .text.strtol   0x0000000000090c98       0x14 ../RansacSoftware_bsp//newlib/nios2-elf/lib\libc.a(lib_a-strtol.o)
                0x0000000000090c98                strtol
 .text          0x0000000000090cac        0x0 ../RansacSoftware_bsp//newlib/nios2-elf/lib\libc.a(lib_a-strtoll_r.o)
 .text._strtoll_r
                0x0000000000090cac      0x2fc ../RansacSoftware_bsp//newlib/nios2-elf/lib\libc.a(lib_a-strtoll_r.o)
                0x0000000000090cac                _strtoll_r
 .text          0x0000000000090fa8        0x0 ../RansacSoftware_bsp//newlib/nios2-elf/lib\libc.a(lib_a-strtoul.o)
 .text._strtoul_r
                0x0000000000090fa8      0x270 ../RansacSoftware_bsp//newlib/nios2-elf/lib\libc.a(lib_a-strtoul.o)
                0x0000000000090fa8                _strtoul_r
 .text.strtoul  0x0000000000091218       0x14 ../RansacSoftware_bsp//newlib/nios2-elf/lib\libc.a(lib_a-strtoul.o)
                0x0000000000091218                strtoul
 .text          0x000000000009122c        0x0 ../RansacSoftware_bsp//newlib/nios2-elf/lib\libc.a(lib_a-strtoull_r.o)
 .text._strtoull_r
                0x000000000009122c      0x318 ../RansacSoftware_bsp//newlib/nios2-elf/lib\libc.a(lib_a-strtoull_r.o)
                0x000000000009122c                _strtoull_r
 .text          0x0000000000091544        0x0 ../RansacSoftware_bsp//newlib/nios2-elf/lib\libc.a(lib_a-svfprintf.o)
 .text.___svfprintf_internal_r
                0x0000000000091544     0x22bc ../RansacSoftware_bsp//newlib/nios2-elf/lib\libc.a(lib_a-svfprintf.o)
                0x0000000000091544                ___svfprintf_internal_r
 .text          0x0000000000093800        0x0 ../RansacSoftware_bsp//newlib/nios2-elf/lib\libc.a(lib_a-ungetc.o)
 .text.__submore
                0x0000000000093800       0xd4 ../RansacSoftware_bsp//newlib/nios2-elf/lib\libc.a(lib_a-ungetc.o)
                0x0000000000093800                __submore
 .text._ungetc_r
                0x00000000000938d4      0x194 ../RansacSoftware_bsp//newlib/nios2-elf/lib\libc.a(lib_a-ungetc.o)
                0x00000000000938d4                _ungetc_r
 .text.ungetc   0x0000000000093a68       0x10 ../RansacSoftware_bsp//newlib/nios2-elf/lib\libc.a(lib_a-ungetc.o)
                0x0000000000093a68                ungetc
 .text          0x0000000000093a78        0x0 ../RansacSoftware_bsp//newlib/nios2-elf/lib\libc.a(lib_a-vfiprintf.o)
 .text.__sprint_r.part.0
                0x0000000000093a78       0xfc ../RansacSoftware_bsp//newlib/nios2-elf/lib\libc.a(lib_a-vfiprintf.o)
 .text.__sprint_r
                0x0000000000093b74       0x18 ../RansacSoftware_bsp//newlib/nios2-elf/lib\libc.a(lib_a-vfiprintf.o)
                0x0000000000093b74                __sprint_r
 .text.___vfiprintf_internal_r
                0x0000000000093b8c     0x150c ../RansacSoftware_bsp//newlib/nios2-elf/lib\libc.a(lib_a-vfiprintf.o)
                0x0000000000093b8c                ___vfiprintf_internal_r
 .text.__vfiprintf_internal
                0x0000000000095098       0x14 ../RansacSoftware_bsp//newlib/nios2-elf/lib\libc.a(lib_a-vfiprintf.o)
                0x0000000000095098                __vfiprintf_internal
 .text.__sbprintf
                0x00000000000950ac       0xbc ../RansacSoftware_bsp//newlib/nios2-elf/lib\libc.a(lib_a-vfiprintf.o)
 .text          0x0000000000095168        0x0 ../RansacSoftware_bsp//newlib/nios2-elf/lib\libc.a(lib_a-callocr.o)
 .text._calloc_r
                0x0000000000095168       0xdc ../RansacSoftware_bsp//newlib/nios2-elf/lib\libc.a(lib_a-callocr.o)
                0x0000000000095168                _calloc_r
 .text          0x0000000000095244        0x0 ../RansacSoftware_bsp//newlib/nios2-elf/lib\libc.a(lib_a-fputwc.o)
 .text.__fputwc
                0x0000000000095244      0x164 ../RansacSoftware_bsp//newlib/nios2-elf/lib\libc.a(lib_a-fputwc.o)
                0x0000000000095244                __fputwc
 .text._fputwc_r
                0x00000000000953a8       0x24 ../RansacSoftware_bsp//newlib/nios2-elf/lib\libc.a(lib_a-fputwc.o)
                0x00000000000953a8                _fputwc_r
 .text.fputwc   0x00000000000953cc       0x78 ../RansacSoftware_bsp//newlib/nios2-elf/lib\libc.a(lib_a-fputwc.o)
                0x00000000000953cc                fputwc
 .text          0x0000000000095444        0x0 ../RansacSoftware_bsp//newlib/nios2-elf/lib\libc.a(lib_a-gdtoa-gethex.o)
 .text.rshift   0x0000000000095444      0x100 ../RansacSoftware_bsp//newlib/nios2-elf/lib\libc.a(lib_a-gdtoa-gethex.o)
 .text.__gethex
                0x0000000000095544      0x850 ../RansacSoftware_bsp//newlib/nios2-elf/lib\libc.a(lib_a-gdtoa-gethex.o)
                0x0000000000095544                __gethex
 .text          0x0000000000095d94        0x0 ../RansacSoftware_bsp//newlib/nios2-elf/lib\libc.a(lib_a-gdtoa-hexnan.o)
 .text.__hexnan
                0x0000000000095d94      0x25c ../RansacSoftware_bsp//newlib/nios2-elf/lib\libc.a(lib_a-gdtoa-hexnan.o)
                0x0000000000095d94                __hexnan
 .text          0x0000000000095ff0        0x0 ../RansacSoftware_bsp//newlib/nios2-elf/lib\libc.a(lib_a-strncmp.o)
 .text.strncmp  0x0000000000095ff0       0xd0 ../RansacSoftware_bsp//newlib/nios2-elf/lib\libc.a(lib_a-strncmp.o)
                0x0000000000095ff0                strncmp
 .text          0x00000000000960c0        0x0 ../RansacSoftware_bsp//newlib/nios2-elf/lib\libc.a(lib_a-svfiprintf.o)
 .text.__ssprint_r
                0x00000000000960c0      0x1d0 ../RansacSoftware_bsp//newlib/nios2-elf/lib\libc.a(lib_a-svfiprintf.o)
                0x00000000000960c0                __ssprint_r
 .text.___svfiprintf_internal_r
                0x0000000000096290     0x13a0 ../RansacSoftware_bsp//newlib/nios2-elf/lib\libc.a(lib_a-svfiprintf.o)
                0x0000000000096290                ___svfiprintf_internal_r
 .text          0x0000000000097630        0x0 ../RansacSoftware_bsp//newlib/nios2-elf/lib\libc.a(lib_a-wcrtomb.o)
 .text._wcrtomb_r
                0x0000000000097630       0x94 ../RansacSoftware_bsp//newlib/nios2-elf/lib\libc.a(lib_a-wcrtomb.o)
                0x0000000000097630                _wcrtomb_r
 .text.wcrtomb  0x00000000000976c4       0xa8 ../RansacSoftware_bsp//newlib/nios2-elf/lib\libc.a(lib_a-wcrtomb.o)
                0x00000000000976c4                wcrtomb
 .text          0x000000000009776c        0x0 ../RansacSoftware_bsp//newlib/nios2-elf/lib\libc.a(lib_a-wctomb_r.o)
 .text.__ascii_wctomb
                0x000000000009776c       0x30 ../RansacSoftware_bsp//newlib/nios2-elf/lib\libc.a(lib_a-wctomb_r.o)
                0x000000000009776c                __ascii_wctomb
 .text._wctomb_r
                0x000000000009779c       0x54 ../RansacSoftware_bsp//newlib/nios2-elf/lib\libc.a(lib_a-wctomb_r.o)
                0x000000000009779c                _wctomb_r
 .text          0x00000000000977f0      0x10c c:/intelfpga_lite/18.1/nios2eds/bin/gnu/h-x86_64-mingw32/bin/../lib/gcc/nios2-elf/5.3.0/mno-hw-mul\libgcc.a(_muldi3.o)
                0x00000000000977f0                __muldi3
 .text          0x00000000000978fc       0x74 c:/intelfpga_lite/18.1/nios2eds/bin/gnu/h-x86_64-mingw32/bin/../lib/gcc/nios2-elf/5.3.0/mno-hw-mul\libgcc.a(_fixunsdfsi.o)
                0x00000000000978fc                __fixunsdfsi
 .text          0x0000000000097970      0x5fc c:/intelfpga_lite/18.1/nios2eds/bin/gnu/h-x86_64-mingw32/bin/../lib/gcc/nios2-elf/5.3.0/mno-hw-mul\libgcc.a(_udivdi3.o)
                0x0000000000097970                __udivdi3
 .text          0x0000000000097f6c      0x5c4 c:/intelfpga_lite/18.1/nios2eds/bin/gnu/h-x86_64-mingw32/bin/../lib/gcc/nios2-elf/5.3.0/mno-hw-mul\libgcc.a(_umoddi3.o)
                0x0000000000097f6c                __umoddi3
 .text          0x0000000000098530       0x88 c:/intelfpga_lite/18.1/nios2eds/bin/gnu/h-x86_64-mingw32/bin/../lib/gcc/nios2-elf/5.3.0/mno-hw-mul\libgcc.a(eqdf2.o)
                0x0000000000098530                __nedf2
                0x0000000000098530                __eqdf2
 .text          0x00000000000985b8       0xa8 c:/intelfpga_lite/18.1/nios2eds/bin/gnu/h-x86_64-mingw32/bin/../lib/gcc/nios2-elf/5.3.0/mno-hw-mul\libgcc.a(floatunsidf.o)
                0x00000000000985b8                __floatunsidf
 .text          0x0000000000098660       0xc0 ../RansacSoftware_bsp/\libhal_bsp.a(alt_close.o)
                0x0000000000098660                close
 .text          0x0000000000098720        0x8 ../RansacSoftware_bsp/\libhal_bsp.a(alt_dev.o)
 .text          0x0000000000098728        0x0 ../RansacSoftware_bsp/\libhal_bsp.a(alt_errno.o)
 .text          0x0000000000098728       0x14 ../RansacSoftware_bsp/\libhal_bsp.a(alt_exit.o)
                0x0000000000098728                _exit
 .text          0x000000000009873c       0xc8 ../RansacSoftware_bsp/\libhal_bsp.a(alt_fstat.o)
                0x000000000009873c                fstat
 .text          0x0000000000098804       0xa0 ../RansacSoftware_bsp/\libhal_bsp.a(alt_isatty.o)
                0x0000000000098804                isatty
 .text          0x00000000000988a4      0x114 ../RansacSoftware_bsp/\libhal_bsp.a(alt_load.o)
                0x00000000000988a4                alt_load
 .text          0x00000000000989b8       0xc8 ../RansacSoftware_bsp/\libhal_bsp.a(alt_lseek.o)
                0x00000000000989b8                lseek
 .text          0x0000000000098a80       0x60 ../RansacSoftware_bsp/\libhal_bsp.a(alt_main.o)
                0x0000000000098a80                alt_main
 .text          0x0000000000098ae0        0x8 ../RansacSoftware_bsp/\libhal_bsp.a(alt_malloc_lock.o)
                0x0000000000098ae0                __malloc_lock
                0x0000000000098ae4                __malloc_unlock
 .text          0x0000000000098ae8      0x188 ../RansacSoftware_bsp/\libhal_bsp.a(alt_open.o)
                0x0000000000098ae8                open
 .text          0x0000000000098c70      0x114 ../RansacSoftware_bsp/\libhal_bsp.a(alt_read.o)
                0x0000000000098c70                read
 .text          0x0000000000098d84       0x5c ../RansacSoftware_bsp/\libhal_bsp.a(alt_release_fd.o)
                0x0000000000098d84                alt_release_fd
 .text          0x0000000000098de0       0x4c ../RansacSoftware_bsp/\libhal_bsp.a(alt_sbrk.o)
                0x0000000000098de0                sbrk
 .text          0x0000000000098e2c      0x110 ../RansacSoftware_bsp/\libhal_bsp.a(alt_write.o)
                0x0000000000098e2c                write
 .text          0x0000000000098f3c       0x68 ../RansacSoftware_bsp/\libhal_bsp.a(alt_sys_init.o)
                0x0000000000098f3c                alt_irq_init
                0x0000000000098f5c                alt_sys_init
 .text          0x0000000000098fa4       0x3c ../RansacSoftware_bsp/\libhal_bsp.a(altera_avalon_jtag_uart_fd.o)
                0x0000000000098fa4                altera_avalon_jtag_uart_read_fd
                0x0000000000098fb4                altera_avalon_jtag_uart_write_fd
                0x0000000000098fc4                altera_avalon_jtag_uart_close_fd
                0x0000000000098fd4                altera_avalon_jtag_uart_ioctl_fd
 .text          0x0000000000098fe0      0x200 ../RansacSoftware_bsp/\libhal_bsp.a(altera_avalon_jtag_uart_init.o)
                0x0000000000099134                altera_avalon_jtag_uart_init
                0x00000000000991ac                altera_avalon_jtag_uart_close
 .text          0x00000000000991e0       0x74 ../RansacSoftware_bsp/\libhal_bsp.a(altera_avalon_jtag_uart_ioctl.o)
                0x00000000000991e0                altera_avalon_jtag_uart_ioctl
 .text          0x0000000000099254      0x154 ../RansacSoftware_bsp/\libhal_bsp.a(altera_avalon_jtag_uart_read.o)
                0x0000000000099254                altera_avalon_jtag_uart_read
 .text          0x00000000000993a8      0x1a8 ../RansacSoftware_bsp/\libhal_bsp.a(altera_avalon_jtag_uart_write.o)
                0x00000000000993a8                altera_avalon_jtag_uart_write
 .text          0x0000000000099550      0x1a4 ../RansacSoftware_bsp/\libhal_bsp.a(altera_hostfs.o)
                0x0000000000099550                alt_hostfs_open
                0x00000000000995b0                alt_hostfs_close
                0x00000000000995c4                alt_hostfs_read
                0x00000000000995dc                alt_hostfs_write
                0x00000000000995f4                alt_hostfs_seek
                0x000000000009960c                alt_hostfs_fstat
 .text          0x00000000000996f4       0x80 ../RansacSoftware_bsp/\libhal_bsp.a(alt_alarm_start.o)
                0x00000000000996f4                alt_alarm_start
 .text          0x0000000000099774        0x4 ../RansacSoftware_bsp/\libhal_bsp.a(alt_dcache_flush_all.o)
                0x0000000000099774                alt_dcache_flush_all
 .text          0x0000000000099778       0x6c ../RansacSoftware_bsp/\libhal_bsp.a(alt_dev_llist_insert.o)
                0x0000000000099778                alt_dev_llist_insert
 .text          0x00000000000997e4       0x64 ../RansacSoftware_bsp/\libhal_bsp.a(alt_do_ctors.o)
                0x00000000000997e4                _do_ctors
 .text          0x0000000000099848       0x64 ../RansacSoftware_bsp/\libhal_bsp.a(alt_do_dtors.o)
                0x0000000000099848                _do_dtors
 .text          0x00000000000998ac       0x78 ../RansacSoftware_bsp/\libhal_bsp.a(alt_find_dev.o)
                0x00000000000998ac                alt_find_dev
 .text          0x0000000000099924       0xac ../RansacSoftware_bsp/\libhal_bsp.a(alt_find_file.o)
                0x0000000000099924                alt_find_file
 .text          0x00000000000999d0       0x34 ../RansacSoftware_bsp/\libhal_bsp.a(alt_fs_reg.o)
                0x00000000000999d0                alt_fs_reg
 .text          0x0000000000099a04       0x88 ../RansacSoftware_bsp/\libhal_bsp.a(alt_get_fd.o)
                0x0000000000099a04                alt_get_fd
 .text          0x0000000000099a8c        0x4 ../RansacSoftware_bsp/\libhal_bsp.a(alt_icache_flush_all.o)
                0x0000000000099a8c                alt_icache_flush_all
 .text          0x0000000000099a90       0x8c ../RansacSoftware_bsp/\libhal_bsp.a(alt_iic.o)
                0x0000000000099a90                alt_ic_isr_register
                0x0000000000099a94                alt_ic_irq_enable
                0x0000000000099acc                alt_ic_irq_disable
                0x0000000000099b04                alt_ic_irq_enabled
 .text          0x0000000000099b1c       0x68 ../RansacSoftware_bsp/\libhal_bsp.a(alt_iic_isr_register.o)
                0x0000000000099b1c                alt_iic_isr_register
 .text          0x0000000000099b84      0x100 ../RansacSoftware_bsp/\libhal_bsp.a(alt_io_redirect.o)
                0x0000000000099c10                alt_io_redirect
 .text          0x0000000000099c84        0x0 ../RansacSoftware_bsp/\libhal_bsp.a(alt_irq_entry.o)
 .text          0x0000000000099c84        0x0 ../RansacSoftware_bsp/\libhal_bsp.a(alt_irq_handler.o)
 .text          0x0000000000099c84        0x0 ../RansacSoftware_bsp/\libhal_bsp.a(alt_irq_vars.o)
 .text          0x0000000000099c84      0x128 ../RansacSoftware_bsp/\libhal_bsp.a(alt_tick.o)
                0x0000000000099c84                alt_alarm_stop
                0x0000000000099cb8                alt_tick
 .text          0x0000000000099dac        0x8 ../RansacSoftware_bsp/\libhal_bsp.a(altera_nios2_gen2_irq.o)
                0x0000000000099dac                altera_nios2_gen2_irq_init
 .text          0x0000000000099db4        0x0 ../RansacSoftware_bsp/\libhal_bsp.a(alt_exception_entry.o)
 .text          0x0000000000099db4       0x74 ../RansacSoftware_bsp/\libhal_bsp.a(alt_instruction_exception_entry.o)
                0x0000000000099db4                alt_exception_cause_generated_bad_addr
 .text          0x0000000000099e28        0x0 ../RansacSoftware_bsp//newlib/nios2-elf/lib\libc.a(lib_a-atexit.o)
 .text.atexit   0x0000000000099e28       0x14 ../RansacSoftware_bsp//newlib/nios2-elf/lib\libc.a(lib_a-atexit.o)
                0x0000000000099e28                atexit
 .text          0x0000000000099e3c        0x0 ../RansacSoftware_bsp//newlib/nios2-elf/lib\libc.a(lib_a-memcmp.o)
 .text.memcmp   0x0000000000099e3c       0x7c ../RansacSoftware_bsp//newlib/nios2-elf/lib\libc.a(lib_a-memcmp.o)
                0x0000000000099e3c                memcmp
 .text          0x0000000000099eb8        0x0 ../RansacSoftware_bsp//newlib/nios2-elf/lib\libc.a(lib_a-__atexit.o)
 .text.__register_exitproc
                0x0000000000099eb8      0x108 ../RansacSoftware_bsp//newlib/nios2-elf/lib\libc.a(lib_a-__atexit.o)
                0x0000000000099eb8                __register_exitproc
 *(.gnu.warning.*)
 *(.fini)
                [!provide]                        PROVIDE (__etext, ABSOLUTE (.))
                [!provide]                        PROVIDE (_etext, ABSOLUTE (.))
                [!provide]                        PROVIDE (etext, ABSOLUTE (.))
 *(.eh_frame_hdr)
                0x0000000000099fc0                . = ALIGN (0x4)
                [!provide]                        PROVIDE (__preinit_array_start, ABSOLUTE (.))
 *(.preinit_array)
                [!provide]                        PROVIDE (__preinit_array_end, ABSOLUTE (.))
                [!provide]                        PROVIDE (__init_array_start, ABSOLUTE (.))
 *(.init_array)
                [!provide]                        PROVIDE (__init_array_end, ABSOLUTE (.))
                [!provide]                        PROVIDE (__fini_array_start, ABSOLUTE (.))
 *(.fini_array)
                [!provide]                        PROVIDE (__fini_array_end, ABSOLUTE (.))
 *(.eh_frame)
 *(.gcc_except_table .gcc_except_table.*)
 *(.dynamic)
                0x0000000000099fc0                PROVIDE (__CTOR_LIST__, ABSOLUTE (.))
 *(.ctors)
 *(SORT(.ctors.*))
                0x0000000000099fc0                PROVIDE (__CTOR_END__, ABSOLUTE (.))
                0x0000000000099fc0                PROVIDE (__DTOR_LIST__, ABSOLUTE (.))
 *(.dtors)
 *(SORT(.dtors.*))
                0x0000000000099fc0                PROVIDE (__DTOR_END__, ABSOLUTE (.))
 *(.jcr)
                0x0000000000099fc0                . = ALIGN (0x4)

.rodata         0x0000000000099fc0      0xa04
                0x0000000000099fc0                PROVIDE (__ram_rodata_start, ABSOLUTE (.))
                0x0000000000099fc0                . = ALIGN (0x4)
 *(.rodata .rodata.* .gnu.linkonce.r.*)
 .rodata        0x0000000000099fc0      0x284 obj/default/main.o
 .rodata.atanlo
                0x000000000009a244       0x20 ../RansacSoftware_bsp//newlib/nios2-elf/lib\libm.a(lib_a-s_atan.o)
 .rodata.atanhi
                0x000000000009a264       0x20 ../RansacSoftware_bsp//newlib/nios2-elf/lib\libm.a(lib_a-s_atan.o)
 .rodata        0x000000000009a284      0x100 c:/intelfpga_lite/18.1/nios2eds/bin/gnu/h-x86_64-mingw32/bin/../lib/gcc/nios2-elf/5.3.0/mno-hw-mul\libgcc.a(_clz.o)
                0x000000000009a284                __clz_tab
 .rodata.str1.4
                0x000000000009a384        0x2 ../RansacSoftware_bsp//newlib/nios2-elf/lib\libc.a(lib_a-impure.o)
 *fill*         0x000000000009a386        0x2 
 .rodata.str1.4
                0x000000000009a388        0x2 ../RansacSoftware_bsp//newlib/nios2-elf/lib\libc.a(lib_a-puts.o)
 *fill*         0x000000000009a38a        0x2 
 .rodata.str1.4
                0x000000000009a38c       0x42 ../RansacSoftware_bsp//newlib/nios2-elf/lib\libc.a(lib_a-vfprintf.o)
 .rodata.zeroes.4404
                0x000000000009a3ce       0x10 ../RansacSoftware_bsp//newlib/nios2-elf/lib\libc.a(lib_a-vfprintf.o)
 .rodata.blanks.4403
                0x000000000009a3de       0x10 ../RansacSoftware_bsp//newlib/nios2-elf/lib\libc.a(lib_a-vfprintf.o)
 *fill*         0x000000000009a3ee        0x2 
 .rodata.str1.4
                0x000000000009a3f0        0x5 ../RansacSoftware_bsp//newlib/nios2-elf/lib\libc.a(lib_a-vfscanf.o)
 *fill*         0x000000000009a3f5        0x1 
 .rodata.basefix.4359
                0x000000000009a3f6       0x22 ../RansacSoftware_bsp//newlib/nios2-elf/lib\libc.a(lib_a-vfscanf.o)
 .rodata._ctype_
                0x000000000009a418      0x101 ../RansacSoftware_bsp//newlib/nios2-elf/lib\libc.a(lib_a-ctype_.o)
                0x000000000009a418                _ctype_
 .rodata._ctype_b
                0x000000000009a519      0x180 ../RansacSoftware_bsp//newlib/nios2-elf/lib\libc.a(lib_a-ctype_.o)
 *fill*         0x000000000009a699        0x3 
 .rodata.str1.4
                0x000000000009a69c       0x10 ../RansacSoftware_bsp//newlib/nios2-elf/lib\libc.a(lib_a-dtoa.o)
                                         0x12 (size before relaxing)
 .rodata.str1.4
                0x000000000009a6ac        0xa ../RansacSoftware_bsp//newlib/nios2-elf/lib\libc.a(lib_a-locale.o)
                                         0x12 (size before relaxing)
 .rodata.str1.4
                0x000000000009a6b6        0x1 ../RansacSoftware_bsp//newlib/nios2-elf/lib\libc.a(lib_a-mbrtowc.o)
 *fill*         0x000000000009a6b6        0x2 
 .rodata.p05.2768
                0x000000000009a6b8        0xc ../RansacSoftware_bsp//newlib/nios2-elf/lib\libc.a(lib_a-mprec.o)
 .rodata.__mprec_tinytens
                0x000000000009a6c4       0x28 ../RansacSoftware_bsp//newlib/nios2-elf/lib\libc.a(lib_a-mprec.o)
                0x000000000009a6c4                __mprec_tinytens
 .rodata.__mprec_bigtens
                0x000000000009a6ec       0x28 ../RansacSoftware_bsp//newlib/nios2-elf/lib\libc.a(lib_a-mprec.o)
                0x000000000009a6ec                __mprec_bigtens
 .rodata.__mprec_tens
                0x000000000009a714       0xc8 ../RansacSoftware_bsp//newlib/nios2-elf/lib\libc.a(lib_a-mprec.o)
                0x000000000009a714                __mprec_tens
 .rodata.str1.4
                0x000000000009a7dc        0xf ../RansacSoftware_bsp//newlib/nios2-elf/lib\libc.a(lib_a-strtod.o)
 *fill*         0x000000000009a7eb        0x1 
 .rodata.fpinan.2773
                0x000000000009a7ec       0x14 ../RansacSoftware_bsp//newlib/nios2-elf/lib\libc.a(lib_a-strtod.o)
 .rodata.fpi.2737
                0x000000000009a800       0x14 ../RansacSoftware_bsp//newlib/nios2-elf/lib\libc.a(lib_a-strtod.o)
 .rodata.tinytens
                0x000000000009a814       0x28 ../RansacSoftware_bsp//newlib/nios2-elf/lib\libc.a(lib_a-strtod.o)
 .rodata.str1.4
                0x000000000009a83c       0x42 ../RansacSoftware_bsp//newlib/nios2-elf/lib\libc.a(lib_a-svfprintf.o)
 .rodata.zeroes.4389
                0x000000000009a83c       0x10 ../RansacSoftware_bsp//newlib/nios2-elf/lib\libc.a(lib_a-svfprintf.o)
 .rodata.blanks.4388
                0x000000000009a84c       0x10 ../RansacSoftware_bsp//newlib/nios2-elf/lib\libc.a(lib_a-svfprintf.o)
 .rodata.str1.4
                0x000000000009a85c       0x2f ../RansacSoftware_bsp//newlib/nios2-elf/lib\libc.a(lib_a-vfiprintf.o)
 .rodata.zeroes.4349
                0x000000000009a85c       0x10 ../RansacSoftware_bsp//newlib/nios2-elf/lib\libc.a(lib_a-vfiprintf.o)
 .rodata.blanks.4348
                0x000000000009a86c       0x10 ../RansacSoftware_bsp//newlib/nios2-elf/lib\libc.a(lib_a-vfiprintf.o)
 .rodata.__hexdig
                0x000000000009a87c      0x100 ../RansacSoftware_bsp//newlib/nios2-elf/lib\libc.a(lib_a-gdtoa-gethex.o)
                0x000000000009a87c                __hexdig
 .rodata.str1.4
                0x000000000009a97c       0x2f ../RansacSoftware_bsp//newlib/nios2-elf/lib\libc.a(lib_a-svfiprintf.o)
 .rodata.zeroes.4333
                0x000000000009a97c       0x10 ../RansacSoftware_bsp//newlib/nios2-elf/lib\libc.a(lib_a-svfiprintf.o)
 .rodata.blanks.4332
                0x000000000009a98c       0x10 ../RansacSoftware_bsp//newlib/nios2-elf/lib\libc.a(lib_a-svfiprintf.o)
 .rodata.str1.4
                0x000000000009a99c        0xa ../RansacSoftware_bsp/\libhal_bsp.a(alt_dev.o)
 *fill*         0x000000000009a9a6        0x2 
 .rodata.str1.4
                0x000000000009a9a8        0xf ../RansacSoftware_bsp/\libhal_bsp.a(alt_main.o)
 *fill*         0x000000000009a9b7        0x1 
 .rodata.str1.4
                0x000000000009a9b8        0xc ../RansacSoftware_bsp/\libhal_bsp.a(alt_sys_init.o)
                                         0x1b (size before relaxing)
 *(.rodata1)
                0x000000000009a9c4                . = ALIGN (0x4)
                0x000000000009a9c4                PROVIDE (__ram_rodata_end, ABSOLUTE (.))
                0x0000000000099fc0                PROVIDE (__flash_rodata_start, LOADADDR (.rodata))

.rwdata         0x000000000009a9c4     0x1b64 load address 0x000000000009c528
                0x000000000009a9c4                PROVIDE (__ram_rwdata_start, ABSOLUTE (.))
                0x000000000009a9c4                . = ALIGN (0x4)
 *(.got.plt)
 *(.got)
 *(.data1)
 *(.data .data.* .gnu.linkonce.d.*)
 .data          0x000000000009a9c4        0x0 ../RansacSoftware_bsp//obj/HAL/src/crt0.o
 .data          0x000000000009a9c4        0x0 obj/default/main.o
 .data          0x000000000009a9c4        0x0 obj/default/ransac.o
 .data          0x000000000009a9c4        0x0 ../RansacSoftware_bsp//newlib/nios2-elf/lib\libm.a(lib_a-s_atan.o)
 .data          0x000000000009a9c4        0x0 ../RansacSoftware_bsp//newlib/nios2-elf/lib\libm.a(lib_a-s_fabs.o)
 .data          0x000000000009a9c4        0x0 c:/intelfpga_lite/18.1/nios2eds/bin/gnu/h-x86_64-mingw32/bin/../lib/gcc/nios2-elf/5.3.0/mno-hw-mul\libgcc.a(lib2-divmod.o)
 .data          0x000000000009a9c4        0x0 c:/intelfpga_lite/18.1/nios2eds/bin/gnu/h-x86_64-mingw32/bin/../lib/gcc/nios2-elf/5.3.0/mno-hw-mul\libgcc.a(lib2-mul.o)
 .data          0x000000000009a9c4        0x0 c:/intelfpga_lite/18.1/nios2eds/bin/gnu/h-x86_64-mingw32/bin/../lib/gcc/nios2-elf/5.3.0/mno-hw-mul\libgcc.a(adddf3.o)
 .data          0x000000000009a9c4        0x0 c:/intelfpga_lite/18.1/nios2eds/bin/gnu/h-x86_64-mingw32/bin/../lib/gcc/nios2-elf/5.3.0/mno-hw-mul\libgcc.a(divdf3.o)
 .data          0x000000000009a9c4        0x0 c:/intelfpga_lite/18.1/nios2eds/bin/gnu/h-x86_64-mingw32/bin/../lib/gcc/nios2-elf/5.3.0/mno-hw-mul\libgcc.a(gedf2.o)
 .data          0x000000000009a9c4        0x0 c:/intelfpga_lite/18.1/nios2eds/bin/gnu/h-x86_64-mingw32/bin/../lib/gcc/nios2-elf/5.3.0/mno-hw-mul\libgcc.a(ledf2.o)
 .data          0x000000000009a9c4        0x0 c:/intelfpga_lite/18.1/nios2eds/bin/gnu/h-x86_64-mingw32/bin/../lib/gcc/nios2-elf/5.3.0/mno-hw-mul\libgcc.a(muldf3.o)
 .data          0x000000000009a9c4        0x0 c:/intelfpga_lite/18.1/nios2eds/bin/gnu/h-x86_64-mingw32/bin/../lib/gcc/nios2-elf/5.3.0/mno-hw-mul\libgcc.a(subdf3.o)
 .data          0x000000000009a9c4        0x0 c:/intelfpga_lite/18.1/nios2eds/bin/gnu/h-x86_64-mingw32/bin/../lib/gcc/nios2-elf/5.3.0/mno-hw-mul\libgcc.a(fixdfsi.o)
 .data          0x000000000009a9c4        0x0 c:/intelfpga_lite/18.1/nios2eds/bin/gnu/h-x86_64-mingw32/bin/../lib/gcc/nios2-elf/5.3.0/mno-hw-mul\libgcc.a(floatsidf.o)
 .data          0x000000000009a9c4        0x0 c:/intelfpga_lite/18.1/nios2eds/bin/gnu/h-x86_64-mingw32/bin/../lib/gcc/nios2-elf/5.3.0/mno-hw-mul\libgcc.a(extendsfdf2.o)
 .data          0x000000000009a9c4        0x0 c:/intelfpga_lite/18.1/nios2eds/bin/gnu/h-x86_64-mingw32/bin/../lib/gcc/nios2-elf/5.3.0/mno-hw-mul\libgcc.a(truncdfsf2.o)
 .data          0x000000000009a9c4        0x0 c:/intelfpga_lite/18.1/nios2eds/bin/gnu/h-x86_64-mingw32/bin/../lib/gcc/nios2-elf/5.3.0/mno-hw-mul\libgcc.a(_clzsi2.o)
 .data          0x000000000009a9c4        0x0 c:/intelfpga_lite/18.1/nios2eds/bin/gnu/h-x86_64-mingw32/bin/../lib/gcc/nios2-elf/5.3.0/mno-hw-mul\libgcc.a(_clz.o)
 .data          0x000000000009a9c4        0x0 ../RansacSoftware_bsp//newlib/nios2-elf/lib\libc.a(lib_a-exit.o)
 .data          0x000000000009a9c4        0x0 ../RansacSoftware_bsp//newlib/nios2-elf/lib\libc.a(lib_a-fclose.o)
 .data          0x000000000009a9c4        0x0 ../RansacSoftware_bsp//newlib/nios2-elf/lib\libc.a(lib_a-fflush.o)
 .data          0x000000000009a9c4        0x0 ../RansacSoftware_bsp//newlib/nios2-elf/lib\libc.a(lib_a-findfp.o)
 .data          0x000000000009a9c4        0x0 ../RansacSoftware_bsp//newlib/nios2-elf/lib\libc.a(lib_a-fopen.o)
 .data          0x000000000009a9c4        0x0 ../RansacSoftware_bsp//newlib/nios2-elf/lib\libc.a(lib_a-fprintf.o)
 .data          0x000000000009a9c4        0x0 ../RansacSoftware_bsp//newlib/nios2-elf/lib\libc.a(lib_a-fputc.o)
 .data          0x000000000009a9c4        0x0 ../RansacSoftware_bsp//newlib/nios2-elf/lib\libc.a(lib_a-freer.o)
 .data          0x000000000009a9c4        0x0 ../RansacSoftware_bsp//newlib/nios2-elf/lib\libc.a(lib_a-fscanf.o)
 .data          0x000000000009a9c4        0x0 ../RansacSoftware_bsp//newlib/nios2-elf/lib\libc.a(lib_a-fseek.o)
 .data          0x000000000009a9c4        0x0 ../RansacSoftware_bsp//newlib/nios2-elf/lib\libc.a(lib_a-fseeko.o)
 .data          0x000000000009a9c4        0x0 ../RansacSoftware_bsp//newlib/nios2-elf/lib\libc.a(lib_a-fstatr.o)
 .data          0x000000000009a9c4        0x0 ../RansacSoftware_bsp//newlib/nios2-elf/lib\libc.a(lib_a-fwalk.o)
 .data          0x000000000009a9c4        0x0 ../RansacSoftware_bsp//newlib/nios2-elf/lib\libc.a(lib_a-fwrite.o)
 .data          0x000000000009a9c4        0x0 ../RansacSoftware_bsp//newlib/nios2-elf/lib\libc.a(lib_a-impure.o)
 .data.impure_data
                0x000000000009a9c4      0x424 ../RansacSoftware_bsp//newlib/nios2-elf/lib\libc.a(lib_a-impure.o)
 .data          0x000000000009ade8        0x0 ../RansacSoftware_bsp//newlib/nios2-elf/lib\libc.a(lib_a-int_errno.o)
 .data          0x000000000009ade8        0x0 ../RansacSoftware_bsp//newlib/nios2-elf/lib\libc.a(lib_a-makebuf.o)
 .data          0x000000000009ade8        0x0 ../RansacSoftware_bsp//newlib/nios2-elf/lib\libc.a(lib_a-mallocr.o)
 .data.__malloc_av_
                0x000000000009ade8      0x408 ../RansacSoftware_bsp//newlib/nios2-elf/lib\libc.a(lib_a-mallocr.o)
                0x000000000009ade8                __malloc_av_
 .data          0x000000000009b1f0        0x0 ../RansacSoftware_bsp//newlib/nios2-elf/lib\libc.a(lib_a-memset.o)
 .data          0x000000000009b1f0        0x0 ../RansacSoftware_bsp//newlib/nios2-elf/lib\libc.a(lib_a-openr.o)
 .data          0x000000000009b1f0        0x0 ../RansacSoftware_bsp//newlib/nios2-elf/lib\libc.a(lib_a-putc.o)
 .data          0x000000000009b1f0        0x0 ../RansacSoftware_bsp//newlib/nios2-elf/lib\libc.a(lib_a-puts.o)
 .data          0x000000000009b1f0        0x0 ../RansacSoftware_bsp//newlib/nios2-elf/lib\libc.a(lib_a-rand.o)
 .data          0x000000000009b1f0        0x0 ../RansacSoftware_bsp//newlib/nios2-elf/lib\libc.a(lib_a-refill.o)
 .data          0x000000000009b1f0        0x0 ../RansacSoftware_bsp//newlib/nios2-elf/lib\libc.a(lib_a-sbrkr.o)
 .data          0x000000000009b1f0        0x0 ../RansacSoftware_bsp//newlib/nios2-elf/lib\libc.a(lib_a-stdio.o)
 .data          0x000000000009b1f0        0x0 ../RansacSoftware_bsp//newlib/nios2-elf/lib\libc.a(lib_a-strlen.o)
 .data          0x000000000009b1f0        0x0 ../RansacSoftware_bsp//newlib/nios2-elf/lib\libc.a(lib_a-vfprintf.o)
 .data          0x000000000009b1f0        0x0 ../RansacSoftware_bsp//newlib/nios2-elf/lib\libc.a(lib_a-vfscanf.o)
 .data          0x000000000009b1f0        0x0 ../RansacSoftware_bsp//newlib/nios2-elf/lib\libc.a(lib_a-wbuf.o)
 .data          0x000000000009b1f0        0x0 ../RansacSoftware_bsp//newlib/nios2-elf/lib\libc.a(lib_a-writer.o)
 .data          0x000000000009b1f0        0x0 ../RansacSoftware_bsp//newlib/nios2-elf/lib\libc.a(lib_a-wsetup.o)
 .data          0x000000000009b1f0        0x0 ../RansacSoftware_bsp//newlib/nios2-elf/lib\libc.a(closer.o)
 .data          0x000000000009b1f0        0x0 ../RansacSoftware_bsp//newlib/nios2-elf/lib\libc.a(lib_a-__call_atexit.o)
 .data          0x000000000009b1f0        0x0 ../RansacSoftware_bsp//newlib/nios2-elf/lib\libc.a(lib_a-ctype_.o)
 .data          0x000000000009b1f0        0x0 ../RansacSoftware_bsp//newlib/nios2-elf/lib\libc.a(lib_a-dtoa.o)
 .data          0x000000000009b1f0        0x0 ../RansacSoftware_bsp//newlib/nios2-elf/lib\libc.a(lib_a-flags.o)
 .data          0x000000000009b1f0        0x0 ../RansacSoftware_bsp//newlib/nios2-elf/lib\libc.a(lib_a-fread.o)
 .data          0x000000000009b1f0        0x0 ../RansacSoftware_bsp//newlib/nios2-elf/lib\libc.a(lib_a-fvwrite.o)
 .data          0x000000000009b1f0        0x0 ../RansacSoftware_bsp//newlib/nios2-elf/lib\libc.a(lib_a-isattyr.o)
 .data          0x000000000009b1f0        0x0 ../RansacSoftware_bsp//newlib/nios2-elf/lib\libc.a(lib_a-iswspace.o)
 .data          0x000000000009b1f0        0x0 ../RansacSoftware_bsp//newlib/nios2-elf/lib\libc.a(lib_a-locale.o)
 .data.lc_message_charset
                0x000000000009b1f0       0x20 ../RansacSoftware_bsp//newlib/nios2-elf/lib\libc.a(lib_a-locale.o)
 .data.lc_ctype_charset
                0x000000000009b210       0x20 ../RansacSoftware_bsp//newlib/nios2-elf/lib\libc.a(lib_a-locale.o)
 .data.lconv    0x000000000009b230       0x38 ../RansacSoftware_bsp//newlib/nios2-elf/lib\libc.a(lib_a-locale.o)
 .data          0x000000000009b268        0x0 ../RansacSoftware_bsp//newlib/nios2-elf/lib\libc.a(lib_a-lseekr.o)
 .data          0x000000000009b268        0x0 ../RansacSoftware_bsp//newlib/nios2-elf/lib\libc.a(lib_a-mbrtowc.o)
 .data          0x000000000009b268        0x0 ../RansacSoftware_bsp//newlib/nios2-elf/lib\libc.a(lib_a-mbtowc_r.o)
 .data          0x000000000009b268        0x0 ../RansacSoftware_bsp//newlib/nios2-elf/lib\libc.a(lib_a-memchr.o)
 .data          0x000000000009b268        0x0 ../RansacSoftware_bsp//newlib/nios2-elf/lib\libc.a(lib_a-memcpy.o)
 .data          0x000000000009b268        0x0 ../RansacSoftware_bsp//newlib/nios2-elf/lib\libc.a(lib_a-memmove.o)
 .data          0x000000000009b268        0x0 ../RansacSoftware_bsp//newlib/nios2-elf/lib\libc.a(lib_a-mprec.o)
 .data          0x000000000009b268        0x0 ../RansacSoftware_bsp//newlib/nios2-elf/lib\libc.a(lib_a-readr.o)
 .data          0x000000000009b268        0x0 ../RansacSoftware_bsp//newlib/nios2-elf/lib\libc.a(lib_a-reallocr.o)
 .data          0x000000000009b268        0x0 ../RansacSoftware_bsp//newlib/nios2-elf/lib\libc.a(lib_a-s_fpclassify.o)
 .data          0x000000000009b268        0x0 ../RansacSoftware_bsp//newlib/nios2-elf/lib\libc.a(lib_a-sccl.o)
 .data          0x000000000009b268        0x0 ../RansacSoftware_bsp//newlib/nios2-elf/lib\libc.a(lib_a-sf_nan.o)
 .data          0x000000000009b268        0x0 ../RansacSoftware_bsp//newlib/nios2-elf/lib\libc.a(lib_a-sprintf.o)
 .data          0x000000000009b268        0x0 ../RansacSoftware_bsp//newlib/nios2-elf/lib\libc.a(lib_a-strcmp.o)
 .data          0x000000000009b268        0x0 ../RansacSoftware_bsp//newlib/nios2-elf/lib\libc.a(lib_a-strtod.o)
 .data          0x000000000009b268        0x0 ../RansacSoftware_bsp//newlib/nios2-elf/lib\libc.a(lib_a-strtol.o)
 .data          0x000000000009b268        0x0 ../RansacSoftware_bsp//newlib/nios2-elf/lib\libc.a(lib_a-strtoll_r.o)
 .data          0x000000000009b268        0x0 ../RansacSoftware_bsp//newlib/nios2-elf/lib\libc.a(lib_a-strtoul.o)
 .data          0x000000000009b268        0x0 ../RansacSoftware_bsp//newlib/nios2-elf/lib\libc.a(lib_a-strtoull_r.o)
 .data          0x000000000009b268        0x0 ../RansacSoftware_bsp//newlib/nios2-elf/lib\libc.a(lib_a-svfprintf.o)
 .data          0x000000000009b268        0x0 ../RansacSoftware_bsp//newlib/nios2-elf/lib\libc.a(lib_a-ungetc.o)
 .data          0x000000000009b268        0x0 ../RansacSoftware_bsp//newlib/nios2-elf/lib\libc.a(lib_a-vfiprintf.o)
 .data          0x000000000009b268        0x0 ../RansacSoftware_bsp//newlib/nios2-elf/lib\libc.a(lib_a-callocr.o)
 .data          0x000000000009b268        0x0 ../RansacSoftware_bsp//newlib/nios2-elf/lib\libc.a(lib_a-fputwc.o)
 .data          0x000000000009b268        0x0 ../RansacSoftware_bsp//newlib/nios2-elf/lib\libc.a(lib_a-gdtoa-gethex.o)
 .data          0x000000000009b268        0x0 ../RansacSoftware_bsp//newlib/nios2-elf/lib\libc.a(lib_a-gdtoa-hexnan.o)
 .data          0x000000000009b268        0x0 ../RansacSoftware_bsp//newlib/nios2-elf/lib\libc.a(lib_a-strncmp.o)
 .data          0x000000000009b268        0x0 ../RansacSoftware_bsp//newlib/nios2-elf/lib\libc.a(lib_a-svfiprintf.o)
 .data          0x000000000009b268        0x0 ../RansacSoftware_bsp//newlib/nios2-elf/lib\libc.a(lib_a-wcrtomb.o)
 .data          0x000000000009b268        0x0 ../RansacSoftware_bsp//newlib/nios2-elf/lib\libc.a(lib_a-wctomb_r.o)
 .data          0x000000000009b268        0x0 c:/intelfpga_lite/18.1/nios2eds/bin/gnu/h-x86_64-mingw32/bin/../lib/gcc/nios2-elf/5.3.0/mno-hw-mul\libgcc.a(_muldi3.o)
 .data          0x000000000009b268        0x0 c:/intelfpga_lite/18.1/nios2eds/bin/gnu/h-x86_64-mingw32/bin/../lib/gcc/nios2-elf/5.3.0/mno-hw-mul\libgcc.a(_fixunsdfsi.o)
 .data          0x000000000009b268        0x0 c:/intelfpga_lite/18.1/nios2eds/bin/gnu/h-x86_64-mingw32/bin/../lib/gcc/nios2-elf/5.3.0/mno-hw-mul\libgcc.a(_udivdi3.o)
 .data          0x000000000009b268        0x0 c:/intelfpga_lite/18.1/nios2eds/bin/gnu/h-x86_64-mingw32/bin/../lib/gcc/nios2-elf/5.3.0/mno-hw-mul\libgcc.a(_umoddi3.o)
 .data          0x000000000009b268        0x0 c:/intelfpga_lite/18.1/nios2eds/bin/gnu/h-x86_64-mingw32/bin/../lib/gcc/nios2-elf/5.3.0/mno-hw-mul\libgcc.a(eqdf2.o)
 .data          0x000000000009b268        0x0 c:/intelfpga_lite/18.1/nios2eds/bin/gnu/h-x86_64-mingw32/bin/../lib/gcc/nios2-elf/5.3.0/mno-hw-mul\libgcc.a(floatunsidf.o)
 .data          0x000000000009b268        0x0 ../RansacSoftware_bsp/\libhal_bsp.a(alt_close.o)
 .data          0x000000000009b268      0x1a8 ../RansacSoftware_bsp/\libhal_bsp.a(alt_dev.o)
                0x000000000009b268                alt_fd_list
                0x000000000009b3e8                alt_dev_null
 .data          0x000000000009b410        0x0 ../RansacSoftware_bsp/\libhal_bsp.a(alt_errno.o)
 .data          0x000000000009b410        0x0 ../RansacSoftware_bsp/\libhal_bsp.a(alt_exit.o)
 .data          0x000000000009b410        0x0 ../RansacSoftware_bsp/\libhal_bsp.a(alt_fstat.o)
 .data          0x000000000009b410        0x0 ../RansacSoftware_bsp/\libhal_bsp.a(alt_isatty.o)
 .data          0x000000000009b410        0x0 ../RansacSoftware_bsp/\libhal_bsp.a(alt_load.o)
 .data          0x000000000009b410        0x0 ../RansacSoftware_bsp/\libhal_bsp.a(alt_lseek.o)
 .data          0x000000000009b410        0x0 ../RansacSoftware_bsp/\libhal_bsp.a(alt_main.o)
 .data          0x000000000009b410        0x0 ../RansacSoftware_bsp/\libhal_bsp.a(alt_malloc_lock.o)
 .data          0x000000000009b410        0x0 ../RansacSoftware_bsp/\libhal_bsp.a(alt_open.o)
 .data          0x000000000009b410        0x0 ../RansacSoftware_bsp/\libhal_bsp.a(alt_read.o)
 .data          0x000000000009b410        0x0 ../RansacSoftware_bsp/\libhal_bsp.a(alt_release_fd.o)
 .data          0x000000000009b410        0x0 ../RansacSoftware_bsp/\libhal_bsp.a(alt_sbrk.o)
 .data          0x000000000009b410        0x0 ../RansacSoftware_bsp/\libhal_bsp.a(alt_write.o)
 .data          0x000000000009b410     0x1088 ../RansacSoftware_bsp/\libhal_bsp.a(alt_sys_init.o)
 .data          0x000000000009c498        0x0 ../RansacSoftware_bsp/\libhal_bsp.a(altera_avalon_jtag_uart_fd.o)
 .data          0x000000000009c498        0x0 ../RansacSoftware_bsp/\libhal_bsp.a(altera_avalon_jtag_uart_init.o)
 .data          0x000000000009c498        0x0 ../RansacSoftware_bsp/\libhal_bsp.a(altera_avalon_jtag_uart_ioctl.o)
 .data          0x000000000009c498        0x0 ../RansacSoftware_bsp/\libhal_bsp.a(altera_avalon_jtag_uart_read.o)
 .data          0x000000000009c498        0x0 ../RansacSoftware_bsp/\libhal_bsp.a(altera_avalon_jtag_uart_write.o)
 .data          0x000000000009c498        0x0 ../RansacSoftware_bsp/\libhal_bsp.a(altera_hostfs.o)
 .data          0x000000000009c498        0x0 ../RansacSoftware_bsp/\libhal_bsp.a(alt_alarm_start.o)
 .data          0x000000000009c498        0x0 ../RansacSoftware_bsp/\libhal_bsp.a(alt_dcache_flush_all.o)
 .data          0x000000000009c498        0x0 ../RansacSoftware_bsp/\libhal_bsp.a(alt_dev_llist_insert.o)
 .data          0x000000000009c498        0x0 ../RansacSoftware_bsp/\libhal_bsp.a(alt_do_ctors.o)
 .data          0x000000000009c498        0x0 ../RansacSoftware_bsp/\libhal_bsp.a(alt_do_dtors.o)
 .data          0x000000000009c498        0x0 ../RansacSoftware_bsp/\libhal_bsp.a(alt_find_dev.o)
 .data          0x000000000009c498        0x0 ../RansacSoftware_bsp/\libhal_bsp.a(alt_find_file.o)
 .data          0x000000000009c498        0x0 ../RansacSoftware_bsp/\libhal_bsp.a(alt_fs_reg.o)
 .data          0x000000000009c498        0x0 ../RansacSoftware_bsp/\libhal_bsp.a(alt_get_fd.o)
 .data          0x000000000009c498        0x0 ../RansacSoftware_bsp/\libhal_bsp.a(alt_icache_flush_all.o)
 .data          0x000000000009c498        0x0 ../RansacSoftware_bsp/\libhal_bsp.a(alt_iic.o)
 .data          0x000000000009c498        0x0 ../RansacSoftware_bsp/\libhal_bsp.a(alt_iic_isr_register.o)
 .data          0x000000000009c498        0x0 ../RansacSoftware_bsp/\libhal_bsp.a(alt_io_redirect.o)
 .data          0x000000000009c498        0x0 ../RansacSoftware_bsp/\libhal_bsp.a(alt_irq_entry.o)
 .data          0x000000000009c498        0x0 ../RansacSoftware_bsp/\libhal_bsp.a(alt_irq_handler.o)
 .data          0x000000000009c498        0x0 ../RansacSoftware_bsp/\libhal_bsp.a(alt_irq_vars.o)
 .data          0x000000000009c498        0x0 ../RansacSoftware_bsp/\libhal_bsp.a(alt_tick.o)
 .data          0x000000000009c498        0x0 ../RansacSoftware_bsp/\libhal_bsp.a(altera_nios2_gen2_irq.o)
 .data          0x000000000009c498        0x0 ../RansacSoftware_bsp/\libhal_bsp.a(alt_exception_entry.o)
 .data          0x000000000009c498        0x0 ../RansacSoftware_bsp/\libhal_bsp.a(alt_instruction_exception_entry.o)
 .data          0x000000000009c498        0x0 ../RansacSoftware_bsp//newlib/nios2-elf/lib\libc.a(lib_a-atexit.o)
 .data          0x000000000009c498        0x0 ../RansacSoftware_bsp//newlib/nios2-elf/lib\libc.a(lib_a-memcmp.o)
 .data          0x000000000009c498        0x0 ../RansacSoftware_bsp//newlib/nios2-elf/lib\libc.a(lib_a-__atexit.o)
                0x00000000000a4498                _gp = ABSOLUTE ((. + 0x8000))
                [!provide]                        PROVIDE (gp, _gp)
 *(.rwdata .rwdata.*)
 *(.sdata .sdata.* .gnu.linkonce.s.*)
 .sdata._global_impure_ptr
                0x000000000009c498        0x4 ../RansacSoftware_bsp//newlib/nios2-elf/lib\libc.a(lib_a-impure.o)
                0x000000000009c498                _global_impure_ptr
 .sdata._impure_ptr
                0x000000000009c49c        0x4 ../RansacSoftware_bsp//newlib/nios2-elf/lib\libc.a(lib_a-impure.o)
                0x000000000009c49c                _impure_ptr
 .sdata.__malloc_sbrk_base
                0x000000000009c4a0        0x4 ../RansacSoftware_bsp//newlib/nios2-elf/lib\libc.a(lib_a-mallocr.o)
                0x000000000009c4a0                __malloc_sbrk_base
 .sdata.__malloc_trim_threshold
                0x000000000009c4a4        0x4 ../RansacSoftware_bsp//newlib/nios2-elf/lib\libc.a(lib_a-mallocr.o)
                0x000000000009c4a4                __malloc_trim_threshold
 .sdata.__ctype_ptr__
                0x000000000009c4a8        0x4 ../RansacSoftware_bsp//newlib/nios2-elf/lib\libc.a(lib_a-ctype_.o)
                0x000000000009c4a8                __ctype_ptr__
 .sdata.__mb_cur_max
                0x000000000009c4ac        0x4 ../RansacSoftware_bsp//newlib/nios2-elf/lib\libc.a(lib_a-locale.o)
                0x000000000009c4ac                __mb_cur_max
 .sdata.__mbtowc
                0x000000000009c4b0        0x4 ../RansacSoftware_bsp//newlib/nios2-elf/lib\libc.a(lib_a-mbtowc_r.o)
                0x000000000009c4b0                __mbtowc
 .sdata.__wctomb
                0x000000000009c4b4        0x4 ../RansacSoftware_bsp//newlib/nios2-elf/lib\libc.a(lib_a-wctomb_r.o)
                0x000000000009c4b4                __wctomb
 .sdata         0x000000000009c4b8       0x14 ../RansacSoftware_bsp/\libhal_bsp.a(alt_dev.o)
                0x000000000009c4b8                alt_max_fd
                0x000000000009c4bc                alt_dev_list
                0x000000000009c4c4                alt_fs_list
 .sdata         0x000000000009c4cc        0x4 ../RansacSoftware_bsp/\libhal_bsp.a(alt_errno.o)
                0x000000000009c4cc                alt_errno
 .sdata         0x000000000009c4d0        0x4 ../RansacSoftware_bsp/\libhal_bsp.a(alt_sbrk.o)
 .sdata         0x000000000009c4d4       0x45 ../RansacSoftware_bsp/\libhal_bsp.a(altera_hostfs.o)
 *fill*         0x000000000009c519        0x3 
 .sdata         0x000000000009c51c        0x4 ../RansacSoftware_bsp/\libhal_bsp.a(alt_irq_vars.o)
                0x000000000009c51c                alt_priority_mask
 .sdata         0x000000000009c520        0x8 ../RansacSoftware_bsp/\libhal_bsp.a(alt_tick.o)
                0x000000000009c520                alt_alarm_list
 *(.sdata2 .sdata2.* .gnu.linkonce.s2.*)
                0x000000000009c528                . = ALIGN (0x4)
                0x000000000009c528                _edata = ABSOLUTE (.)
                [!provide]                        PROVIDE (edata, ABSOLUTE (.))
                0x000000000009c528                PROVIDE (__ram_rwdata_end, ABSOLUTE (.))
                0x000000000009c528                PROVIDE (__flash_rwdata_start, LOADADDR (.rwdata))

.bss            0x000000000009e08c      0x180
                0x000000000009e08c                __bss_start = ABSOLUTE (.)
                [!provide]                        PROVIDE (__sbss_start, ABSOLUTE (.))
                [!provide]                        PROVIDE (___sbss_start, ABSOLUTE (.))
 *(.dynsbss)
 *(.sbss .sbss.* .gnu.linkonce.sb.*)
 .sbss          0x000000000009e08c       0x20 obj/default/main.o
                0x000000000009e08c                getAngleFromModel_counter
                0x000000000009e090                inliersOutliers_counter
                0x000000000009e094                calculateIntersection_counter
                0x000000000009e098                square_root_counter
                0x000000000009e09c                coefficientOfDetermination_counter
                0x000000000009e0a0                inliersOutliersMemory_counter
                0x000000000009e0a4                leastSquare_counter
                0x000000000009e0a8                squareDistanceBetweenPoints_counter
 .sbss          0x000000000009e0ac        0x4 ../RansacSoftware_bsp//newlib/nios2-elf/lib\libc.a(lib_a-int_errno.o)
                0x000000000009e0ac                errno
 .sbss.__malloc_max_total_mem
                0x000000000009e0b0        0x4 ../RansacSoftware_bsp//newlib/nios2-elf/lib\libc.a(lib_a-mallocr.o)
                0x000000000009e0b0                __malloc_max_total_mem
 .sbss.__malloc_max_sbrked_mem
                0x000000000009e0b4        0x4 ../RansacSoftware_bsp//newlib/nios2-elf/lib\libc.a(lib_a-mallocr.o)
                0x000000000009e0b4                __malloc_max_sbrked_mem
 .sbss.__malloc_top_pad
                0x000000000009e0b8        0x4 ../RansacSoftware_bsp//newlib/nios2-elf/lib\libc.a(lib_a-mallocr.o)
                0x000000000009e0b8                __malloc_top_pad
 .sbss._PathLocale
                0x000000000009e0bc        0x4 ../RansacSoftware_bsp//newlib/nios2-elf/lib\libc.a(lib_a-locale.o)
                0x000000000009e0bc                _PathLocale
 .sbss.__mlocale_changed
                0x000000000009e0c0        0x4 ../RansacSoftware_bsp//newlib/nios2-elf/lib\libc.a(lib_a-locale.o)
                0x000000000009e0c0                __mlocale_changed
 .sbss.__nlocale_changed
                0x000000000009e0c4        0x4 ../RansacSoftware_bsp//newlib/nios2-elf/lib\libc.a(lib_a-locale.o)
                0x000000000009e0c4                __nlocale_changed
 .sbss          0x000000000009e0c8        0xc ../RansacSoftware_bsp/\libhal_bsp.a(alt_main.o)
                0x000000000009e0c8                alt_envp
                0x000000000009e0cc                alt_argv
                0x000000000009e0d0                alt_argc
 .sbss          0x000000000009e0d4        0x4 ../RansacSoftware_bsp/\libhal_bsp.a(alt_irq_vars.o)
                0x000000000009e0d4                alt_irq_active
 .sbss          0x000000000009e0d8        0x8 ../RansacSoftware_bsp/\libhal_bsp.a(alt_tick.o)
                0x000000000009e0d8                _alt_nticks
                0x000000000009e0dc                _alt_tick_rate
 .sbss          0x000000000009e0e0        0x4 ../RansacSoftware_bsp/\libhal_bsp.a(alt_instruction_exception_entry.o)
                0x000000000009e0e0                alt_instruction_exception_handler
 *(.sbss2 .sbss2.* .gnu.linkonce.sb2.*)
 *(.scommon)
                [!provide]                        PROVIDE (__sbss_end, ABSOLUTE (.))
                [!provide]                        PROVIDE (___sbss_end, ABSOLUTE (.))
 *(.dynbss)
 *(.bss .bss.* .gnu.linkonce.b.*)
 .bss           0x000000000009e0e4        0x0 ../RansacSoftware_bsp//obj/HAL/src/crt0.o
 .bss           0x000000000009e0e4        0x0 obj/default/main.o
 .bss           0x000000000009e0e4        0x0 obj/default/ransac.o
 .bss           0x000000000009e0e4        0x0 ../RansacSoftware_bsp//newlib/nios2-elf/lib\libm.a(lib_a-s_atan.o)
 .bss           0x000000000009e0e4        0x0 ../RansacSoftware_bsp//newlib/nios2-elf/lib\libm.a(lib_a-s_fabs.o)
 .bss           0x000000000009e0e4        0x0 c:/intelfpga_lite/18.1/nios2eds/bin/gnu/h-x86_64-mingw32/bin/../lib/gcc/nios2-elf/5.3.0/mno-hw-mul\libgcc.a(lib2-divmod.o)
 .bss           0x000000000009e0e4        0x0 c:/intelfpga_lite/18.1/nios2eds/bin/gnu/h-x86_64-mingw32/bin/../lib/gcc/nios2-elf/5.3.0/mno-hw-mul\libgcc.a(lib2-mul.o)
 .bss           0x000000000009e0e4        0x0 c:/intelfpga_lite/18.1/nios2eds/bin/gnu/h-x86_64-mingw32/bin/../lib/gcc/nios2-elf/5.3.0/mno-hw-mul\libgcc.a(adddf3.o)
 .bss           0x000000000009e0e4        0x0 c:/intelfpga_lite/18.1/nios2eds/bin/gnu/h-x86_64-mingw32/bin/../lib/gcc/nios2-elf/5.3.0/mno-hw-mul\libgcc.a(divdf3.o)
 .bss           0x000000000009e0e4        0x0 c:/intelfpga_lite/18.1/nios2eds/bin/gnu/h-x86_64-mingw32/bin/../lib/gcc/nios2-elf/5.3.0/mno-hw-mul\libgcc.a(gedf2.o)
 .bss           0x000000000009e0e4        0x0 c:/intelfpga_lite/18.1/nios2eds/bin/gnu/h-x86_64-mingw32/bin/../lib/gcc/nios2-elf/5.3.0/mno-hw-mul\libgcc.a(ledf2.o)
 .bss           0x000000000009e0e4        0x0 c:/intelfpga_lite/18.1/nios2eds/bin/gnu/h-x86_64-mingw32/bin/../lib/gcc/nios2-elf/5.3.0/mno-hw-mul\libgcc.a(muldf3.o)
 .bss           0x000000000009e0e4        0x0 c:/intelfpga_lite/18.1/nios2eds/bin/gnu/h-x86_64-mingw32/bin/../lib/gcc/nios2-elf/5.3.0/mno-hw-mul\libgcc.a(subdf3.o)
 .bss           0x000000000009e0e4        0x0 c:/intelfpga_lite/18.1/nios2eds/bin/gnu/h-x86_64-mingw32/bin/../lib/gcc/nios2-elf/5.3.0/mno-hw-mul\libgcc.a(fixdfsi.o)
 .bss           0x000000000009e0e4        0x0 c:/intelfpga_lite/18.1/nios2eds/bin/gnu/h-x86_64-mingw32/bin/../lib/gcc/nios2-elf/5.3.0/mno-hw-mul\libgcc.a(floatsidf.o)
 .bss           0x000000000009e0e4        0x0 c:/intelfpga_lite/18.1/nios2eds/bin/gnu/h-x86_64-mingw32/bin/../lib/gcc/nios2-elf/5.3.0/mno-hw-mul\libgcc.a(extendsfdf2.o)
 .bss           0x000000000009e0e4        0x0 c:/intelfpga_lite/18.1/nios2eds/bin/gnu/h-x86_64-mingw32/bin/../lib/gcc/nios2-elf/5.3.0/mno-hw-mul\libgcc.a(truncdfsf2.o)
 .bss           0x000000000009e0e4        0x0 c:/intelfpga_lite/18.1/nios2eds/bin/gnu/h-x86_64-mingw32/bin/../lib/gcc/nios2-elf/5.3.0/mno-hw-mul\libgcc.a(_clzsi2.o)
 .bss           0x000000000009e0e4        0x0 c:/intelfpga_lite/18.1/nios2eds/bin/gnu/h-x86_64-mingw32/bin/../lib/gcc/nios2-elf/5.3.0/mno-hw-mul\libgcc.a(_clz.o)
 .bss           0x000000000009e0e4        0x0 ../RansacSoftware_bsp//newlib/nios2-elf/lib\libc.a(lib_a-exit.o)
 .bss           0x000000000009e0e4        0x0 ../RansacSoftware_bsp//newlib/nios2-elf/lib\libc.a(lib_a-fclose.o)
 .bss           0x000000000009e0e4        0x0 ../RansacSoftware_bsp//newlib/nios2-elf/lib\libc.a(lib_a-fflush.o)
 .bss           0x000000000009e0e4        0x0 ../RansacSoftware_bsp//newlib/nios2-elf/lib\libc.a(lib_a-findfp.o)
 .bss           0x000000000009e0e4        0x0 ../RansacSoftware_bsp//newlib/nios2-elf/lib\libc.a(lib_a-fopen.o)
 .bss           0x000000000009e0e4        0x0 ../RansacSoftware_bsp//newlib/nios2-elf/lib\libc.a(lib_a-fprintf.o)
 .bss           0x000000000009e0e4        0x0 ../RansacSoftware_bsp//newlib/nios2-elf/lib\libc.a(lib_a-fputc.o)
 .bss           0x000000000009e0e4        0x0 ../RansacSoftware_bsp//newlib/nios2-elf/lib\libc.a(lib_a-freer.o)
 .bss           0x000000000009e0e4        0x0 ../RansacSoftware_bsp//newlib/nios2-elf/lib\libc.a(lib_a-fscanf.o)
 .bss           0x000000000009e0e4        0x0 ../RansacSoftware_bsp//newlib/nios2-elf/lib\libc.a(lib_a-fseek.o)
 .bss           0x000000000009e0e4        0x0 ../RansacSoftware_bsp//newlib/nios2-elf/lib\libc.a(lib_a-fseeko.o)
 .bss           0x000000000009e0e4        0x0 ../RansacSoftware_bsp//newlib/nios2-elf/lib\libc.a(lib_a-fstatr.o)
 .bss           0x000000000009e0e4        0x0 ../RansacSoftware_bsp//newlib/nios2-elf/lib\libc.a(lib_a-fwalk.o)
 .bss           0x000000000009e0e4        0x0 ../RansacSoftware_bsp//newlib/nios2-elf/lib\libc.a(lib_a-fwrite.o)
 .bss           0x000000000009e0e4        0x0 ../RansacSoftware_bsp//newlib/nios2-elf/lib\libc.a(lib_a-impure.o)
 .bss           0x000000000009e0e4        0x0 ../RansacSoftware_bsp//newlib/nios2-elf/lib\libc.a(lib_a-int_errno.o)
 .bss           0x000000000009e0e4        0x0 ../RansacSoftware_bsp//newlib/nios2-elf/lib\libc.a(lib_a-makebuf.o)
 .bss           0x000000000009e0e4        0x0 ../RansacSoftware_bsp//newlib/nios2-elf/lib\libc.a(lib_a-mallocr.o)
 .bss.__malloc_current_mallinfo
                0x000000000009e0e4       0x28 ../RansacSoftware_bsp//newlib/nios2-elf/lib\libc.a(lib_a-mallocr.o)
                0x000000000009e0e4                __malloc_current_mallinfo
 .bss           0x000000000009e10c        0x0 ../RansacSoftware_bsp//newlib/nios2-elf/lib\libc.a(lib_a-memset.o)
 .bss           0x000000000009e10c        0x0 ../RansacSoftware_bsp//newlib/nios2-elf/lib\libc.a(lib_a-openr.o)
 .bss           0x000000000009e10c        0x0 ../RansacSoftware_bsp//newlib/nios2-elf/lib\libc.a(lib_a-putc.o)