Archive member included to satisfy reference by file (symbol)

../RansacSoftware_bsp//newlib/nios2-elf/lib\libm.a(lib_a-s_atan.o)
                              obj/default/ransac.o (atan)
../RansacSoftware_bsp//newlib/nios2-elf/lib\libm.a(lib_a-s_fabs.o)
                              ../RansacSoftware_bsp//newlib/nios2-elf/lib\libm.a(lib_a-s_atan.o) (fabs)
c:/intelfpga_lite/18.1/nios2eds/bin/gnu/h-x86_64-mingw32/bin/../lib/gcc/nios2-elf/5.3.0/mno-hw-mul\libgcc.a(lib2-divmod.o)
                              obj/default/ransac.o (__divsi3)
c:/intelfpga_lite/18.1/nios2eds/bin/gnu/h-x86_64-mingw32/bin/../lib/gcc/nios2-elf/5.3.0/mno-hw-mul\libgcc.a(lib2-mul.o)
                              obj/default/ransac.o (__mulsi3)
c:/intelfpga_lite/18.1/nios2eds/bin/gnu/h-x86_64-mingw32/bin/../lib/gcc/nios2-elf/5.3.0/mno-hw-mul\libgcc.a(adddf3.o)
                              obj/default/ransac.o (__adddf3)
c:/intelfpga_lite/18.1/nios2eds/bin/gnu/h-x86_64-mingw32/bin/../lib/gcc/nios2-elf/5.3.0/mno-hw-mul\libgcc.a(divdf3.o)
                              ../RansacSoftware_bsp//newlib/nios2-elf/lib\libm.a(lib_a-s_atan.o) (__divdf3)
c:/intelfpga_lite/18.1/nios2eds/bin/gnu/h-x86_64-mingw32/bin/../lib/gcc/nios2-elf/5.3.0/mno-hw-mul\libgcc.a(gedf2.o)
                              obj/default/main.o (__gtdf2)
c:/intelfpga_lite/18.1/nios2eds/bin/gnu/h-x86_64-mingw32/bin/../lib/gcc/nios2-elf/5.3.0/mno-hw-mul\libgcc.a(ledf2.o)
                              obj/default/main.o (__ltdf2)
c:/intelfpga_lite/18.1/nios2eds/bin/gnu/h-x86_64-mingw32/bin/../lib/gcc/nios2-elf/5.3.0/mno-hw-mul\libgcc.a(muldf3.o)
                              obj/default/ransac.o (__muldf3)
c:/intelfpga_lite/18.1/nios2eds/bin/gnu/h-x86_64-mingw32/bin/../lib/gcc/nios2-elf/5.3.0/mno-hw-mul\libgcc.a(subdf3.o)
                              ../RansacSoftware_bsp//newlib/nios2-elf/lib\libm.a(lib_a-s_atan.o) (__subdf3)
c:/intelfpga_lite/18.1/nios2eds/bin/gnu/h-x86_64-mingw32/bin/../lib/gcc/nios2-elf/5.3.0/mno-hw-mul\libgcc.a(fixdfsi.o)
                              obj/default/ransac.o (__fixdfsi)
c:/intelfpga_lite/18.1/nios2eds/bin/gnu/h-x86_64-mingw32/bin/../lib/gcc/nios2-elf/5.3.0/mno-hw-mul\libgcc.a(floatsidf.o)
                              obj/default/ransac.o (__floatsidf)
c:/intelfpga_lite/18.1/nios2eds/bin/gnu/h-x86_64-mingw32/bin/../lib/gcc/nios2-elf/5.3.0/mno-hw-mul\libgcc.a(extendsfdf2.o)
                              obj/default/main.o (__extendsfdf2)
c:/intelfpga_lite/18.1/nios2eds/bin/gnu/h-x86_64-mingw32/bin/../lib/gcc/nios2-elf/5.3.0/mno-hw-mul\libgcc.a(truncdfsf2.o)
                              obj/default/ransac.o (__truncdfsf2)
c:/intelfpga_lite/18.1/nios2eds/bin/gnu/h-x86_64-mingw32/bin/../lib/gcc/nios2-elf/5.3.0/mno-hw-mul\libgcc.a(_clzsi2.o)
                              c:/intelfpga_lite/18.1/nios2eds/bin/gnu/h-x86_64-mingw32/bin/../lib/gcc/nios2-elf/5.3.0/mno-hw-mul\libgcc.a(adddf3.o) (__clzsi2)
c:/intelfpga_lite/18.1/nios2eds/bin/gnu/h-x86_64-mingw32/bin/../lib/gcc/nios2-elf/5.3.0/mno-hw-mul\libgcc.a(_clz.o)
                              c:/intelfpga_lite/18.1/nios2eds/bin/gnu/h-x86_64-mingw32/bin/../lib/gcc/nios2-elf/5.3.0/mno-hw-mul\libgcc.a(_clzsi2.o) (__clz_tab)
../RansacSoftware_bsp//newlib/nios2-elf/lib\libc.a(lib_a-exit.o)
                              obj/default/main.o (exit)
../RansacSoftware_bsp//newlib/nios2-elf/lib\libc.a(lib_a-fclose.o)
                              obj/default/main.o (fclose)
../RansacSoftware_bsp//newlib/nios2-elf/lib\libc.a(lib_a-fflush.o)
                              ../RansacSoftware_bsp//newlib/nios2-elf/lib\libc.a(lib_a-fclose.o) (__sflush_r)
../RansacSoftware_bsp//newlib/nios2-elf/lib\libc.a(lib_a-findfp.o)
                              ../RansacSoftware_bsp//newlib/nios2-elf/lib\libc.a(lib_a-fclose.o) (__sinit)
../RansacSoftware_bsp//newlib/nios2-elf/lib\libc.a(lib_a-fopen.o)
                              obj/default/main.o (fopen)
../RansacSoftware_bsp//newlib/nios2-elf/lib\libc.a(lib_a-fprintf.o)
                              obj/default/main.o (fprintf)
../RansacSoftware_bsp//newlib/nios2-elf/lib\libc.a(lib_a-fputc.o)
                              obj/default/main.o (fputc)
../RansacSoftware_bsp//newlib/nios2-elf/lib\libc.a(lib_a-freer.o)
                              ../RansacSoftware_bsp//newlib/nios2-elf/lib\libc.a(lib_a-fclose.o) (_free_r)
../RansacSoftware_bsp//newlib/nios2-elf/lib\libc.a(lib_a-fscanf.o)
                              obj/default/main.o (fscanf)
../RansacSoftware_bsp//newlib/nios2-elf/lib\libc.a(lib_a-fseek.o)
                              ../RansacSoftware_bsp//newlib/nios2-elf/lib\libc.a(lib_a-fopen.o) (_fseek_r)
../RansacSoftware_bsp//newlib/nios2-elf/lib\libc.a(lib_a-fseeko.o)
                              ../RansacSoftware_bsp//newlib/nios2-elf/lib\libc.a(lib_a-fseek.o) (_fseeko_r)
../RansacSoftware_bsp//newlib/nios2-elf/lib\libc.a(lib_a-fstatr.o)
                              ../RansacSoftware_bsp//newlib/nios2-elf/lib\libc.a(lib_a-fseeko.o) (_fstat_r)
[...]
Memory Configuration

Name             Origin             Length             Attributes
MemoriaDados     0x0000000000000000 0x0000000000010000
reset            0x0000000000080000 0x0000000000000020
MemoriaPrograma  0x0000000000080020 0x0000000000031fe0
*default*        0x0000000000000000 0xffffffffffffffff

Linker script and memory map

LOAD ../RansacSoftware_bsp//obj/HAL/src/crt0.o
LOAD obj/default/main.o
LOAD obj/default/ransac.o
LOAD c:/intelfpga_lite/18.1/nios2eds/bin/gnu/h-x86_64-mingw32/bin/../lib/gcc/nios2-elf/5.3.0/../../../../../H-x86_64-mingw32/nios2-elf/lib/mno-hw-mul\libstdc++.a
LOAD ../RansacSoftware_bsp//newlib/nios2-elf/lib\libm.a
LOAD c:/intelfpga_lite/18.1/nios2eds/bin/gnu/h-x86_64-mingw32/bin/../lib/gcc/nios2-elf/5.3.0/mno-hw-mul\libgcc.a
START GROUP
LOAD ../RansacSoftware_bsp//newlib/nios2-elf/lib\libc.a
LOAD c:/intelfpga_lite/18.1/nios2eds/bin/gnu/h-x86_64-mingw32/bin/../lib/gcc/nios2-elf/5.3.0/mno-hw-mul\libgcc.a
LOAD ../RansacSoftware_bsp/\libhal_bsp.a
LOAD ../RansacSoftware_bsp//newlib/nios2-elf/lib\libm.a
END GROUP
LOAD c:/intelfpga_lite/18.1/nios2eds/bin/gnu/h-x86_64-mingw32/bin/../lib/gcc/nios2-elf/5.3.0/mno-hw-mul\libgcc.a
                0x0000000000000000                __alt_mem_MemoriaDados = 0x0
                0x0000000000080000                __alt_mem_MemoriaPrograma = 0x80000

.entry          0x0000000000080000       0x20
 *(.entry)
 .entry         0x0000000000080000       0x20 ../RansacSoftware_bsp//obj/HAL/src/crt0.o
                0x0000000000080000                __reset

.exceptions     0x0000000000080020      0x164
                0x0000000000080020                PROVIDE (__ram_exceptions_start, ABSOLUTE (.))
                0x0000000000080020                . = ALIGN (0x20)
 *(.irq)
 *(.exceptions.entry.label)
 .exceptions.entry.label
                0x0000000000080020        0x0 ../RansacSoftware_bsp/\libhal_bsp.a(alt_irq_entry.o)
                0x0000000000080020                alt_irq_entry
 .exceptions.entry.label
                0x0000000000080020        0x0 ../RansacSoftware_bsp/\libhal_bsp.a(alt_exception_entry.o)
                0x0000000000080020                alt_exception
 *(.exceptions.entry.user)
 *(.exceptions.entry.ecc_fatal)
 *(.exceptions.entry)
 .exceptions.entry
                0x0000000000080020       0x54 ../RansacSoftware_bsp/\libhal_bsp.a(alt_exception_entry.o)
 *(.exceptions.irqtest.user)
 *(.exceptions.irqtest)
 .exceptions.irqtest
                0x0000000000080074       0x10 ../RansacSoftware_bsp/\libhal_bsp.a(alt_irq_entry.o)
 *(.exceptions.irqhandler.user)
 *(.exceptions.irqhandler)
 .exceptions.irqhandler
                0x0000000000080084        0x4 ../RansacSoftware_bsp/\libhal_bsp.a(alt_irq_entry.o)
 *(.exceptions.irqreturn.user)
 *(.exceptions.irqreturn)
 .exceptions.irqreturn
                0x0000000000080088        0x4 ../RansacSoftware_bsp/\libhal_bsp.a(alt_irq_entry.o)
 *(.exceptions.notirq.label)
 .exceptions.notirq.label
                0x000000000008008c        0x0 ../RansacSoftware_bsp/\libhal_bsp.a(alt_irq_entry.o)
 *(.exceptions.notirq.user)
 *(.exceptions.notirq)
 .exceptions.notirq
                0x000000000008008c        0x8 ../RansacSoftware_bsp/\libhal_bsp.a(alt_exception_entry.o)
 *(.exceptions.soft.user)
 *(.exceptions.soft)
 *(.exceptions.unknown.user)
 *(.exceptions.unknown)
 .exceptions.unknown
                0x0000000000080094       0x14 ../RansacSoftware_bsp/\libhal_bsp.a(alt_exception_entry.o)
 *(.exceptions.exit.label)
 .exceptions.exit.label
                0x00000000000800a8        0x0 ../RansacSoftware_bsp/\libhal_bsp.a(alt_irq_entry.o)
 .exceptions.exit.label
                0x00000000000800a8        0x0 ../RansacSoftware_bsp/\libhal_bsp.a(alt_exception_entry.o)
 *(.exceptions.exit.user)
 *(.exceptions.exit)
 .exceptions.exit
                0x00000000000800a8       0x54 ../RansacSoftware_bsp/\libhal_bsp.a(alt_exception_entry.o)
 *(.exceptions)
 .exceptions    0x00000000000800fc       0x64 ../RansacSoftware_bsp/\libhal_bsp.a(alt_irq_handler.o)
                0x00000000000800fc                alt_irq_handler
 .exceptions    0x0000000000080160       0x24 ../RansacSoftware_bsp/\libhal_bsp.a(alt_instruction_exception_entry.o)
                0x0000000000080160                alt_instruction_exception_entry
                0x0000000000080184                PROVIDE (__ram_exceptions_end, ABSOLUTE (.))
                0x0000000000080020                PROVIDE (__flash_exceptions_start, LOADADDR (.exceptions))

.text           0x0000000000080184    0x19d98
                [!provide]                        PROVIDE (stext, ABSOLUTE (.))
 *(.interp)
 *(.hash)
 *(.dynsym)
 *(.dynstr)
 *(.gnu.version)
 *(.gnu.version_d)
 *(.gnu.version_r)
 *(.rel.init)
 *(.rela.init)
 *(.rel.text .rel.text.* .rel.gnu.linkonce.t.*)
 *(.rela.text .rela.text.* .rela.gnu.linkonce.t.*)
 *(.rel.fini)
 *(.rela.fini)
 *(.rel.rodata .rel.rodata.* .rel.gnu.linkonce.r.*)
 *(.rela.rodata .rela.rodata.* .rela.gnu.linkonce.r.*)
 *(.rel.data .rel.data.* .rel.gnu.linkonce.d.*)
 *(.rela.data .rela.data.* .rela.gnu.linkonce.d.*)
 *(.rel.tdata .rel.tdata.* .rel.gnu.linkonce.td.*)
 *(.rela.tdata .rela.tdata.* .rela.gnu.linkonce.td.*)
 *(.rel.tbss .rel.tbss.* .rel.gnu.linkonce.tb.*)
 *(.rela.tbss .rela.tbss.* .rela.gnu.linkonce.tb.*)
 *(.rel.ctors)
 *(.rela.ctors)
 *(.rel.dtors)
 *(.rela.dtors)
 *(.rel.got)
 *(.rela.got)
 *(.rel.sdata .rel.sdata.* .rel.gnu.linkonce.s.*)
 *(.rela.sdata .rela.sdata.* .rela.gnu.linkonce.s.*)
 *(.rel.sbss .rel.sbss.* .rel.gnu.linkonce.sb.*)
 *(.rela.sbss .rela.sbss.* .rela.gnu.linkonce.sb.*)
 *(.rel.sdata2 .rel.sdata2.* .rel.gnu.linkonce.s2.*)
 *(.rela.sdata2 .rela.sdata2.* .rela.gnu.linkonce.s2.*)
 *(.rel.sbss2 .rel.sbss2.* .rel.gnu.linkonce.sb2.*)
 *(.rela.sbss2 .rela.sbss2.* .rela.gnu.linkonce.sb2.*)
 *(.rel.bss .rel.bss.* .rel.gnu.linkonce.b.*)
 *(.rela.bss .rela.bss.* .rela.gnu.linkonce.b.*)
 *(.rel.plt)
 *(.rela.plt)
 *(.rel.dyn)
 *(.init)
 *(.plt)
 *(.text .stub .text.* .gnu.linkonce.t.*)
 .text          0x0000000000080184       0x3c ../RansacSoftware_bsp//obj/HAL/src/crt0.o
                0x0000000000080184                _start
 .text          0x00000000000801c0      0x54c obj/default/main.o
                0x00000000000801c0                main
 .text          0x000000000008070c      0xf70 obj/default/ransac.o
                0x000000000008070c                square_root
                0x00000000000807dc                calculateIntersection
                0x00000000000808c0                getAngleFromModel
                0x0000000000080974                leastSquare
                0x0000000000080ba4                coefficientOfDetermination
                0x0000000000080d04                inliersOutliersMemory
                0x0000000000080f04                inliersOutliers
                0x00000000000810f4                checkModel
                0x00000000000812d4                squareDistanceBetweenPoints
                0x00000000000813a4                RANSAC
 .text          0x000000000008167c        0x0 ../RansacSoftware_bsp//newlib/nios2-elf/lib\libm.a(lib_a-s_atan.o)
 .text.atan     0x000000000008167c      0x588 ../RansacSoftware_bsp//newlib/nios2-elf/lib\libm.a(lib_a-s_atan.o)
                0x000000000008167c                atan
 .text          0x0000000000081c04        0x0 ../RansacSoftware_bsp//newlib/nios2-elf/lib\libm.a(lib_a-s_fabs.o)
 .text.fabs     0x0000000000081c04       0x14 ../RansacSoftware_bsp//newlib/nios2-elf/lib\libm.a(lib_a-s_fabs.o)
                0x0000000000081c04                fabs
 .text          0x0000000000081c18      0x1b4 c:/intelfpga_lite/18.1/nios2eds/bin/gnu/h-x86_64-mingw32/bin/../lib/gcc/nios2-elf/5.3.0/mno-hw-mul\libgcc.a(lib2-divmod.o)
                0x0000000000081c18                __divsi3
                0x0000000000081c9c                __modsi3
                0x0000000000081d10                __udivsi3
                0x0000000000081d74                __umodsi3
 .text          0x0000000000081dcc       0x28 c:/intelfpga_lite/18.1/nios2eds/bin/gnu/h-x86_64-mingw32/bin/../lib/gcc/nios2-elf/5.3.0/mno-hw-mul\libgcc.a(lib2-mul.o)
                0x0000000000081dcc                __mulsi3
 .text          0x0000000000081df4      0x8ac c:/intelfpga_lite/18.1/nios2eds/bin/gnu/h-x86_64-mingw32/bin/../lib/gcc/nios2-elf/5.3.0/mno-hw-mul\libgcc.a(adddf3.o)
                0x0000000000081df4                __adddf3
 .text          0x00000000000826a0      0x9d0 c:/intelfpga_lite/18.1/nios2eds/bin/gnu/h-x86_64-mingw32/bin/../lib/gcc/nios2-elf/5.3.0/mno-hw-mul\libgcc.a(divdf3.o)
                0x00000000000826a0                __divdf3
 .text          0x0000000000083070       0xdc c:/intelfpga_lite/18.1/nios2eds/bin/gnu/h-x86_64-mingw32/bin/../lib/gcc/nios2-elf/5.3.0/mno-hw-mul\libgcc.a(gedf2.o)
                0x0000000000083070                __gedf2
                0x0000000000083070                __gtdf2
 .text          0x000000000008314c       0xf4 c:/intelfpga_lite/18.1/nios2eds/bin/gnu/h-x86_64-mingw32/bin/../lib/gcc/nios2-elf/5.3.0/mno-hw-mul\libgcc.a(ledf2.o)
                0x000000000008314c                __ledf2
                0x000000000008314c                __ltdf2
 .text          0x0000000000083240      0x86c c:/intelfpga_lite/18.1/nios2eds/bin/gnu/h-x86_64-mingw32/bin/../lib/gcc/nios2-elf/5.3.0/mno-hw-mul\libgcc.a(muldf3.o)
                0x0000000000083240                __muldf3
 .text          0x0000000000083aac      0x8fc c:/intelfpga_lite/18.1/nios2eds/bin/gnu/h-x86_64-mingw32/bin/../lib/gcc/nios2-elf/5.3.0/mno-hw-mul\libgcc.a(subdf3.o)
                0x0000000000083aac                __subdf3
 .text          0x00000000000843a8       0x80 c:/intelfpga_lite/18.1/nios2eds/bin/gnu/h-x86_64-mingw32/bin/../lib/gcc/nios2-elf/5.3.0/mno-hw-mul\libgcc.a(fixdfsi.o)
                0x00000000000843a8                __fixdfsi
 .text          0x0000000000084428       0xdc c:/intelfpga_lite/18.1/nios2eds/bin/gnu/h-x86_64-mingw32/bin/../lib/gcc/nios2-elf/5.3.0/mno-hw-mul\libgcc.a(floatsidf.o)
                0x0000000000084428                __floatsidf
 .text          0x0000000000084504      0x110 c:/intelfpga_lite/18.1/nios2eds/bin/gnu/h-x86_64-mingw32/bin/../lib/gcc/nios2-elf/5.3.0/mno-hw-mul\libgcc.a(extendsfdf2.o)
                0x0000000000084504                __extendsfdf2
 .text          0x0000000000084614      0x1a8 c:/intelfpga_lite/18.1/nios2eds/bin/gnu/h-x86_64-mingw32/bin/../lib/gcc/nios2-elf/5.3.0/mno-hw-mul\libgcc.a(truncdfsf2.o)
                0x0000000000084614                __truncdfsf2
 .text          0x00000000000847bc       0x64 c:/intelfpga_lite/18.1/nios2eds/bin/gnu/h-x86_64-mingw32/bin/../lib/gcc/nios2-elf/5.3.0/mno-hw-mul\libgcc.a(_clzsi2.o)
                0x00000000000847bc                __clzsi2
 .text          0x0000000000084820        0x0 c:/intelfpga_lite/18.1/nios2eds/bin/gnu/h-x86_64-mingw32/bin/../lib/gcc/nios2-elf/5.3.0/mno-hw-mul\libgcc.a(_clz.o)
 .text          0x0000000000084820        0x0 ../RansacSoftware_bsp//newlib/nios2-elf/lib\libc.a(lib_a-exit.o)
 .text.exit     0x0000000000084820       0x30 ../RansacSoftware_bsp//newlib/nios2-elf/lib\libc.a(lib_a-exit.o)
                0x0000000000084820                exit
 .text          0x0000000000084850        0x0 ../RansacSoftware_bsp//newlib/nios2-elf/lib\libc.a(lib_a-fclose.o)
 .text._fclose_r
                0x0000000000084850       0xf0 ../RansacSoftware_bsp//newlib/nios2-elf/lib\libc.a(lib_a-fclose.o)
                0x0000000000084850                _fclose_r
 .text.fclose   0x0000000000084940        0xc ../RansacSoftware_bsp//newlib/nios2-elf/lib\libc.a(lib_a-fclose.o)
                0x0000000000084940                fclose
 .text          0x000000000008494c        0x0 ../RansacSoftware_bsp//newlib/nios2-elf/lib\libc.a(lib_a-fflush.o)
 .text.__sflush_r
                0x000000000008494c      0x21c ../RansacSoftware_bsp//newlib/nios2-elf/lib\libc.a(lib_a-fflush.o)
                0x000000000008494c                __sflush_r
 .text._fflush_r
                0x0000000000084b68       0x5c ../RansacSoftware_bsp//newlib/nios2-elf/lib\libc.a(lib_a-fflush.o)
                0x0000000000084b68                _fflush_r
 .text.fflush   0x0000000000084bc4       0x20 ../RansacSoftware_bsp//newlib/nios2-elf/lib\libc.a(lib_a-fflush.o)
                0x0000000000084bc4                fflush
 .text          0x0000000000084be4        0x0 ../RansacSoftware_bsp//newlib/nios2-elf/lib\libc.a(lib_a-findfp.o)
 .text.__fp_unlock
                0x0000000000084be4        0x8 ../RansacSoftware_bsp//newlib/nios2-elf/lib\libc.a(lib_a-findfp.o)
 .text._cleanup_r
                0x0000000000084bec        0xc ../RansacSoftware_bsp//newlib/nios2-elf/lib\libc.a(lib_a-findfp.o)
                0x0000000000084bec                _cleanup_r
 .text.__sinit.part.1
                0x0000000000084bf8      0x19c ../RansacSoftware_bsp//newlib/nios2-elf/lib\libc.a(lib_a-findfp.o)
 .text.__fp_lock
                0x0000000000084d94        0x8 ../RansacSoftware_bsp//newlib/nios2-elf/lib\libc.a(lib_a-findfp.o)
 .text.__sfmoreglue
                0x0000000000084d9c       0x78 ../RansacSoftware_bsp//newlib/nios2-elf/lib\libc.a(lib_a-findfp.o)
                0x0000000000084d9c                __sfmoreglue
 .text.__sfp    0x0000000000084e14      0x114 ../RansacSoftware_bsp//newlib/nios2-elf/lib\libc.a(lib_a-findfp.o)
                0x0000000000084e14                __sfp
 .text._cleanup
                0x0000000000084f28       0x10 ../RansacSoftware_bsp//newlib/nios2-elf/lib\libc.a(lib_a-findfp.o)
                0x0000000000084f28                _cleanup
 .text.__sinit  0x0000000000084f38       0x10 ../RansacSoftware_bsp//newlib/nios2-elf/lib\libc.a(lib_a-findfp.o)
                0x0000000000084f38                __sinit
 .text.__sfp_lock_acquire
                0x0000000000084f48        0x4 ../RansacSoftware_bsp//newlib/nios2-elf/lib\libc.a(lib_a-findfp.o)
                0x0000000000084f48                __sfp_lock_acquire
 .text.__sfp_lock_release
                0x0000000000084f4c        0x4 ../RansacSoftware_bsp//newlib/nios2-elf/lib\libc.a(lib_a-findfp.o)
                0x0000000000084f4c                __sfp_lock_release
 .text.__sinit_lock_acquire
                0x0000000000084f50        0x4 ../RansacSoftware_bsp//newlib/nios2-elf/lib\libc.a(lib_a-findfp.o)
                0x0000000000084f50                __sinit_lock_acquire
 .text.__sinit_lock_release
                0x0000000000084f54        0x4 ../RansacSoftware_bsp//newlib/nios2-elf/lib\libc.a(lib_a-findfp.o)
                0x0000000000084f54                __sinit_lock_release
 .text.__fp_lock_all
                0x0000000000084f58       0x10 ../RansacSoftware_bsp//newlib/nios2-elf/lib\libc.a(lib_a-findfp.o)
                0x0000000000084f58                __fp_lock_all
 .text.__fp_unlock_all
                0x0000000000084f68       0x10 ../RansacSoftware_bsp//newlib/nios2-elf/lib\libc.a(lib_a-findfp.o)
                0x0000000000084f68                __fp_unlock_all
 .text          0x0000000000084f78        0x0 ../RansacSoftware_bsp//newlib/nios2-elf/lib\libc.a(lib_a-fopen.o)
 .text._fopen_r
                0x0000000000084f78       0xf4 ../RansacSoftware_bsp//newlib/nios2-elf/lib\libc.a(lib_a-fopen.o)
                0x0000000000084f78                _fopen_r
 .text.fopen    0x000000000008506c       0x10 ../RansacSoftware_bsp//newlib/nios2-elf/lib\libc.a(lib_a-fopen.o)
                0x000000000008506c                fopen
 .text          0x000000000008507c        0x0 ../RansacSoftware_bsp//newlib/nios2-elf/lib\libc.a(lib_a-fprintf.o)
 .text._fprintf_r
                0x000000000008507c       0x28 ../RansacSoftware_bsp//newlib/nios2-elf/lib\libc.a(lib_a-fprintf.o)
                0x000000000008507c                _fprintf_r
 .text.fprintf  0x00000000000850a4       0x24 ../RansacSoftware_bsp//newlib/nios2-elf/lib\libc.a(lib_a-fprintf.o)
                0x00000000000850a4                fprintf
 .text          0x00000000000850c8        0x0 ../RansacSoftware_bsp//newlib/nios2-elf/lib\libc.a(lib_a-fputc.o)
 .text._fputc_r
                0x00000000000850c8       0x44 ../RansacSoftware_bsp//newlib/nios2-elf/lib\libc.a(lib_a-fputc.o)
                0x00000000000850c8                _fputc_r
 .text.fputc    0x000000000008510c       0x54 ../RansacSoftware_bsp//newlib/nios2-elf/lib\libc.a(lib_a-fputc.o)
                0x000000000008510c                fputc
 .text          0x0000000000085160        0x0 ../RansacSoftware_bsp//newlib/nios2-elf/lib\libc.a(lib_a-freer.o)
 .text._malloc_trim_r
                0x0000000000085160      0x11c ../RansacSoftware_bsp//newlib/nios2-elf/lib\libc.a(lib_a-freer.o)
                0x0000000000085160                _malloc_trim_r
 .text._free_r  0x000000000008527c      0x300 ../RansacSoftware_bsp//newlib/nios2-elf/lib\libc.a(lib_a-freer.o)
                0x000000000008527c                _free_r
 .text          0x000000000008557c        0x0 ../RansacSoftware_bsp//newlib/nios2-elf/lib\libc.a(lib_a-fscanf.o)
 .text.fscanf   0x000000000008557c       0x34 ../RansacSoftware_bsp//newlib/nios2-elf/lib\libc.a(lib_a-fscanf.o)
                0x000000000008557c                fscanf
 .text._fscanf_r
                0x00000000000855b0       0x20 ../RansacSoftware_bsp//newlib/nios2-elf/lib\libc.a(lib_a-fscanf.o)
                0x00000000000855b0                _fscanf_r
 .text          0x00000000000855d0        0x0 ../RansacSoftware_bsp//newlib/nios2-elf/lib\libc.a(lib_a-fseek.o)
 .text._fseek_r
                0x00000000000855d0        0x4 ../RansacSoftware_bsp//newlib/nios2-elf/lib\libc.a(lib_a-fseek.o)
                0x00000000000855d0                _fseek_r
 .text.fseek    0x00000000000855d4       0x14 ../RansacSoftware_bsp//newlib/nios2-elf/lib\libc.a(lib_a-fseek.o)
                0x00000000000855d4                fseek
 .text          0x00000000000855e8        0x0 ../RansacSoftware_bsp//newlib/nios2-elf/lib\libc.a(lib_a-fseeko.o)
 .text._fseeko_r
                0x00000000000855e8      0x444 ../RansacSoftware_bsp//newlib/nios2-elf/lib\libc.a(lib_a-fseeko.o)
                0x00000000000855e8                _fseeko_r
 .text.fseeko   0x0000000000085a2c       0x14 ../RansacSoftware_bsp//newlib/nios2-elf/lib\libc.a(lib_a-fseeko.o)
                0x0000000000085a2c                fseeko
 .text          0x0000000000085a40        0x0 ../RansacSoftware_bsp//newlib/nios2-elf/lib\libc.a(lib_a-fstatr.o)
 .text._fstat_r
                0x0000000000085a40       0x58 ../RansacSoftware_bsp//newlib/nios2-elf/lib\libc.a(lib_a-fstatr.o)
                0x0000000000085a40                _fstat_r
 .text          0x0000000000085a98        0x0 ../RansacSoftware_bsp//newlib/nios2-elf/lib\libc.a(lib_a-fwalk.o)
 .text._fwalk   0x0000000000085a98       0xc4 ../RansacSoftware_bsp//newlib/nios2-elf/lib\libc.a(lib_a-fwalk.o)
                0x0000000000085a98                _fwalk
 .text._fwalk_reent
                0x0000000000085b5c       0xc4 ../RansacSoftware_bsp//newlib/nios2-elf/lib\libc.a(lib_a-fwalk.o)
                0x0000000000085b5c                _fwalk_reent
 .text          0x0000000000085c20        0x0 ../RansacSoftware_bsp//newlib/nios2-elf/lib\libc.a(lib_a-fwrite.o)
 .text._fwrite_r
                0x0000000000085c20       0xdc ../RansacSoftware_bsp//newlib/nios2-elf/lib\libc.a(lib_a-fwrite.o)
                0x0000000000085c20                _fwrite_r
 .text.fwrite   0x0000000000085cfc       0x2c ../RansacSoftware_bsp//newlib/nios2-elf/lib\libc.a(lib_a-fwrite.o)
                0x0000000000085cfc                fwrite
 .text          0x0000000000085d28        0x0 ../RansacSoftware_bsp//newlib/nios2-elf/lib\libc.a(lib_a-impure.o)
 .text          0x0000000000085d28        0x0 ../RansacSoftware_bsp//newlib/nios2-elf/lib\libc.a(lib_a-int_errno.o)
 .text          0x0000000000085d28        0x0 ../RansacSoftware_bsp//newlib/nios2-elf/lib\libc.a(lib_a-makebuf.o)
 .text.__smakebuf_r
                0x0000000000085d28      0x1bc ../RansacSoftware_bsp//newlib/nios2-elf/lib\libc.a(lib_a-makebuf.o)
                0x0000000000085d28                __smakebuf_r
 .text          0x0000000000085ee4        0x0 ../RansacSoftware_bsp//newlib/nios2-elf/lib\libc.a(lib_a-mallocr.o)
 .text._malloc_r
                0x0000000000085ee4      0x7dc ../RansacSoftware_bsp//newlib/nios2-elf/lib\libc.a(lib_a-mallocr.o)
                0x0000000000085ee4                _malloc_r
 .text          0x00000000000866c0        0x0 ../RansacSoftware_bsp//newlib/nios2-elf/lib\libc.a(lib_a-memset.o)
 .text.memset   0x00000000000866c0      0x128 ../RansacSoftware_bsp//newlib/nios2-elf/lib\libc.a(lib_a-memset.o)
                0x00000000000866c0                memset
 .text          0x00000000000867e8        0x0 ../RansacSoftware_bsp//newlib/nios2-elf/lib\libc.a(lib_a-openr.o)
 .text._open_r  0x00000000000867e8       0x5c ../RansacSoftware_bsp//newlib/nios2-elf/lib\libc.a(lib_a-openr.o)
                0x00000000000867e8                _open_r
 .text          0x0000000000086844        0x0 ../RansacSoftware_bsp//newlib/nios2-elf/lib\libc.a(lib_a-putc.o)
 .text._putc_r  0x0000000000086844       0xa0 ../RansacSoftware_bsp//newlib/nios2-elf/lib\libc.a(lib_a-putc.o)
                0x0000000000086844                _putc_r
 .text.putc     0x00000000000868e4       0xc0 ../RansacSoftware_bsp//newlib/nios2-elf/lib\libc.a(lib_a-putc.o)
                0x00000000000868e4                putc
 .text          0x00000000000869a4        0x0 ../RansacSoftware_bsp//newlib/nios2-elf/lib\libc.a(lib_a-puts.o)
 .text._puts_r  0x00000000000869a4       0xc0 ../RansacSoftware_bsp//newlib/nios2-elf/lib\libc.a(lib_a-puts.o)
                0x00000000000869a4                _puts_r
 .text.puts     0x0000000000086a64        0xc ../RansacSoftware_bsp//newlib/nios2-elf/lib\libc.a(lib_a-puts.o)
                0x0000000000086a64                puts
 .text          0x0000000000086a70        0x0 ../RansacSoftware_bsp//newlib/nios2-elf/lib\libc.a(lib_a-rand.o)
 .text.srand    0x0000000000086a70       0x10 ../RansacSoftware_bsp//newlib/nios2-elf/lib\libc.a(lib_a-rand.o)
                0x0000000000086a70                srand
 .text.rand     0x0000000000086a80       0x5c ../RansacSoftware_bsp//newlib/nios2-elf/lib\libc.a(lib_a-rand.o)
                0x0000000000086a80                rand
 .text          0x0000000000086adc        0x0 ../RansacSoftware_bsp//newlib/nios2-elf/lib\libc.a(lib_a-refill.o)
 .text.lflush   0x0000000000086adc       0x1c ../RansacSoftware_bsp//newlib/nios2-elf/lib\libc.a(lib_a-refill.o)
 .text.__srefill_r
                0x0000000000086af8      0x1cc ../RansacSoftware_bsp//newlib/nios2-elf/lib\libc.a(lib_a-refill.o)
                0x0000000000086af8                __srefill_r
 .text          0x0000000000086cc4        0x0 ../RansacSoftware_bsp//newlib/nios2-elf/lib\libc.a(lib_a-sbrkr.o)
 .text._sbrk_r  0x0000000000086cc4       0x50 ../RansacSoftware_bsp//newlib/nios2-elf/lib\libc.a(lib_a-sbrkr.o)
                0x0000000000086cc4                _sbrk_r
 .text          0x0000000000086d14        0x0 ../RansacSoftware_bsp//newlib/nios2-elf/lib\libc.a(lib_a-stdio.o)
 .text.__sread  0x0000000000086d14       0x54 ../RansacSoftware_bsp//newlib/nios2-elf/lib\libc.a(lib_a-stdio.o)
                0x0000000000086d14                __sread
 .text.__seofread
                0x0000000000086d68        0x8 ../RansacSoftware_bsp//newlib/nios2-elf/lib\libc.a(lib_a-stdio.o)
                0x0000000000086d68                __seofread
 .text.__swrite
                0x0000000000086d70       0x7c ../RansacSoftware_bsp//newlib/nios2-elf/lib\libc.a(lib_a-stdio.o)
                0x0000000000086d70                __swrite
 .text.__sseek  0x0000000000086dec       0x5c ../RansacSoftware_bsp//newlib/nios2-elf/lib\libc.a(lib_a-stdio.o)
                0x0000000000086dec                __sseek
 .text.__sclose
                0x0000000000086e48        0x8 ../RansacSoftware_bsp//newlib/nios2-elf/lib\libc.a(lib_a-stdio.o)
                0x0000000000086e48                __sclose
 .text          0x0000000000086e50        0x0 ../RansacSoftware_bsp//newlib/nios2-elf/lib\libc.a(lib_a-strlen.o)
 .text.strlen   0x0000000000086e50       0x98 ../RansacSoftware_bsp//newlib/nios2-elf/lib\libc.a(lib_a-strlen.o)
                0x0000000000086e50                strlen
 .text          0x0000000000086ee8        0x0 ../RansacSoftware_bsp//newlib/nios2-elf/lib\libc.a(lib_a-vfprintf.o)
 .text.___vfprintf_internal_r
                0x0000000000086ee8     0x22dc ../RansacSoftware_bsp//newlib/nios2-elf/lib\libc.a(lib_a-vfprintf.o)
                0x0000000000086ee8                ___vfprintf_internal_r
 .text.__vfprintf_internal
                0x00000000000891c4       0x14 ../RansacSoftware_bsp//newlib/nios2-elf/lib\libc.a(lib_a-vfprintf.o)
                0x00000000000891c4                __vfprintf_internal
 .text.__sbprintf
                0x00000000000891d8       0xbc ../RansacSoftware_bsp//newlib/nios2-elf/lib\libc.a(lib_a-vfprintf.o)
 .text          0x0000000000089294        0x0 ../RansacSoftware_bsp//newlib/nios2-elf/lib\libc.a(lib_a-vfscanf.o)
 .text.__svfscanf_r
                0x0000000000089294     0x1938 ../RansacSoftware_bsp//newlib/nios2-elf/lib\libc.a(lib_a-vfscanf.o)
                0x0000000000089294                __svfscanf_r
 .text.vfscanf  0x000000000008abcc       0x60 ../RansacSoftware_bsp//newlib/nios2-elf/lib\libc.a(lib_a-vfscanf.o)
                0x000000000008abcc                vfscanf
 .text.__svfscanf
                0x000000000008ac2c       0x14 ../RansacSoftware_bsp//newlib/nios2-elf/lib\libc.a(lib_a-vfscanf.o)
                0x000000000008ac2c                __svfscanf
 .text._vfscanf_r
                0x000000000008ac40       0x4c ../RansacSoftware_bsp//newlib/nios2-elf/lib\libc.a(lib_a-vfscanf.o)
                0x000000000008ac40                _vfscanf_r
 .text          0x000000000008ac8c        0x0 ../RansacSoftware_bsp//newlib/nios2-elf/lib\libc.a(lib_a-wbuf.o)
 .text.__swbuf_r
                0x000000000008ac8c      0x140 ../RansacSoftware_bsp//newlib/nios2-elf/lib\libc.a(lib_a-wbuf.o)
                0x000000000008ac8c                __swbuf_r
 .text.__swbuf  0x000000000008adcc       0x10 ../RansacSoftware_bsp//newlib/nios2-elf/lib\libc.a(lib_a-wbuf.o)
                0x000000000008adcc                __swbuf
 .text          0x000000000008addc        0x0 ../RansacSoftware_bsp//newlib/nios2-elf/lib\libc.a(lib_a-writer.o)
 .text._write_r
                0x000000000008addc       0x5c ../RansacSoftware_bsp//newlib/nios2-elf/lib\libc.a(lib_a-writer.o)
                0x000000000008addc                _write_r
 .text          0x000000000008ae38        0x0 ../RansacSoftware_bsp//newlib/nios2-elf/lib\libc.a(lib_a-wsetup.o)
 .text.__swsetup_r
                0x000000000008ae38      0x150 ../RansacSoftware_bsp//newlib/nios2-elf/lib\libc.a(lib_a-wsetup.o)
                0x000000000008ae38                __swsetup_r
 .text          0x000000000008af88        0x0 ../RansacSoftware_bsp//newlib/nios2-elf/lib\libc.a(closer.o)
 .text._close_r
                0x000000000008af88       0x50 ../RansacSoftware_bsp//newlib/nios2-elf/lib\libc.a(closer.o)
                0x000000000008af88                _close_r
 .text          0x000000000008afd8        0x0 ../RansacSoftware_bsp//newlib/nios2-elf/lib\libc.a(lib_a-__call_atexit.o)
 .text.__call_exitprocs
                0x000000000008afd8      0x178 ../RansacSoftware_bsp//newlib/nios2-elf/lib\libc.a(lib_a-__call_atexit.o)
                0x000000000008afd8                __call_exitprocs
 .text          0x000000000008b150        0x0 ../RansacSoftware_bsp//newlib/nios2-elf/lib\libc.a(lib_a-ctype_.o)
 .text          0x000000000008b150        0x0 ../RansacSoftware_bsp//newlib/nios2-elf/lib\libc.a(lib_a-dtoa.o)
 .text.quorem   0x000000000008b150      0x228 ../RansacSoftware_bsp//newlib/nios2-elf/lib\libc.a(lib_a-dtoa.o)
 .text._dtoa_r  0x000000000008b378     0x1688 ../RansacSoftware_bsp//newlib/nios2-elf/lib\libc.a(lib_a-dtoa.o)
                0x000000000008b378                _dtoa_r
 .text          0x000000000008ca00        0x0 ../RansacSoftware_bsp//newlib/nios2-elf/lib\libc.a(lib_a-flags.o)
 .text.__sflags
                0x000000000008ca00       0xac ../RansacSoftware_bsp//newlib/nios2-elf/lib\libc.a(lib_a-flags.o)
                0x000000000008ca00                __sflags
 .text          0x000000000008caac        0x0 ../RansacSoftware_bsp//newlib/nios2-elf/lib\libc.a(lib_a-fread.o)
 .text._fread_r
                0x000000000008caac      0x23c ../RansacSoftware_bsp//newlib/nios2-elf/lib\libc.a(lib_a-fread.o)
                0x000000000008caac                _fread_r
 .text.fread    0x000000000008cce8       0x2c ../RansacSoftware_bsp//newlib/nios2-elf/lib\libc.a(lib_a-fread.o)
                0x000000000008cce8                fread
 .text          0x000000000008cd14        0x0 ../RansacSoftware_bsp//newlib/nios2-elf/lib\libc.a(lib_a-fvwrite.o)
 .text.__sfvwrite_r
                0x000000000008cd14      0x4c8 ../RansacSoftware_bsp//newlib/nios2-elf/lib\libc.a(lib_a-fvwrite.o)
                0x000000000008cd14                __sfvwrite_r
 .text          0x000000000008d1dc        0x0 ../RansacSoftware_bsp//newlib/nios2-elf/lib\libc.a(lib_a-isattyr.o)
 .text._isatty_r
                0x000000000008d1dc       0x50 ../RansacSoftware_bsp//newlib/nios2-elf/lib\libc.a(lib_a-isattyr.o)
                0x000000000008d1dc                _isatty_r
 .text          0x000000000008d22c        0x0 ../RansacSoftware_bsp//newlib/nios2-elf/lib\libc.a(lib_a-iswspace.o)
 .text.iswspace
                0x000000000008d22c       0x28 ../RansacSoftware_bsp//newlib/nios2-elf/lib\libc.a(lib_a-iswspace.o)
                0x000000000008d22c                iswspace
 .text          0x000000000008d254        0x0 ../RansacSoftware_bsp//newlib/nios2-elf/lib\libc.a(lib_a-locale.o)
 .text._setlocale_r
                0x000000000008d254       0x7c ../RansacSoftware_bsp//newlib/nios2-elf/lib\libc.a(lib_a-locale.o)
                0x000000000008d254                _setlocale_r
 .text.__locale_charset
                0x000000000008d2d0        0xc ../RansacSoftware_bsp//newlib/nios2-elf/lib\libc.a(lib_a-locale.o)
                0x000000000008d2d0                __locale_charset
 .text.__locale_mb_cur_max
                0x000000000008d2dc        0x8 ../RansacSoftware_bsp//newlib/nios2-elf/lib\libc.a(lib_a-locale.o)
                0x000000000008d2dc                __locale_mb_cur_max
 .text.__locale_msgcharset
                0x000000000008d2e4        0xc ../RansacSoftware_bsp//newlib/nios2-elf/lib\libc.a(lib_a-locale.o)
                0x000000000008d2e4                __locale_msgcharset
 .text.__locale_cjk_lang
                0x000000000008d2f0        0x8 ../RansacSoftware_bsp//newlib/nios2-elf/lib\libc.a(lib_a-locale.o)
                0x000000000008d2f0                __locale_cjk_lang
 .text._localeconv_r
                0x000000000008d2f8        0xc ../RansacSoftware_bsp//newlib/nios2-elf/lib\libc.a(lib_a-locale.o)
                0x000000000008d2f8                _localeconv_r
 .text.setlocale
                0x000000000008d304       0x10 ../RansacSoftware_bsp//newlib/nios2-elf/lib\libc.a(lib_a-locale.o)
                0x000000000008d304                setlocale
 .text.localeconv
                0x000000000008d314        0xc ../RansacSoftware_bsp//newlib/nios2-elf/lib\libc.a(lib_a-locale.o)
                0x000000000008d314                localeconv
 .text          0x000000000008d320        0x0 ../RansacSoftware_bsp//newlib/nios2-elf/lib\libc.a(lib_a-lseekr.o)
 .text._lseek_r
                0x000000000008d320       0x5c ../RansacSoftware_bsp//newlib/nios2-elf/lib\libc.a(lib_a-lseekr.o)
                0x000000000008d320                _lseek_r
 .text          0x000000000008d37c        0x0 ../RansacSoftware_bsp//newlib/nios2-elf/lib\libc.a(lib_a-mbrtowc.o)
 .text._mbrtowc_r
                0x000000000008d37c       0xa4 ../RansacSoftware_bsp//newlib/nios2-elf/lib\libc.a(lib_a-mbrtowc.o)
                0x000000000008d37c                _mbrtowc_r
 .text.mbrtowc  0x000000000008d420       0xc0 ../RansacSoftware_bsp//newlib/nios2-elf/lib\libc.a(lib_a-mbrtowc.o)
                0x000000000008d420                mbrtowc
 .text          0x000000000008d4e0        0x0 ../RansacSoftware_bsp//newlib/nios2-elf/lib\libc.a(lib_a-mbtowc_r.o)
 .text.__ascii_mbtowc
                0x000000000008d4e0       0x44 ../RansacSoftware_bsp//newlib/nios2-elf/lib\libc.a(lib_a-mbtowc_r.o)
                0x000000000008d4e0                __ascii_mbtowc
 .text._mbtowc_r
                0x000000000008d524       0x54 ../RansacSoftware_bsp//newlib/nios2-elf/lib\libc.a(lib_a-mbtowc_r.o)
                0x000000000008d524                _mbtowc_r
 .text          0x000000000008d578        0x0 ../RansacSoftware_bsp//newlib/nios2-elf/lib\libc.a(lib_a-memchr.o)
 .text.memchr   0x000000000008d578       0xe4 ../RansacSoftware_bsp//newlib/nios2-elf/lib\libc.a(lib_a-memchr.o)
                0x000000000008d578                memchr
 .text          0x000000000008d65c        0x0 ../RansacSoftware_bsp//newlib/nios2-elf/lib\libc.a(lib_a-memcpy.o)
 .text.memcpy   0x000000000008d65c      0x148 ../RansacSoftware_bsp//newlib/nios2-elf/lib\libc.a(lib_a-memcpy.o)
                0x000000000008d65c                memcpy
 .text          0x000000000008d7a4        0x0 ../RansacSoftware_bsp//newlib/nios2-elf/lib\libc.a(lib_a-memmove.o)
 .text.memmove  0x000000000008d7a4      0x15c ../RansacSoftware_bsp//newlib/nios2-elf/lib\libc.a(lib_a-memmove.o)
                0x000000000008d7a4                memmove
 .text          0x000000000008d900        0x0 ../RansacSoftware_bsp//newlib/nios2-elf/lib\libc.a(lib_a-mprec.o)
 .text._Balloc  0x000000000008d900       0xa8 ../RansacSoftware_bsp//newlib/nios2-elf/lib\libc.a(lib_a-mprec.o)
                0x000000000008d900                _Balloc
 .text._Bfree   0x000000000008d9a8       0x28 ../RansacSoftware_bsp//newlib/nios2-elf/lib\libc.a(lib_a-mprec.o)
                0x000000000008d9a8                _Bfree
 .text.__multadd
                0x000000000008d9d0      0x148 ../RansacSoftware_bsp//newlib/nios2-elf/lib\libc.a(lib_a-mprec.o)
                0x000000000008d9d0                __multadd
 .text.__s2b    0x000000000008db18      0x104 ../RansacSoftware_bsp//newlib/nios2-elf/lib\libc.a(lib_a-mprec.o)
                0x000000000008db18                __s2b
 .text.__hi0bits
                0x000000000008dc1c       0x68 ../RansacSoftware_bsp//newlib/nios2-elf/lib\libc.a(lib_a-mprec.o)
                0x000000000008dc1c                __hi0bits
 .text.__lo0bits
                0x000000000008dc84       0xb0 ../RansacSoftware_bsp//newlib/nios2-elf/lib\libc.a(lib_a-mprec.o)
                0x000000000008dc84                __lo0bits
 .text.__i2b    0x000000000008dd34       0x3c ../RansacSoftware_bsp//newlib/nios2-elf/lib\libc.a(lib_a-mprec.o)
                0x000000000008dd34                __i2b
 .text.__multiply
                0x000000000008dd70      0x28c ../RansacSoftware_bsp//newlib/nios2-elf/lib\libc.a(lib_a-mprec.o)
                0x000000000008dd70                __multiply
 .text.__pow5mult
                0x000000000008dffc      0x140 ../RansacSoftware_bsp//newlib/nios2-elf/lib\libc.a(lib_a-mprec.o)
                0x000000000008dffc                __pow5mult
 .text.__lshift
                0x000000000008e13c      0x148 ../RansacSoftware_bsp//newlib/nios2-elf/lib\libc.a(lib_a-mprec.o)
                0x000000000008e13c                __lshift
 .text.__mcmp   0x000000000008e284       0x60 ../RansacSoftware_bsp//newlib/nios2-elf/lib\libc.a(lib_a-mprec.o)
                0x000000000008e284                __mcmp
 .text.__mdiff  0x000000000008e2e4      0x1fc ../RansacSoftware_bsp//newlib/nios2-elf/lib\libc.a(lib_a-mprec.o)
                0x000000000008e2e4                __mdiff
 .text.__ulp    0x000000000008e4e0       0x64 ../RansacSoftware_bsp//newlib/nios2-elf/lib\libc.a(lib_a-mprec.o)
                0x000000000008e4e0                __ulp
 .text.__b2d    0x000000000008e544      0x10c ../RansacSoftware_bsp//newlib/nios2-elf/lib\libc.a(lib_a-mprec.o)
                0x000000000008e544                __b2d
 .text.__d2b    0x000000000008e650      0x14c ../RansacSoftware_bsp//newlib/nios2-elf/lib\libc.a(lib_a-mprec.o)
                0x000000000008e650                __d2b
 .text.__ratio  0x000000000008e79c       0xa4 ../RansacSoftware_bsp//newlib/nios2-elf/lib\libc.a(lib_a-mprec.o)
                0x000000000008e79c                __ratio
 .text._mprec_log10
                0x000000000008e840       0x74 ../RansacSoftware_bsp//newlib/nios2-elf/lib\libc.a(lib_a-mprec.o)
                0x000000000008e840                _mprec_log10
 .text.__copybits
                0x000000000008e8b4       0x78 ../RansacSoftware_bsp//newlib/nios2-elf/lib\libc.a(lib_a-mprec.o)
                0x000000000008e8b4                __copybits
 .text.__any_on
                0x000000000008e92c       0x8c ../RansacSoftware_bsp//newlib/nios2-elf/lib\libc.a(lib_a-mprec.o)
                0x000000000008e92c                __any_on
 .text          0x000000000008e9b8        0x0 ../RansacSoftware_bsp//newlib/nios2-elf/lib\libc.a(lib_a-readr.o)
 .text._read_r  0x000000000008e9b8       0x5c ../RansacSoftware_bsp//newlib/nios2-elf/lib\libc.a(lib_a-readr.o)
                0x000000000008e9b8                _read_r
 .text          0x000000000008ea14        0x0 ../RansacSoftware_bsp//newlib/nios2-elf/lib\libc.a(lib_a-reallocr.o)
 .text._realloc_r
                0x000000000008ea14      0x564 ../RansacSoftware_bsp//newlib/nios2-elf/lib\libc.a(lib_a-reallocr.o)
                0x000000000008ea14                _realloc_r
 .text          0x000000000008ef78        0x0 ../RansacSoftware_bsp//newlib/nios2-elf/lib\libc.a(lib_a-s_fpclassify.o)
 .text.__fpclassifyd
                0x000000000008ef78       0x74 ../RansacSoftware_bsp//newlib/nios2-elf/lib\libc.a(lib_a-s_fpclassify.o)
                0x000000000008ef78                __fpclassifyd
 .text          0x000000000008efec        0x0 ../RansacSoftware_bsp//newlib/nios2-elf/lib\libc.a(lib_a-sccl.o)
 .text.__sccl   0x000000000008efec       0xd0 ../RansacSoftware_bsp//newlib/nios2-elf/lib\libc.a(lib_a-sccl.o)
                0x000000000008efec                __sccl
 .text          0x000000000008f0bc        0x0 ../RansacSoftware_bsp//newlib/nios2-elf/lib\libc.a(lib_a-sf_nan.o)
 .text.nanf     0x000000000008f0bc        0x8 ../RansacSoftware_bsp//newlib/nios2-elf/lib\libc.a(lib_a-sf_nan.o)
                0x000000000008f0bc                nanf
 .text          0x000000000008f0c4        0x0 ../RansacSoftware_bsp//newlib/nios2-elf/lib\libc.a(lib_a-sprintf.o)
 .text._sprintf_r
                0x000000000008f0c4       0x58 ../RansacSoftware_bsp//newlib/nios2-elf/lib\libc.a(lib_a-sprintf.o)
                0x000000000008f0c4                _sprintf_r
 .text.sprintf  0x000000000008f11c       0x64 ../RansacSoftware_bsp//newlib/nios2-elf/lib\libc.a(lib_a-sprintf.o)
                0x000000000008f11c                sprintf
 .text          0x000000000008f180        0x0 ../RansacSoftware_bsp//newlib/nios2-elf/lib\libc.a(lib_a-strcmp.o)
 .text.strcmp   0x000000000008f180       0xdc ../RansacSoftware_bsp//newlib/nios2-elf/lib\libc.a(lib_a-strcmp.o)
                0x000000000008f180                strcmp
 .text          0x000000000008f25c        0x0 ../RansacSoftware_bsp//newlib/nios2-elf/lib\libc.a(lib_a-strtod.o)
 .text.sulp     0x000000000008f25c       0x64 ../RansacSoftware_bsp//newlib/nios2-elf/lib\libc.a(lib_a-strtod.o)
 .text._strtod_r
                0x000000000008f2c0     0x15e4 ../RansacSoftware_bsp//newlib/nios2-elf/lib\libc.a(lib_a-strtod.o)
                0x000000000008f2c0                _strtod_r
 .text.strtod   0x00000000000908a4       0x10 ../RansacSoftware_bsp//newlib/nios2-elf/lib\libc.a(lib_a-strtod.o)
                0x00000000000908a4                strtod
 .text.strtof   0x00000000000908b4       0xf0 ../RansacSoftware_bsp//newlib/nios2-elf/lib\libc.a(lib_a-strtod.o)
                0x00000000000908b4                strtof
 .text          0x00000000000909a4        0x0 ../RansacSoftware_bsp//newlib/nios2-elf/lib\libc.a(lib_a-strtol.o)
 .text._strtol_r
                0x00000000000909a4      0x250 ../RansacSoftware_bsp//newlib/nios2-elf/lib\libc.a(lib_a-strtol.o)
                0x00000000000909a4                _strtol_r
 .text.strtol   0x0000000000090bf4       0x14 ../RansacSoftware_bsp//newlib/nios2-elf/lib\libc.a(lib_a-strtol.o)
                0x0000000000090bf4                strtol
 .text          0x0000000000090c08        0x0 ../RansacSoftware_bsp//newlib/nios2-elf/lib\libc.a(lib_a-strtoll_r.o)
 .text._strtoll_r
                0x0000000000090c08      0x2fc ../RansacSoftware_bsp//newlib/nios2-elf/lib\libc.a(lib_a-strtoll_r.o)
                0x0000000000090c08                _strtoll_r
 .text          0x0000000000090f04        0x0 ../RansacSoftware_bsp//newlib/nios2-elf/lib\libc.a(lib_a-strtoul.o)
 .text._strtoul_r
                0x0000000000090f04      0x270 ../RansacSoftware_bsp//newlib/nios2-elf/lib\libc.a(lib_a-strtoul.o)
                0x0000000000090f04                _strtoul_r
 .text.strtoul  0x0000000000091174       0x14 ../RansacSoftware_bsp//newlib/nios2-elf/lib\libc.a(lib_a-strtoul.o)
                0x0000000000091174                strtoul
 .text          0x0000000000091188        0x0 ../RansacSoftware_bsp//newlib/nios2-elf/lib\libc.a(lib_a-strtoull_r.o)
 .text._strtoull_r
                0x0000000000091188      0x318 ../RansacSoftware_bsp//newlib/nios2-elf/lib\libc.a(lib_a-strtoull_r.o)
                0x0000000000091188                _strtoull_r
 .text          0x00000000000914a0        0x0 ../RansacSoftware_bsp//newlib/nios2-elf/lib\libc.a(lib_a-svfprintf.o)
 .text.___svfprintf_internal_r
                0x00000000000914a0     0x22bc ../RansacSoftware_bsp//newlib/nios2-elf/lib\libc.a(lib_a-svfprintf.o)
                0x00000000000914a0                ___svfprintf_internal_r
 .text          0x000000000009375c        0x0 ../RansacSoftware_bsp//newlib/nios2-elf/lib\libc.a(lib_a-ungetc.o)
 .text.__submore
                0x000000000009375c       0xd4 ../RansacSoftware_bsp//newlib/nios2-elf/lib\libc.a(lib_a-ungetc.o)
                0x000000000009375c                __submore
 .text._ungetc_r
                0x0000000000093830      0x194 ../RansacSoftware_bsp//newlib/nios2-elf/lib\libc.a(lib_a-ungetc.o)
                0x0000000000093830                _ungetc_r
 .text.ungetc   0x00000000000939c4       0x10 ../RansacSoftware_bsp//newlib/nios2-elf/lib\libc.a(lib_a-ungetc.o)
                0x00000000000939c4                ungetc
 .text          0x00000000000939d4        0x0 ../RansacSoftware_bsp//newlib/nios2-elf/lib\libc.a(lib_a-vfiprintf.o)
 .text.__sprint_r.part.0
                0x00000000000939d4       0xfc ../RansacSoftware_bsp//newlib/nios2-elf/lib\libc.a(lib_a-vfiprintf.o)
 .text.__sprint_r
                0x0000000000093ad0       0x18 ../RansacSoftware_bsp//newlib/nios2-elf/lib\libc.a(lib_a-vfiprintf.o)
                0x0000000000093ad0                __sprint_r
 .text.___vfiprintf_internal_r
                0x0000000000093ae8     0x150c ../RansacSoftware_bsp//newlib/nios2-elf/lib\libc.a(lib_a-vfiprintf.o)
                0x0000000000093ae8                ___vfiprintf_internal_r
 .text.__vfiprintf_internal
                0x0000000000094ff4       0x14 ../RansacSoftware_bsp//newlib/nios2-elf/lib\libc.a(lib_a-vfiprintf.o)
                0x0000000000094ff4                __vfiprintf_internal
 .text.__sbprintf
                0x0000000000095008       0xbc ../RansacSoftware_bsp//newlib/nios2-elf/lib\libc.a(lib_a-vfiprintf.o)
 .text          0x00000000000950c4        0x0 ../RansacSoftware_bsp//newlib/nios2-elf/lib\libc.a(lib_a-callocr.o)
 .text._calloc_r
                0x00000000000950c4       0xdc ../RansacSoftware_bsp//newlib/nios2-elf/lib\libc.a(lib_a-callocr.o)
                0x00000000000950c4                _calloc_r
 .text          0x00000000000951a0        0x0 ../RansacSoftware_bsp//newlib/nios2-elf/lib\libc.a(lib_a-fputwc.o)
 .text.__fputwc
                0x00000000000951a0      0x164 ../RansacSoftware_bsp//newlib/nios2-elf/lib\libc.a(lib_a-fputwc.o)
                0x00000000000951a0                __fputwc
 .text._fputwc_r
                0x0000000000095304       0x24 ../RansacSoftware_bsp//newlib/nios2-elf/lib\libc.a(lib_a-fputwc.o)
                0x0000000000095304                _fputwc_r
 .text.fputwc   0x0000000000095328       0x78 ../RansacSoftware_bsp//newlib/nios2-elf/lib\libc.a(lib_a-fputwc.o)
                0x0000000000095328                fputwc
 .text          0x00000000000953a0        0x0 ../RansacSoftware_bsp//newlib/nios2-elf/lib\libc.a(lib_a-gdtoa-gethex.o)
 .text.rshift   0x00000000000953a0      0x100 ../RansacSoftware_bsp//newlib/nios2-elf/lib\libc.a(lib_a-gdtoa-gethex.o)
 .text.__gethex
                0x00000000000954a0      0x850 ../RansacSoftware_bsp//newlib/nios2-elf/lib\libc.a(lib_a-gdtoa-gethex.o)
                0x00000000000954a0                __gethex
 .text          0x0000000000095cf0        0x0 ../RansacSoftware_bsp//newlib/nios2-elf/lib\libc.a(lib_a-gdtoa-hexnan.o)
 .text.__hexnan
                0x0000000000095cf0      0x25c ../RansacSoftware_bsp//newlib/nios2-elf/lib\libc.a(lib_a-gdtoa-hexnan.o)
                0x0000000000095cf0                __hexnan
 .text          0x0000000000095f4c        0x0 ../RansacSoftware_bsp//newlib/nios2-elf/lib\libc.a(lib_a-strncmp.o)
 .text.strncmp  0x0000000000095f4c       0xd0 ../RansacSoftware_bsp//newlib/nios2-elf/lib\libc.a(lib_a-strncmp.o)
                0x0000000000095f4c                strncmp
 .text          0x000000000009601c        0x0 ../RansacSoftware_bsp//newlib/nios2-elf/lib\libc.a(lib_a-svfiprintf.o)
 .text.__ssprint_r
                0x000000000009601c      0x1d0 ../RansacSoftware_bsp//newlib/nios2-elf/lib\libc.a(lib_a-svfiprintf.o)
                0x000000000009601c                __ssprint_r
 .text.___svfiprintf_internal_r
                0x00000000000961ec     0x13a0 ../RansacSoftware_bsp//newlib/nios2-elf/lib\libc.a(lib_a-svfiprintf.o)
                0x00000000000961ec                ___svfiprintf_internal_r
 .text          0x000000000009758c        0x0 ../RansacSoftware_bsp//newlib/nios2-elf/lib\libc.a(lib_a-wcrtomb.o)
 .text._wcrtomb_r
                0x000000000009758c       0x94 ../RansacSoftware_bsp//newlib/nios2-elf/lib\libc.a(lib_a-wcrtomb.o)
                0x000000000009758c                _wcrtomb_r
 .text.wcrtomb  0x0000000000097620       0xa8 ../RansacSoftware_bsp//newlib/nios2-elf/lib\libc.a(lib_a-wcrtomb.o)
                0x0000000000097620                wcrtomb
 .text          0x00000000000976c8        0x0 ../RansacSoftware_bsp//newlib/nios2-elf/lib\libc.a(lib_a-wctomb_r.o)
 .text.__ascii_wctomb
                0x00000000000976c8       0x30 ../RansacSoftware_bsp//newlib/nios2-elf/lib\libc.a(lib_a-wctomb_r.o)
                0x00000000000976c8                __ascii_wctomb
 .text._wctomb_r
                0x00000000000976f8       0x54 ../RansacSoftware_bsp//newlib/nios2-elf/lib\libc.a(lib_a-wctomb_r.o)
                0x00000000000976f8                _wctomb_r
 .text          0x000000000009774c      0x10c c:/intelfpga_lite/18.1/nios2eds/bin/gnu/h-x86_64-mingw32/bin/../lib/gcc/nios2-elf/5.3.0/mno-hw-mul\libgcc.a(_muldi3.o)
                0x000000000009774c                __muldi3
 .text          0x0000000000097858       0x74 c:/intelfpga_lite/18.1/nios2eds/bin/gnu/h-x86_64-mingw32/bin/../lib/gcc/nios2-elf/5.3.0/mno-hw-mul\libgcc.a(_fixunsdfsi.o)
                0x0000000000097858                __fixunsdfsi
 .text          0x00000000000978cc      0x5fc c:/intelfpga_lite/18.1/nios2eds/bin/gnu/h-x86_64-mingw32/bin/../lib/gcc/nios2-elf/5.3.0/mno-hw-mul\libgcc.a(_udivdi3.o)
                0x00000000000978cc                __udivdi3
 .text          0x0000000000097ec8      0x5c4 c:/intelfpga_lite/18.1/nios2eds/bin/gnu/h-x86_64-mingw32/bin/../lib/gcc/nios2-elf/5.3.0/mno-hw-mul\libgcc.a(_umoddi3.o)
                0x0000000000097ec8                __umoddi3
 .text          0x000000000009848c       0x88 c:/intelfpga_lite/18.1/nios2eds/bin/gnu/h-x86_64-mingw32/bin/../lib/gcc/nios2-elf/5.3.0/mno-hw-mul\libgcc.a(eqdf2.o)
                0x000000000009848c                __nedf2
                0x000000000009848c                __eqdf2
 .text          0x0000000000098514       0xa8 c:/intelfpga_lite/18.1/nios2eds/bin/gnu/h-x86_64-mingw32/bin/../lib/gcc/nios2-elf/5.3.0/mno-hw-mul\libgcc.a(floatunsidf.o)
                0x0000000000098514                __floatunsidf
 .text          0x00000000000985bc       0xc0 ../RansacSoftware_bsp/\libhal_bsp.a(alt_close.o)
                0x00000000000985bc                close
 .text          0x000000000009867c        0x8 ../RansacSoftware_bsp/\libhal_bsp.a(alt_dev.o)
 .text          0x0000000000098684        0x0 ../RansacSoftware_bsp/\libhal_bsp.a(alt_errno.o)
 .text          0x0000000000098684       0x14 ../RansacSoftware_bsp/\libhal_bsp.a(alt_exit.o)
                0x0000000000098684                _exit
 .text          0x0000000000098698       0xc8 ../RansacSoftware_bsp/\libhal_bsp.a(alt_fstat.o)
                0x0000000000098698                fstat
 .text          0x0000000000098760       0xa0 ../RansacSoftware_bsp/\libhal_bsp.a(alt_isatty.o)
                0x0000000000098760                isatty
 .text          0x0000000000098800      0x114 ../RansacSoftware_bsp/\libhal_bsp.a(alt_load.o)
                0x0000000000098800                alt_load
 .text          0x0000000000098914       0xc8 ../RansacSoftware_bsp/\libhal_bsp.a(alt_lseek.o)
                0x0000000000098914                lseek
 .text          0x00000000000989dc       0x60 ../RansacSoftware_bsp/\libhal_bsp.a(alt_main.o)
                0x00000000000989dc                alt_main
 .text          0x0000000000098a3c        0x8 ../RansacSoftware_bsp/\libhal_bsp.a(alt_malloc_lock.o)
                0x0000000000098a3c                __malloc_lock
                0x0000000000098a40                __malloc_unlock
 .text          0x0000000000098a44      0x188 ../RansacSoftware_bsp/\libhal_bsp.a(alt_open.o)
                0x0000000000098a44                open
 .text          0x0000000000098bcc      0x114 ../RansacSoftware_bsp/\libhal_bsp.a(alt_read.o)
                0x0000000000098bcc                read
 .text          0x0000000000098ce0       0x5c ../RansacSoftware_bsp/\libhal_bsp.a(alt_release_fd.o)
                0x0000000000098ce0                alt_release_fd
 .text          0x0000000000098d3c       0x4c ../RansacSoftware_bsp/\libhal_bsp.a(alt_sbrk.o)
                0x0000000000098d3c                sbrk
 .text          0x0000000000098d88      0x110 ../RansacSoftware_bsp/\libhal_bsp.a(alt_write.o)
                0x0000000000098d88                write
 .text          0x0000000000098e98       0x68 ../RansacSoftware_bsp/\libhal_bsp.a(alt_sys_init.o)
                0x0000000000098e98                alt_irq_init
                0x0000000000098eb8                alt_sys_init
 .text          0x0000000000098f00       0x3c ../RansacSoftware_bsp/\libhal_bsp.a(altera_avalon_jtag_uart_fd.o)
                0x0000000000098f00                altera_avalon_jtag_uart_read_fd
                0x0000000000098f10                altera_avalon_jtag_uart_write_fd
                0x0000000000098f20                altera_avalon_jtag_uart_close_fd
                0x0000000000098f30                altera_avalon_jtag_uart_ioctl_fd
 .text          0x0000000000098f3c      0x200 ../RansacSoftware_bsp/\libhal_bsp.a(altera_avalon_jtag_uart_init.o)
                0x0000000000099090                altera_avalon_jtag_uart_init
                0x0000000000099108                altera_avalon_jtag_uart_close
 .text          0x000000000009913c       0x74 ../RansacSoftware_bsp/\libhal_bsp.a(altera_avalon_jtag_uart_ioctl.o)
                0x000000000009913c                altera_avalon_jtag_uart_ioctl
 .text          0x00000000000991b0      0x154 ../RansacSoftware_bsp/\libhal_bsp.a(altera_avalon_jtag_uart_read.o)
                0x00000000000991b0                altera_avalon_jtag_uart_read
 .text          0x0000000000099304      0x1a8 ../RansacSoftware_bsp/\libhal_bsp.a(altera_avalon_jtag_uart_write.o)
                0x0000000000099304                altera_avalon_jtag_uart_write
 .text          0x00000000000994ac      0x1a4 ../RansacSoftware_bsp/\libhal_bsp.a(altera_hostfs.o)
                0x00000000000994ac                alt_hostfs_open
                0x000000000009950c                alt_hostfs_close
                0x0000000000099520                alt_hostfs_read
                0x0000000000099538                alt_hostfs_write
                0x0000000000099550                alt_hostfs_seek
                0x0000000000099568                alt_hostfs_fstat
 .text          0x0000000000099650       0x80 ../RansacSoftware_bsp/\libhal_bsp.a(alt_alarm_start.o)
                0x0000000000099650                alt_alarm_start
 .text          0x00000000000996d0        0x4 ../RansacSoftware_bsp/\libhal_bsp.a(alt_dcache_flush_all.o)
                0x00000000000996d0                alt_dcache_flush_all
 .text          0x00000000000996d4       0x6c ../RansacSoftware_bsp/\libhal_bsp.a(alt_dev_llist_insert.o)
                0x00000000000996d4                alt_dev_llist_insert
 .text          0x0000000000099740       0x64 ../RansacSoftware_bsp/\libhal_bsp.a(alt_do_ctors.o)
                0x0000000000099740                _do_ctors
 .text          0x00000000000997a4       0x64 ../RansacSoftware_bsp/\libhal_bsp.a(alt_do_dtors.o)
                0x00000000000997a4                _do_dtors
 .text          0x0000000000099808       0x78 ../RansacSoftware_bsp/\libhal_bsp.a(alt_find_dev.o)
                0x0000000000099808                alt_find_dev
 .text          0x0000000000099880       0xac ../RansacSoftware_bsp/\libhal_bsp.a(alt_find_file.o)
                0x0000000000099880                alt_find_file
 .text          0x000000000009992c       0x34 ../RansacSoftware_bsp/\libhal_bsp.a(alt_fs_reg.o)
                0x000000000009992c                alt_fs_reg
 .text          0x0000000000099960       0x88 ../RansacSoftware_bsp/\libhal_bsp.a(alt_get_fd.o)
                0x0000000000099960                alt_get_fd
 .text          0x00000000000999e8        0x4 ../RansacSoftware_bsp/\libhal_bsp.a(alt_icache_flush_all.o)
                0x00000000000999e8                alt_icache_flush_all
 .text          0x00000000000999ec       0x8c ../RansacSoftware_bsp/\libhal_bsp.a(alt_iic.o)
                0x00000000000999ec                alt_ic_isr_register
                0x00000000000999f0                alt_ic_irq_enable
                0x0000000000099a28                alt_ic_irq_disable
                0x0000000000099a60                alt_ic_irq_enabled
 .text          0x0000000000099a78       0x68 ../RansacSoftware_bsp/\libhal_bsp.a(alt_iic_isr_register.o)
                0x0000000000099a78                alt_iic_isr_register
 .text          0x0000000000099ae0      0x100 ../RansacSoftware_bsp/\libhal_bsp.a(alt_io_redirect.o)
                0x0000000000099b6c                alt_io_redirect
 .text          0x0000000000099be0        0x0 ../RansacSoftware_bsp/\libhal_bsp.a(alt_irq_entry.o)
 .text          0x0000000000099be0        0x0 ../RansacSoftware_bsp/\libhal_bsp.a(alt_irq_handler.o)
 .text          0x0000000000099be0        0x0 ../RansacSoftware_bsp/\libhal_bsp.a(alt_irq_vars.o)
 .text          0x0000000000099be0      0x128 ../RansacSoftware_bsp/\libhal_bsp.a(alt_tick.o)
                0x0000000000099be0                alt_alarm_stop
                0x0000000000099c14                alt_tick
 .text          0x0000000000099d08        0x8 ../RansacSoftware_bsp/\libhal_bsp.a(altera_nios2_gen2_irq.o)
                0x0000000000099d08                altera_nios2_gen2_irq_init
 .text          0x0000000000099d10        0x0 ../RansacSoftware_bsp/\libhal_bsp.a(alt_exception_entry.o)
 .text          0x0000000000099d10       0x74 ../RansacSoftware_bsp/\libhal_bsp.a(alt_instruction_exception_entry.o)
                0x0000000000099d10                alt_exception_cause_generated_bad_addr
 .text          0x0000000000099d84        0x0 ../RansacSoftware_bsp//newlib/nios2-elf/lib\libc.a(lib_a-atexit.o)
 .text.atexit   0x0000000000099d84       0x14 ../RansacSoftware_bsp//newlib/nios2-elf/lib\libc.a(lib_a-atexit.o)
                0x0000000000099d84                atexit
 .text          0x0000000000099d98        0x0 ../RansacSoftware_bsp//newlib/nios2-elf/lib\libc.a(lib_a-memcmp.o)
 .text.memcmp   0x0000000000099d98       0x7c ../RansacSoftware_bsp//newlib/nios2-elf/lib\libc.a(lib_a-memcmp.o)
                0x0000000000099d98                memcmp
 .text          0x0000000000099e14        0x0 ../RansacSoftware_bsp//newlib/nios2-elf/lib\libc.a(lib_a-__atexit.o)
 .text.__register_exitproc
                0x0000000000099e14      0x108 ../RansacSoftware_bsp//newlib/nios2-elf/lib\libc.a(lib_a-__atexit.o)
                0x0000000000099e14                __register_exitproc
 *(.gnu.warning.*)
 *(.fini)
                [!provide]                        PROVIDE (__etext, ABSOLUTE (.))
                [!provide]                        PROVIDE (_etext, ABSOLUTE (.))
                [!provide]                        PROVIDE (etext, ABSOLUTE (.))
 *(.eh_frame_hdr)
                0x0000000000099f1c                . = ALIGN (0x4)
                [!provide]                        PROVIDE (__preinit_array_start, ABSOLUTE (.))
 *(.preinit_array)
                [!provide]                        PROVIDE (__preinit_array_end, ABSOLUTE (.))
                [!provide]                        PROVIDE (__init_array_start, ABSOLUTE (.))
 *(.init_array)
                [!provide]                        PROVIDE (__init_array_end, ABSOLUTE (.))
                [!provide]                        PROVIDE (__fini_array_start, ABSOLUTE (.))
 *(.fini_array)
                [!provide]                        PROVIDE (__fini_array_end, ABSOLUTE (.))
 *(.eh_frame)
 *(.gcc_except_table .gcc_except_table.*)
 *(.dynamic)
                0x0000000000099f1c                PROVIDE (__CTOR_LIST__, ABSOLUTE (.))
 *(.ctors)
 *(SORT(.ctors.*))
                0x0000000000099f1c                PROVIDE (__CTOR_END__, ABSOLUTE (.))
                0x0000000000099f1c                PROVIDE (__DTOR_LIST__, ABSOLUTE (.))
 *(.dtors)
 *(SORT(.dtors.*))
                0x0000000000099f1c                PROVIDE (__DTOR_END__, ABSOLUTE (.))
 *(.jcr)
                0x0000000000099f1c                . = ALIGN (0x4)

.rodata         0x0000000000099f1c      0xa04
                0x0000000000099f1c                PROVIDE (__ram_rodata_start, ABSOLUTE (.))
                0x0000000000099f1c                . = ALIGN (0x4)
 *(.rodata .rodata.* .gnu.linkonce.r.*)
 .rodata        0x0000000000099f1c      0x284 obj/default/main.o
 .rodata.atanlo
                0x000000000009a1a0       0x20 ../RansacSoftware_bsp//newlib/nios2-elf/lib\libm.a(lib_a-s_atan.o)
 .rodata.atanhi
                0x000000000009a1c0       0x20 ../RansacSoftware_bsp//newlib/nios2-elf/lib\libm.a(lib_a-s_atan.o)
 .rodata        0x000000000009a1e0      0x100 c:/intelfpga_lite/18.1/nios2eds/bin/gnu/h-x86_64-mingw32/bin/../lib/gcc/nios2-elf/5.3.0/mno-hw-mul\libgcc.a(_clz.o)
                0x000000000009a1e0                __clz_tab
 .rodata.str1.4
                0x000000000009a2e0        0x2 ../RansacSoftware_bsp//newlib/nios2-elf/lib\libc.a(lib_a-impure.o)
 *fill*         0x000000000009a2e2        0x2 
 .rodata.str1.4
                0x000000000009a2e4        0x2 ../RansacSoftware_bsp//newlib/nios2-elf/lib\libc.a(lib_a-puts.o)
 *fill*         0x000000000009a2e6        0x2 
 .rodata.str1.4
                0x000000000009a2e8       0x42 ../RansacSoftware_bsp//newlib/nios2-elf/lib\libc.a(lib_a-vfprintf.o)
 .rodata.zeroes.4404
                0x000000000009a32a       0x10 ../RansacSoftware_bsp//newlib/nios2-elf/lib\libc.a(lib_a-vfprintf.o)
 .rodata.blanks.4403
                0x000000000009a33a       0x10 ../RansacSoftware_bsp//newlib/nios2-elf/lib\libc.a(lib_a-vfprintf.o)
 *fill*         0x000000000009a34a        0x2 
 .rodata.str1.4
                0x000000000009a34c        0x5 ../RansacSoftware_bsp//newlib/nios2-elf/lib\libc.a(lib_a-vfscanf.o)
 *fill*         0x000000000009a351        0x1 
 .rodata.basefix.4359
                0x000000000009a352       0x22 ../RansacSoftware_bsp//newlib/nios2-elf/lib\libc.a(lib_a-vfscanf.o)
 .rodata._ctype_
                0x000000000009a374      0x101 ../RansacSoftware_bsp//newlib/nios2-elf/lib\libc.a(lib_a-ctype_.o)
                0x000000000009a374                _ctype_
 .rodata._ctype_b
                0x000000000009a475      0x180 ../RansacSoftware_bsp//newlib/nios2-elf/lib\libc.a(lib_a-ctype_.o)
 *fill*         0x000000000009a5f5        0x3 
 .rodata.str1.4
                0x000000000009a5f8       0x10 ../RansacSoftware_bsp//newlib/nios2-elf/lib\libc.a(lib_a-dtoa.o)
                                         0x12 (size before relaxing)
 .rodata.str1.4
                0x000000000009a608        0xa ../RansacSoftware_bsp//newlib/nios2-elf/lib\libc.a(lib_a-locale.o)
                                         0x12 (size before relaxing)
 .rodata.str1.4
                0x000000000009a612        0x1 ../RansacSoftware_bsp//newlib/nios2-elf/lib\libc.a(lib_a-mbrtowc.o)
 *fill*         0x000000000009a612        0x2 
 .rodata.p05.2768
                0x000000000009a614        0xc ../RansacSoftware_bsp//newlib/nios2-elf/lib\libc.a(lib_a-mprec.o)
 .rodata.__mprec_tinytens
                0x000000000009a620       0x28 ../RansacSoftware_bsp//newlib/nios2-elf/lib\libc.a(lib_a-mprec.o)
                0x000000000009a620                __mprec_tinytens
 .rodata.__mprec_bigtens
                0x000000000009a648       0x28 ../RansacSoftware_bsp//newlib/nios2-elf/lib\libc.a(lib_a-mprec.o)
                0x000000000009a648                __mprec_bigtens
 .rodata.__mprec_tens
                0x000000000009a670       0xc8 ../RansacSoftware_bsp//newlib/nios2-elf/lib\libc.a(lib_a-mprec.o)
                0x000000000009a670                __mprec_tens
 .rodata.str1.4
                0x000000000009a738        0xf ../RansacSoftware_bsp//newlib/nios2-elf/lib\libc.a(lib_a-strtod.o)
 *fill*         0x000000000009a747        0x1 
 .rodata.fpinan.2773
                0x000000000009a748       0x14 ../RansacSoftware_bsp//newlib/nios2-elf/lib\libc.a(lib_a-strtod.o)
 .rodata.fpi.2737
                0x000000000009a75c       0x14 ../RansacSoftware_bsp//newlib/nios2-elf/lib\libc.a(lib_a-strtod.o)
 .rodata.tinytens
                0x000000000009a770       0x28 ../RansacSoftware_bsp//newlib/nios2-elf/lib\libc.a(lib_a-strtod.o)
 .rodata.str1.4
                0x000000000009a798       0x42 ../RansacSoftware_bsp//newlib/nios2-elf/lib\libc.a(lib_a-svfprintf.o)
 .rodata.zeroes.4389
                0x000000000009a798       0x10 ../RansacSoftware_bsp//newlib/nios2-elf/lib\libc.a(lib_a-svfprintf.o)
 .rodata.blanks.4388
                0x000000000009a7a8       0x10 ../RansacSoftware_bsp//newlib/nios2-elf/lib\libc.a(lib_a-svfprintf.o)
 .rodata.str1.4
                0x000000000009a7b8       0x2f ../RansacSoftware_bsp//newlib/nios2-elf/lib\libc.a(lib_a-vfiprintf.o)
 .rodata.zeroes.4349
                0x000000000009a7b8       0x10 ../RansacSoftware_bsp//newlib/nios2-elf/lib\libc.a(lib_a-vfiprintf.o)
 .rodata.blanks.4348
                0x000000000009a7c8       0x10 ../RansacSoftware_bsp//newlib/nios2-elf/lib\libc.a(lib_a-vfiprintf.o)
 .rodata.__hexdig
                0x000000000009a7d8      0x100 ../RansacSoftware_bsp//newlib/nios2-elf/lib\libc.a(lib_a-gdtoa-gethex.o)
                0x000000000009a7d8                __hexdig
 .rodata.str1.4
                0x000000000009a8d8       0x2f ../RansacSoftware_bsp//newlib/nios2-elf/lib\libc.a(lib_a-svfiprintf.o)
 .rodata.zeroes.4333
                0x000000000009a8d8       0x10 ../RansacSoftware_bsp//newlib/nios2-elf/lib\libc.a(lib_a-svfiprintf.o)
 .rodata.blanks.4332
                0x000000000009a8e8       0x10 ../RansacSoftware_bsp//newlib/nios2-elf/lib\libc.a(lib_a-svfiprintf.o)
 .rodata.str1.4
                0x000000000009a8f8        0xa ../RansacSoftware_bsp/\libhal_bsp.a(alt_dev.o)
 *fill*         0x000000000009a902        0x2 
 .rodata.str1.4
                0x000000000009a904        0xf ../RansacSoftware_bsp/\libhal_bsp.a(alt_main.o)
 *fill*         0x000000000009a913        0x1 
 .rodata.str1.4
                0x000000000009a914        0xc ../RansacSoftware_bsp/\libhal_bsp.a(alt_sys_init.o)
                                         0x1b (size before relaxing)
 *(.rodata1)
                0x000000000009a920                . = ALIGN (0x4)
                0x000000000009a920                PROVIDE (__ram_rodata_end, ABSOLUTE (.))
                0x0000000000099f1c                PROVIDE (__flash_rodata_start, LOADADDR (.rodata))

.rwdata         0x000000000009a920     0x1b64 load address 0x000000000009c484
                0x000000000009a920                PROVIDE (__ram_rwdata_start, ABSOLUTE (.))
                0x000000000009a920                . = ALIGN (0x4)
 *(.got.plt)
 *(.got)
 *(.data1)
 *(.data .data.* .gnu.linkonce.d.*)
 .data          0x000000000009a920        0x0 ../RansacSoftware_bsp//obj/HAL/src/crt0.o
 .data          0x000000000009a920        0x0 obj/default/main.o
 .data          0x000000000009a920        0x0 obj/default/ransac.o
 .data          0x000000000009a920        0x0 ../RansacSoftware_bsp//newlib/nios2-elf/lib\libm.a(lib_a-s_atan.o)
 .data          0x000000000009a920        0x0 ../RansacSoftware_bsp//newlib/nios2-elf/lib\libm.a(lib_a-s_fabs.o)
 .data          0x000000000009a920        0x0 c:/intelfpga_lite/18.1/nios2eds/bin/gnu/h-x86_64-mingw32/bin/../lib/gcc/nios2-elf/5.3.0/mno-hw-mul\libgcc.a(lib2-divmod.o)
 .data          0x000000000009a920        0x0 c:/intelfpga_lite/18.1/nios2eds/bin/gnu/h-x86_64-mingw32/bin/../lib/gcc/nios2-elf/5.3.0/mno-hw-mul\libgcc.a(lib2-mul.o)
 .data          0x000000000009a920        0x0 c:/intelfpga_lite/18.1/nios2eds/bin/gnu/h-x86_64-mingw32/bin/../lib/gcc/nios2-elf/5.3.0/mno-hw-mul\libgcc.a(adddf3.o)
 .data          0x000000000009a920        0x0 c:/intelfpga_lite/18.1/nios2eds/bin/gnu/h-x86_64-mingw32/bin/../lib/gcc/nios2-elf/5.3.0/mno-hw-mul\libgcc.a(divdf3.o)
 .data          0x000000000009a920        0x0 c:/intelfpga_lite/18.1/nios2eds/bin/gnu/h-x86_64-mingw32/bin/../lib/gcc/nios2-elf/5.3.0/mno-hw-mul\libgcc.a(gedf2.o)
 .data          0x000000000009a920        0x0 c:/intelfpga_lite/18.1/nios2eds/bin/gnu/h-x86_64-mingw32/bin/../lib/gcc/nios2-elf/5.3.0/mno-hw-mul\libgcc.a(ledf2.o)
 .data          0x000000000009a920        0x0 c:/intelfpga_lite/18.1/nios2eds/bin/gnu/h-x86_64-mingw32/bin/../lib/gcc/nios2-elf/5.3.0/mno-hw-mul\libgcc.a(muldf3.o)
 .data          0x000000000009a920        0x0 c:/intelfpga_lite/18.1/nios2eds/bin/gnu/h-x86_64-mingw32/bin/../lib/gcc/nios2-elf/5.3.0/mno-hw-mul\libgcc.a(subdf3.o)
 .data          0x000000000009a920        0x0 c:/intelfpga_lite/18.1/nios2eds/bin/gnu/h-x86_64-mingw32/bin/../lib/gcc/nios2-elf/5.3.0/mno-hw-mul\libgcc.a(fixdfsi.o)
 .data          0x000000000009a920        0x0 c:/intelfpga_lite/18.1/nios2eds/bin/gnu/h-x86_64-mingw32/bin/../lib/gcc/nios2-elf/5.3.0/mno-hw-mul\libgcc.a(floatsidf.o)
 .data          0x000000000009a920        0x0 c:/intelfpga_lite/18.1/nios2eds/bin/gnu/h-x86_64-mingw32/bin/../lib/gcc/nios2-elf/5.3.0/mno-hw-mul\libgcc.a(extendsfdf2.o)
 .data          0x000000000009a920        0x0 c:/intelfpga_lite/18.1/nios2eds/bin/gnu/h-x86_64-mingw32/bin/../lib/gcc/nios2-elf/5.3.0/mno-hw-mul\libgcc.a(truncdfsf2.o)
 .data          0x000000000009a920        0x0 c:/intelfpga_lite/18.1/nios2eds/bin/gnu/h-x86_64-mingw32/bin/../lib/gcc/nios2-elf/5.3.0/mno-hw-mul\libgcc.a(_clzsi2.o)
 .data          0x000000000009a920        0x0 c:/intelfpga_lite/18.1/nios2eds/bin/gnu/h-x86_64-mingw32/bin/../lib/gcc/nios2-elf/5.3.0/mno-hw-mul\libgcc.a(_clz.o)
 .data          0x000000000009a920        0x0 ../RansacSoftware_bsp//newlib/nios2-elf/lib\libc.a(lib_a-exit.o)
 .data          0x000000000009a920        0x0 ../RansacSoftware_bsp//newlib/nios2-elf/lib\libc.a(lib_a-fclose.o)
 .data          0x000000000009a920        0x0 ../RansacSoftware_bsp//newlib/nios2-elf/lib\libc.a(lib_a-fflush.o)
 .data          0x000000000009a920        0x0 ../RansacSoftware_bsp//newlib/nios2-elf/lib\libc.a(lib_a-findfp.o)
 .data          0x000000000009a920        0x0 ../RansacSoftware_bsp//newlib/nios2-elf/lib\libc.a(lib_a-fopen.o)
 .data          0x000000000009a920        0x0 ../RansacSoftware_bsp//newlib/nios2-elf/lib\libc.a(lib_a-fprintf.o)
 .data          0x000000000009a920        0x0 ../RansacSoftware_bsp//newlib/nios2-elf/lib\libc.a(lib_a-fputc.o)
 .data          0x000000000009a920        0x0 ../RansacSoftware_bsp//newlib/nios2-elf/lib\libc.a(lib_a-freer.o)
 .data          0x000000000009a920        0x0 ../RansacSoftware_bsp//newlib/nios2-elf/lib\libc.a(lib_a-fscanf.o)
 .data          0x000000000009a920        0x0 ../RansacSoftware_bsp//newlib/nios2-elf/lib\libc.a(lib_a-fseek.o)
 .data          0x000000000009a920        0x0 ../RansacSoftware_bsp//newlib/nios2-elf/lib\libc.a(lib_a-fseeko.o)
 .data          0x000000000009a920        0x0 ../RansacSoftware_bsp//newlib/nios2-elf/lib\libc.a(lib_a-fstatr.o)
 .data          0x000000000009a920        0x0 ../RansacSoftware_bsp//newlib/nios2-elf/lib\libc.a(lib_a-fwalk.o)
 .data          0x000000000009a920        0x0 ../RansacSoftware_bsp//newlib/nios2-elf/lib\libc.a(lib_a-fwrite.o)
 .data          0x000000000009a920        0x0 ../RansacSoftware_bsp//newlib/nios2-elf/lib\libc.a(lib_a-impure.o)
 .data.impure_data
                0x000000000009a920      0x424 ../RansacSoftware_bsp//newlib/nios2-elf/lib\libc.a(lib_a-impure.o)
 .data          0x000000000009ad44        0x0 ../RansacSoftware_bsp//newlib/nios2-elf/lib\libc.a(lib_a-int_errno.o)
 .data          0x000000000009ad44        0x0 ../RansacSoftware_bsp//newlib/nios2-elf/lib\libc.a(lib_a-makebuf.o)
 .data          0x000000000009ad44        0x0 ../RansacSoftware_bsp//newlib/nios2-elf/lib\libc.a(lib_a-mallocr.o)
 .data.__malloc_av_
                0x000000000009ad44      0x408 ../RansacSoftware_bsp//newlib/nios2-elf/lib\libc.a(lib_a-mallocr.o)
                0x000000000009ad44                __malloc_av_
 .data          0x000000000009b14c        0x0 ../RansacSoftware_bsp//newlib/nios2-elf/lib\libc.a(lib_a-memset.o)
 .data          0x000000000009b14c        0x0 ../RansacSoftware_bsp//newlib/nios2-elf/lib\libc.a(lib_a-openr.o)
 .data          0x000000000009b14c        0x0 ../RansacSoftware_bsp//newlib/nios2-elf/lib\libc.a(lib_a-putc.o)
 .data          0x000000000009b14c        0x0 ../RansacSoftware_bsp//newlib/nios2-elf/lib\libc.a(lib_a-puts.o)
 .data          0x000000000009b14c        0x0 ../RansacSoftware_bsp//newlib/nios2-elf/lib\libc.a(lib_a-rand.o)
 .data          0x000000000009b14c        0x0 ../RansacSoftware_bsp//newlib/nios2-elf/lib\libc.a(lib_a-refill.o)
 .data          0x000000000009b14c        0x0 ../RansacSoftware_bsp//newlib/nios2-elf/lib\libc.a(lib_a-sbrkr.o)
 .data          0x000000000009b14c        0x0 ../RansacSoftware_bsp//newlib/nios2-elf/lib\libc.a(lib_a-stdio.o)
 .data          0x000000000009b14c        0x0 ../RansacSoftware_bsp//newlib/nios2-elf/lib\libc.a(lib_a-strlen.o)
 .data          0x000000000009b14c        0x0 ../RansacSoftware_bsp//newlib/nios2-elf/lib\libc.a(lib_a-vfprintf.o)
 .data          0x000000000009b14c        0x0 ../RansacSoftware_bsp//newlib/nios2-elf/lib\libc.a(lib_a-vfscanf.o)
 .data          0x000000000009b14c        0x0 ../RansacSoftware_bsp//newlib/nios2-elf/lib\libc.a(lib_a-wbuf.o)
 .data          0x000000000009b14c        0x0 ../RansacSoftware_bsp//newlib/nios2-elf/lib\libc.a(lib_a-writer.o)
 .data          0x000000000009b14c        0x0 ../RansacSoftware_bsp//newlib/nios2-elf/lib\libc.a(lib_a-wsetup.o)
 .data          0x000000000009b14c        0x0 ../RansacSoftware_bsp//newlib/nios2-elf/lib\libc.a(closer.o)
 .data          0x000000000009b14c        0x0 ../RansacSoftware_bsp//newlib/nios2-elf/lib\libc.a(lib_a-__call_atexit.o)
 .data          0x000000000009b14c        0x0 ../RansacSoftware_bsp//newlib/nios2-elf/lib\libc.a(lib_a-ctype_.o)
 .data          0x000000000009b14c        0x0 ../RansacSoftware_bsp//newlib/nios2-elf/lib\libc.a(lib_a-dtoa.o)
 .data          0x000000000009b14c        0x0 ../RansacSoftware_bsp//newlib/nios2-elf/lib\libc.a(lib_a-flags.o)
 .data          0x000000000009b14c        0x0 ../RansacSoftware_bsp//newlib/nios2-elf/lib\libc.a(lib_a-fread.o)
 .data          0x000000000009b14c        0x0 ../RansacSoftware_bsp//newlib/nios2-elf/lib\libc.a(lib_a-fvwrite.o)
 .data          0x000000000009b14c        0x0 ../RansacSoftware_bsp//newlib/nios2-elf/lib\libc.a(lib_a-isattyr.o)
 .data          0x000000000009b14c        0x0 ../RansacSoftware_bsp//newlib/nios2-elf/lib\libc.a(lib_a-iswspace.o)
 .data          0x000000000009b14c        0x0 ../RansacSoftware_bsp//newlib/nios2-elf/lib\libc.a(lib_a-locale.o)
 .data.lc_message_charset
                0x000000000009b14c       0x20 ../RansacSoftware_bsp//newlib/nios2-elf/lib\libc.a(lib_a-locale.o)
 .data.lc_ctype_charset
                0x000000000009b16c       0x20 ../RansacSoftware_bsp//newlib/nios2-elf/lib\libc.a(lib_a-locale.o)
 .data.lconv    0x000000000009b18c       0x38 ../RansacSoftware_bsp//newlib/nios2-elf/lib\libc.a(lib_a-locale.o)
 .data          0x000000000009b1c4        0x0 ../RansacSoftware_bsp//newlib/nios2-elf/lib\libc.a(lib_a-lseekr.o)
 .data          0x000000000009b1c4        0x0 ../RansacSoftware_bsp//newlib/nios2-elf/lib\libc.a(lib_a-mbrtowc.o)
 .data          0x000000000009b1c4        0x0 ../RansacSoftware_bsp//newlib/nios2-elf/lib\libc.a(lib_a-mbtowc_r.o)
 .data          0x000000000009b1c4        0x0 ../RansacSoftware_bsp//newlib/nios2-elf/lib\libc.a(lib_a-memchr.o)
 .data          0x000000000009b1c4        0x0 ../RansacSoftware_bsp//newlib/nios2-elf/lib\libc.a(lib_a-memcpy.o)
 .data          0x000000000009b1c4        0x0 ../RansacSoftware_bsp//newlib/nios2-elf/lib\libc.a(lib_a-memmove.o)
 .data          0x000000000009b1c4        0x0 ../RansacSoftware_bsp//newlib/nios2-elf/lib\libc.a(lib_a-mprec.o)
 .data          0x000000000009b1c4        0x0 ../RansacSoftware_bsp//newlib/nios2-elf/lib\libc.a(lib_a-readr.o)
 .data          0x000000000009b1c4        0x0 ../RansacSoftware_bsp//newlib/nios2-elf/lib\libc.a(lib_a-reallocr.o)
 .data          0x000000000009b1c4        0x0 ../RansacSoftware_bsp//newlib/nios2-elf/lib\libc.a(lib_a-s_fpclassify.o)
 .data          0x000000000009b1c4        0x0 ../RansacSoftware_bsp//newlib/nios2-elf/lib\libc.a(lib_a-sccl.o)
 .data          0x000000000009b1c4        0x0 ../RansacSoftware_bsp//newlib/nios2-elf/lib\libc.a(lib_a-sf_nan.o)
 .data          0x000000000009b1c4        0x0 ../RansacSoftware_bsp//newlib/nios2-elf/lib\libc.a(lib_a-sprintf.o)
 .data          0x000000000009b1c4        0x0 ../RansacSoftware_bsp//newlib/nios2-elf/lib\libc.a(lib_a-strcmp.o)
 .data          0x000000000009b1c4        0x0 ../RansacSoftware_bsp//newlib/nios2-elf/lib\libc.a(lib_a-strtod.o)
 .data          0x000000000009b1c4        0x0 ../RansacSoftware_bsp//newlib/nios2-elf/lib\libc.a(lib_a-strtol.o)
 .data          0x000000000009b1c4        0x0 ../RansacSoftware_bsp//newlib/nios2-elf/lib\libc.a(lib_a-strtoll_r.o)
 .data          0x000000000009b1c4        0x0 ../RansacSoftware_bsp//newlib/nios2-elf/lib\libc.a(lib_a-strtoul.o)
 .data          0x000000000009b1c4        0x0 ../RansacSoftware_bsp//newlib/nios2-elf/lib\libc.a(lib_a-strtoull_r.o)
 .data          0x000000000009b1c4        0x0 ../RansacSoftware_bsp//newlib/nios2-elf/lib\libc.a(lib_a-svfprintf.o)
 .data          0x000000000009b1c4        0x0 ../RansacSoftware_bsp//newlib/nios2-elf/lib\libc.a(lib_a-ungetc.o)
 .data          0x000000000009b1c4        0x0 ../RansacSoftware_bsp//newlib/nios2-elf/lib\libc.a(lib_a-vfiprintf.o)
 .data          0x000000000009b1c4        0x0 ../RansacSoftware_bsp//newlib/nios2-elf/lib\libc.a(lib_a-callocr.o)
 .data          0x000000000009b1c4        0x0 ../RansacSoftware_bsp//newlib/nios2-elf/lib\libc.a(lib_a-fputwc.o)
 .data          0x000000000009b1c4        0x0 ../RansacSoftware_bsp//newlib/nios2-elf/lib\libc.a(lib_a-gdtoa-gethex.o)
 .data          0x000000000009b1c4        0x0 ../RansacSoftware_bsp//newlib/nios2-elf/lib\libc.a(lib_a-gdtoa-hexnan.o)
 .data          0x000000000009b1c4        0x0 ../RansacSoftware_bsp//newlib/nios2-elf/lib\libc.a(lib_a-strncmp.o)
 .data          0x000000000009b1c4        0x0 ../RansacSoftware_bsp//newlib/nios2-elf/lib\libc.a(lib_a-svfiprintf.o)
 .data          0x000000000009b1c4        0x0 ../RansacSoftware_bsp//newlib/nios2-elf/lib\libc.a(lib_a-wcrtomb.o)
 .data          0x000000000009b1c4        0x0 ../RansacSoftware_bsp//newlib/nios2-elf/lib\libc.a(lib_a-wctomb_r.o)
 .data          0x000000000009b1c4        0x0 c:/intelfpga_lite/18.1/nios2eds/bin/gnu/h-x86_64-mingw32/bin/../lib/gcc/nios2-elf/5.3.0/mno-hw-mul\libgcc.a(_muldi3.o)
 .data          0x000000000009b1c4        0x0 c:/intelfpga_lite/18.1/nios2eds/bin/gnu/h-x86_64-mingw32/bin/../lib/gcc/nios2-elf/5.3.0/mno-hw-mul\libgcc.a(_fixunsdfsi.o)
 .data          0x000000000009b1c4        0x0 c:/intelfpga_lite/18.1/nios2eds/bin/gnu/h-x86_64-mingw32/bin/../lib/gcc/nios2-elf/5.3.0/mno-hw-mul\libgcc.a(_udivdi3.o)
 .data          0x000000000009b1c4        0x0 c:/intelfpga_lite/18.1/nios2eds/bin/gnu/h-x86_64-mingw32/bin/../lib/gcc/nios2-elf/5.3.0/mno-hw-mul\libgcc.a(_umoddi3.o)
 .data          0x000000000009b1c4        0x0 c:/intelfpga_lite/18.1/nios2eds/bin/gnu/h-x86_64-mingw32/bin/../lib/gcc/nios2-elf/5.3.0/mno-hw-mul\libgcc.a(eqdf2.o)
 .data          0x000000000009b1c4        0x0 c:/intelfpga_lite/18.1/nios2eds/bin/gnu/h-x86_64-mingw32/bin/../lib/gcc/nios2-elf/5.3.0/mno-hw-mul\libgcc.a(floatunsidf.o)
 .data          0x000000000009b1c4        0x0 ../RansacSoftware_bsp/\libhal_bsp.a(alt_close.o)
 .data          0x000000000009b1c4      0x1a8 ../RansacSoftware_bsp/\libhal_bsp.a(alt_dev.o)
                0x000000000009b1c4                alt_fd_list
                0x000000000009b344                alt_dev_null
 .data          0x000000000009b36c        0x0 ../RansacSoftware_bsp/\libhal_bsp.a(alt_errno.o)
 .data          0x000000000009b36c        0x0 ../RansacSoftware_bsp/\libhal_bsp.a(alt_exit.o)
 .data          0x000000000009b36c        0x0 ../RansacSoftware_bsp/\libhal_bsp.a(alt_fstat.o)
 .data          0x000000000009b36c        0x0 ../RansacSoftware_bsp/\libhal_bsp.a(alt_isatty.o)
 .data          0x000000000009b36c        0x0 ../RansacSoftware_bsp/\libhal_bsp.a(alt_load.o)
 .data          0x000000000009b36c        0x0 ../RansacSoftware_bsp/\libhal_bsp.a(alt_lseek.o)
 .data          0x000000000009b36c        0x0 ../RansacSoftware_bsp/\libhal_bsp.a(alt_main.o)
 .data          0x000000000009b36c        0x0 ../RansacSoftware_bsp/\libhal_bsp.a(alt_malloc_lock.o)
 .data          0x000000000009b36c        0x0 ../RansacSoftware_bsp/\libhal_bsp.a(alt_open.o)
 .data          0x000000000009b36c        0x0 ../RansacSoftware_bsp/\libhal_bsp.a(alt_read.o)
 .data          0x000000000009b36c        0x0 ../RansacSoftware_bsp/\libhal_bsp.a(alt_release_fd.o)
 .data          0x000000000009b36c        0x0 ../RansacSoftware_bsp/\libhal_bsp.a(alt_sbrk.o)
 .data          0x000000000009b36c        0x0 ../RansacSoftware_bsp/\libhal_bsp.a(alt_write.o)
 .data          0x000000000009b36c     0x1088 ../RansacSoftware_bsp/\libhal_bsp.a(alt_sys_init.o)
 .data          0x000000000009c3f4        0x0 ../RansacSoftware_bsp/\libhal_bsp.a(altera_avalon_jtag_uart_fd.o)
 .data          0x000000000009c3f4        0x0 ../RansacSoftware_bsp/\libhal_bsp.a(altera_avalon_jtag_uart_init.o)
 .data          0x000000000009c3f4        0x0 ../RansacSoftware_bsp/\libhal_bsp.a(altera_avalon_jtag_uart_ioctl.o)
 .data          0x000000000009c3f4        0x0 ../RansacSoftware_bsp/\libhal_bsp.a(altera_avalon_jtag_uart_read.o)
 .data          0x000000000009c3f4        0x0 ../RansacSoftware_bsp/\libhal_bsp.a(altera_avalon_jtag_uart_write.o)
 .data          0x000000000009c3f4        0x0 ../RansacSoftware_bsp/\libhal_bsp.a(altera_hostfs.o)
 .data          0x000000000009c3f4        0x0 ../RansacSoftware_bsp/\libhal_bsp.a(alt_alarm_start.o)
 .data          0x000000000009c3f4        0x0 ../RansacSoftware_bsp/\libhal_bsp.a(alt_dcache_flush_all.o)
 .data          0x000000000009c3f4        0x0 ../RansacSoftware_bsp/\libhal_bsp.a(alt_dev_llist_insert.o)
 .data          0x000000000009c3f4        0x0 ../RansacSoftware_bsp/\libhal_bsp.a(alt_do_ctors.o)
 .data          0x000000000009c3f4        0x0 ../RansacSoftware_bsp/\libhal_bsp.a(alt_do_dtors.o)
 .data          0x000000000009c3f4        0x0 ../RansacSoftware_bsp/\libhal_bsp.a(alt_find_dev.o)
 .data          0x000000000009c3f4        0x0 ../RansacSoftware_bsp/\libhal_bsp.a(alt_find_file.o)
 .data          0x000000000009c3f4        0x0 ../RansacSoftware_bsp/\libhal_bsp.a(alt_fs_reg.o)
 .data          0x000000000009c3f4        0x0 ../RansacSoftware_bsp/\libhal_bsp.a(alt_get_fd.o)
 .data          0x000000000009c3f4        0x0 ../RansacSoftware_bsp/\libhal_bsp.a(alt_icache_flush_all.o)
 .data          0x000000000009c3f4        0x0 ../RansacSoftware_bsp/\libhal_bsp.a(alt_iic.o)
 .data          0x000000000009c3f4        0x0 ../RansacSoftware_bsp/\libhal_bsp.a(alt_iic_isr_register.o)
 .data          0x000000000009c3f4        0x0 ../RansacSoftware_bsp/\libhal_bsp.a(alt_io_redirect.o)
 .data          0x000000000009c3f4        0x0 ../RansacSoftware_bsp/\libhal_bsp.a(alt_irq_entry.o)
 .data          0x000000000009c3f4        0x0 ../RansacSoftware_bsp/\libhal_bsp.a(alt_irq_handler.o)
 .data          0x000000000009c3f4        0x0 ../RansacSoftware_bsp/\libhal_bsp.a(alt_irq_vars.o)
 .data          0x000000000009c3f4        0x0 ../RansacSoftware_bsp/\libhal_bsp.a(alt_tick.o)
 .data          0x000000000009c3f4        0x0 ../RansacSoftware_bsp/\libhal_bsp.a(altera_nios2_gen2_irq.o)
 .data          0x000000000009c3f4        0x0 ../RansacSoftware_bsp/\libhal_bsp.a(alt_exception_entry.o)
 .data          0x000000000009c3f4        0x0 ../RansacSoftware_bsp/\libhal_bsp.a(alt_instruction_exception_entry.o)
 .data          0x000000000009c3f4        0x0 ../RansacSoftware_bsp//newlib/nios2-elf/lib\libc.a(lib_a-atexit.o)
 .data          0x000000000009c3f4        0x0 ../RansacSoftware_bsp//newlib/nios2-elf/lib\libc.a(lib_a-memcmp.o)
 .data          0x000000000009c3f4        0x0 ../RansacSoftware_bsp//newlib/nios2-elf/lib\libc.a(lib_a-__atexit.o)
                0x00000000000a43f4                _gp = ABSOLUTE ((. + 0x8000))
                [!provide]                        PROVIDE (gp, _gp)
 *(.rwdata .rwdata.*)
 *(.sdata .sdata.* .gnu.linkonce.s.*)
 .sdata._global_impure_ptr
                0x000000000009c3f4        0x4 ../RansacSoftware_bsp//newlib/nios2-elf/lib\libc.a(lib_a-impure.o)
                0x000000000009c3f4                _global_impure_ptr
 .sdata._impure_ptr
                0x000000000009c3f8        0x4 ../RansacSoftware_bsp//newlib/nios2-elf/lib\libc.a(lib_a-impure.o)
                0x000000000009c3f8                _impure_ptr
 .sdata.__malloc_sbrk_base
                0x000000000009c3fc        0x4 ../RansacSoftware_bsp//newlib/nios2-elf/lib\libc.a(lib_a-mallocr.o)
                0x000000000009c3fc                __malloc_sbrk_base
 .sdata.__malloc_trim_threshold
                0x000000000009c400        0x4 ../RansacSoftware_bsp//newlib/nios2-elf/lib\libc.a(lib_a-mallocr.o)
                0x000000000009c400                __malloc_trim_threshold
 .sdata.__ctype_ptr__
                0x000000000009c404        0x4 ../RansacSoftware_bsp//newlib/nios2-elf/lib\libc.a(lib_a-ctype_.o)
                0x000000000009c404                __ctype_ptr__
 .sdata.__mb_cur_max
                0x000000000009c408        0x4 ../RansacSoftware_bsp//newlib/nios2-elf/lib\libc.a(lib_a-locale.o)
                0x000000000009c408                __mb_cur_max
 .sdata.__mbtowc
                0x000000000009c40c        0x4 ../RansacSoftware_bsp//newlib/nios2-elf/lib\libc.a(lib_a-mbtowc_r.o)
                0x000000000009c40c                __mbtowc
 .sdata.__wctomb
                0x000000000009c410        0x4 ../RansacSoftware_bsp//newlib/nios2-elf/lib\libc.a(lib_a-wctomb_r.o)
                0x000000000009c410                __wctomb
 .sdata         0x000000000009c414       0x14 ../RansacSoftware_bsp/\libhal_bsp.a(alt_dev.o)
                0x000000000009c414                alt_max_fd
                0x000000000009c418                alt_dev_list
                0x000000000009c420                alt_fs_list
 .sdata         0x000000000009c428        0x4 ../RansacSoftware_bsp/\libhal_bsp.a(alt_errno.o)
                0x000000000009c428                alt_errno
 .sdata         0x000000000009c42c        0x4 ../RansacSoftware_bsp/\libhal_bsp.a(alt_sbrk.o)
 .sdata         0x000000000009c430       0x45 ../RansacSoftware_bsp/\libhal_bsp.a(altera_hostfs.o)
 *fill*         0x000000000009c475        0x3 
 .sdata         0x000000000009c478        0x4 ../RansacSoftware_bsp/\libhal_bsp.a(alt_irq_vars.o)
                0x000000000009c478                alt_priority_mask
 .sdata         0x000000000009c47c        0x8 ../RansacSoftware_bsp/\libhal_bsp.a(alt_tick.o)
                0x000000000009c47c                alt_alarm_list
 *(.sdata2 .sdata2.* .gnu.linkonce.s2.*)
                0x000000000009c484                . = ALIGN (0x4)
                0x000000000009c484                _edata = ABSOLUTE (.)
                [!provide]                        PROVIDE (edata, ABSOLUTE (.))
                0x000000000009c484                PROVIDE (__ram_rwdata_end, ABSOLUTE (.))
                0x000000000009c484                PROVIDE (__flash_rwdata_start, LOADADDR (.rwdata))

.bss            0x000000000009dfe8      0x180
                0x000000000009dfe8                __bss_start = ABSOLUTE (.)
                [!provide]                        PROVIDE (__sbss_start, ABSOLUTE (.))
                [!provide]                        PROVIDE (___sbss_start, ABSOLUTE (.))
 *(.dynsbss)
 *(.sbss .sbss.* .gnu.linkonce.sb.*)
 .sbss          0x000000000009dfe8       0x20 obj/default/main.o
                0x000000000009dfe8                getAngleFromModel_counter
                0x000000000009dfec                inliersOutliers_counter
                0x000000000009dff0                calculateIntersection_counter
                0x000000000009dff4                square_root_counter
                0x000000000009dff8                coefficientOfDetermination_counter
                0x000000000009dffc                inliersOutliersMemory_counter
                0x000000000009e000                leastSquare_counter
                0x000000000009e004                squareDistanceBetweenPoints_counter
 .sbss          0x000000000009e008        0x4 ../RansacSoftware_bsp//newlib/nios2-elf/lib\libc.a(lib_a-int_errno.o)
                0x000000000009e008                errno
 .sbss.__malloc_max_total_mem
                0x000000000009e00c        0x4 ../RansacSoftware_bsp//newlib/nios2-elf/lib\libc.a(lib_a-mallocr.o)
                0x000000000009e00c                __malloc_max_total_mem
 .sbss.__malloc_max_sbrked_mem
                0x000000000009e010        0x4 ../RansacSoftware_bsp//newlib/nios2-elf/lib\libc.a(lib_a-mallocr.o)
                0x000000000009e010                __malloc_max_sbrked_mem
 .sbss.__malloc_top_pad
                0x000000000009e014        0x4 ../RansacSoftware_bsp//newlib/nios2-elf/lib\libc.a(lib_a-mallocr.o)
                0x000000000009e014                __malloc_top_pad
 .sbss._PathLocale
                0x000000000009e018        0x4 ../RansacSoftware_bsp//newlib/nios2-elf/lib\libc.a(lib_a-locale.o)
                0x000000000009e018                _PathLocale
 .sbss.__mlocale_changed
                0x000000000009e01c        0x4 ../RansacSoftware_bsp//newlib/nios2-elf/lib\libc.a(lib_a-locale.o)
                0x000000000009e01c                __mlocale_changed
 .sbss.__nlocale_changed
                0x000000000009e020        0x4 ../RansacSoftware_bsp//newlib/nios2-elf/lib\libc.a(lib_a-locale.o)
                0x000000000009e020                __nlocale_changed
 .sbss          0x000000000009e024        0xc ../RansacSoftware_bsp/\libhal_bsp.a(alt_main.o)
                0x000000000009e024                alt_envp
                0x000000000009e028                alt_argv
                0x000000000009e02c                alt_argc
 .sbss          0x000000000009e030        0x4 ../RansacSoftware_bsp/\libhal_bsp.a(alt_irq_vars.o)
                0x000000000009e030                alt_irq_active
 .sbss          0x000000000009e034        0x8 ../RansacSoftware_bsp/\libhal_bsp.a(alt_tick.o)
                0x000000000009e034                _alt_nticks
                0x000000000009e038                _alt_tick_rate
 .sbss          0x000000000009e03c        0x4 ../RansacSoftware_bsp/\libhal_bsp.a(alt_instruction_exception_entry.o)
                0x000000000009e03c                alt_instruction_exception_handler
 *(.sbss2 .sbss2.* .gnu.linkonce.sb2.*)
 *(.scommon)
                [!provide]                        PROVIDE (__sbss_end, ABSOLUTE (.))
                [!provide]                        PROVIDE (___sbss_end, ABSOLUTE (.))
 *(.dynbss)
 *(.bss .bss.* .gnu.linkonce.b.*)
 .bss           0x000000000009e040        0x0 ../RansacSoftware_bsp//obj/HAL/src/crt0.o
 .bss           0x000000000009e040        0x0 obj/default/main.o
 .bss           0x000000000009e040        0x0 obj/default/ransac.o
 .bss           0x000000000009e040        0x0 ../RansacSoftware_bsp//newlib/nios2-elf/lib\libm.a(lib_a-s_atan.o)
 .bss           0x000000000009e040        0x0 ../RansacSoftware_bsp//newlib/nios2-elf/lib\libm.a(lib_a-s_fabs.o)
 .bss           0x000000000009e040        0x0 c:/intelfpga_lite/18.1/nios2eds/bin/gnu/h-x86_64-mingw32/bin/../lib/gcc/nios2-elf/5.3.0/mno-hw-mul\libgcc.a(lib2-divmod.o)
 .bss           0x000000000009e040        0x0 c:/intelfpga_lite/18.1/nios2eds/bin/gnu/h-x86_64-mingw32/bin/../lib/gcc/nios2-elf/5.3.0/mno-hw-mul\libgcc.a(lib2-mul.o)
 .bss           0x000000000009e040        0x0 c:/intelfpga_lite/18.1/nios2eds/bin/gnu/h-x86_64-mingw32/bin/../lib/gcc/nios2-elf/5.3.0/mno-hw-mul\libgcc.a(adddf3.o)
 .bss           0x000000000009e040        0x0 c:/intelfpga_lite/18.1/nios2eds/bin/gnu/h-x86_64-mingw32/bin/../lib/gcc/nios2-elf/5.3.0/mno-hw-mul\libgcc.a(divdf3.o)
 .bss           0x000000000009e040        0x0 c:/intelfpga_lite/18.1/nios2eds/bin/gnu/h-x86_64-mingw32/bin/../lib/gcc/nios2-elf/5.3.0/mno-hw-mul\libgcc.a(gedf2.o)
 .bss           0x000000000009e040        0x0 c:/intelfpga_lite/18.1/nios2eds/bin/gnu/h-x86_64-mingw32/bin/../lib/gcc/nios2-elf/5.3.0/mno-hw-mul\libgcc.a(ledf2.o)
 .bss           0x000000000009e040        0x0 c:/intelfpga_lite/18.1/nios2eds/bin/gnu/h-x86_64-mingw32/bin/../lib/gcc/nios2-elf/5.3.0/mno-hw-mul\libgcc.a(muldf3.o)
 .bss           0x000000000009e040        0x0 c:/intelfpga_lite/18.1/nios2eds/bin/gnu/h-x86_64-mingw32/bin/../lib/gcc/nios2-elf/5.3.0/mno-hw-mul\libgcc.a(subdf3.o)
 .bss           0x000000000009e040        0x0 c:/intelfpga_lite/18.1/nios2eds/bin/gnu/h-x86_64-mingw32/bin/../lib/gcc/nios2-elf/5.3.0/mno-hw-mul\libgcc.a(fixdfsi.o)
 .bss           0x000000000009e040        0x0 c:/intelfpga_lite/18.1/nios2eds/bin/gnu/h-x86_64-mingw32/bin/../lib/gcc/nios2-elf/5.3.0/mno-hw-mul\libgcc.a(floatsidf.o)
 .bss           0x000000000009e040        0x0 c:/intelfpga_lite/18.1/nios2eds/bin/gnu/h-x86_64-mingw32/bin/../lib/gcc/nios2-elf/5.3.0/mno-hw-mul\libgcc.a(extendsfdf2.o)
 .bss           0x000000000009e040        0x0 c:/intelfpga_lite/18.1/nios2eds/bin/gnu/h-x86_64-mingw32/bin/../lib/gcc/nios2-elf/5.3.0/mno-hw-mul\libgcc.a(truncdfsf2.o)
 .bss           0x000000000009e040        0x0 c:/intelfpga_lite/18.1/nios2eds/bin/gnu/h-x86_64-mingw32/bin/../lib/gcc/nios2-elf/5.3.0/mno-hw-mul\libgcc.a(_clzsi2.o)
 .bss           0x000000000009e040        0x0 c:/intelfpga_lite/18.1/nios2eds/bin/gnu/h-x86_64-mingw32/bin/../lib/gcc/nios2-elf/5.3.0/mno-hw-mul\libgcc.a(_clz.o)
 .bss           0x000000000009e040        0x0 ../RansacSoftware_bsp//newlib/nios2-elf/lib\libc.a(lib_a-exit.o)
 .bss           0x000000000009e040        0x0 ../RansacSoftware_bsp//newlib/nios2-elf/lib\libc.a(lib_a-fclose.o)
 .bss           0x000000000009e040        0x0 ../RansacSoftware_bsp//newlib/nios2-elf/lib\libc.a(lib_a-fflush.o)
 .bss           0x000000000009e040        0x0 ../RansacSoftware_bsp//newlib/nios2-elf/lib\libc.a(lib_a-findfp.o)
 .bss           0x000000000009e040        0x0 ../RansacSoftware_bsp//newlib/nios2-elf/lib\libc.a(lib_a-fopen.o)
 .bss           0x000000000009e040        0x0 ../RansacSoftware_bsp//newlib/nios2-elf/lib\libc.a(lib_a-fprintf.o)
 .bss           0x000000000009e040        0x0 ../RansacSoftware_bsp//newlib/nios2-elf/lib\libc.a(lib_a-fputc.o)
 .bss           0x000000000009e040        0x0 ../RansacSoftware_bsp//newlib/nios2-elf/lib\libc.a(lib_a-freer.o)
 .bss           0x000000000009e040        0x0 ../RansacSoftware_bsp//newlib/nios2-elf/lib\libc.a(lib_a-fscanf.o)
 .bss           0x000000000009e040        0x0 ../RansacSoftware_bsp//newlib/nios2-elf/lib\libc.a(lib_a-fseek.o)
 .bss           0x000000000009e040        0x0 ../RansacSoftware_bsp//newlib/nios2-elf/lib\libc.a(lib_a-fseeko.o)
 .bss           0x000000000009e040        0x0 ../RansacSoftware_bsp//newlib/nios2-elf/lib\libc.a(lib_a-fstatr.o)
 .bss           0x000000000009e040        0x0 ../RansacSoftware_bsp//newlib/nios2-elf/lib\libc.a(lib_a-fwalk.o)
 .bss           0x000000000009e040        0x0 ../RansacSoftware_bsp//newlib/nios2-elf/lib\libc.a(lib_a-fwrite.o)
 .bss           0x000000000009e040        0x0 ../RansacSoftware_bsp//newlib/nios2-elf/lib\libc.a(lib_a-impure.o)
 .bss           0x000000000009e040        0x0 ../RansacSoftware_bsp//newlib/nios2-elf/lib\libc.a(lib_a-int_errno.o)
 .bss           0x000000000009e040        0x0 ../RansacSoftware_bsp//newlib/nios2-elf/lib\libc.a(lib_a-makebuf.o)
 .bss           0x000000000009e040        0x0 ../RansacSoftware_bsp//newlib/nios2-elf/lib\libc.a(lib_a-mallocr.o)
 .bss.__malloc_current_mallinfo
                0x000000000009e040       0x28 ../RansacSoftware_bsp//newlib/nios2-elf/lib\libc.a(lib_a-mallocr.o)
                0x000000000009e040                __malloc_current_mallinfo
 .bss           0x000000000009e068        0x0 ../RansacSoftware_bsp//newlib/nios2-elf/lib\libc.a(lib_a-memset.o)
 .bss           0x000000000009e068        0x0 ../RansacSoftware_bsp//newlib/nios2-elf/lib\libc.a(lib_a-openr.o)
 .bss           0x000000000009e068        0x0 ../RansacSoftware_bsp//newlib/nios2-elf/lib\libc.a(lib_a-putc.o)